event: itlb_misses.walk_completed_4k:u
cpu: 4
round limit: 5

--- round 1 ---
$ perf stat --no-big-num --no-scale -x ';' -o /users/moneytea/dev/deterministic-test/results/skx/xeon-silver-4114-step4-2/workers/cpu4/perf.tmp -e itlb_misses.walk_completed_4k:u -- /users/moneytea/dev/deterministic/static/binaries/retired_instr.all.x86_64

# started on Sat Sep 19 18:08:26 2026

5;;itlb_misses.walk_completed_4k:u;3126191293;100.00;;

parsed count: 5
exit: 0

--- round 2 ---
$ perf stat --no-big-num --no-scale -x ';' -o /users/moneytea/dev/deterministic-test/results/skx/xeon-silver-4114-step4-2/workers/cpu4/perf.tmp -e itlb_misses.walk_completed_4k:u -- /users/moneytea/dev/deterministic/static/binaries/retired_instr.all.x86_64

# started on Sat Sep 19 18:08:29 2026

5;;itlb_misses.walk_completed_4k:u;3127019411;100.00;;

parsed count: 5
exit: 0

--- round 3 ---
$ perf stat --no-big-num --no-scale -x ';' -o /users/moneytea/dev/deterministic-test/results/skx/xeon-silver-4114-step4-2/workers/cpu4/perf.tmp -e itlb_misses.walk_completed_4k:u -- /users/moneytea/dev/deterministic/static/binaries/retired_instr.all.x86_64

# started on Sat Sep 19 18:08:33 2026

5;;itlb_misses.walk_completed_4k:u;3125951859;100.00;;

parsed count: 5
exit: 0

--- round 4 ---
$ perf stat --no-big-num --no-scale -x ';' -o /users/moneytea/dev/deterministic-test/results/skx/xeon-silver-4114-step4-2/workers/cpu4/perf.tmp -e itlb_misses.walk_completed_4k:u -- /users/moneytea/dev/deterministic/static/binaries/retired_instr.all.x86_64

# started on Sat Sep 19 18:08:36 2026

5;;itlb_misses.walk_completed_4k:u;3124594456;100.00;;

parsed count: 5
exit: 0

--- round 5 ---
$ perf stat --no-big-num --no-scale -x ';' -o /users/moneytea/dev/deterministic-test/results/skx/xeon-silver-4114-step4-2/workers/cpu4/perf.tmp -e itlb_misses.walk_completed_4k:u -- /users/moneytea/dev/deterministic/static/binaries/retired_instr.all.x86_64

# started on Sat Sep 19 18:08:39 2026

6;;itlb_misses.walk_completed_4k:u;3129905294;100.00;;

parsed count: 6
exit: 0

result: Non-deterministic
rounds attempted: 5

