event: br_inst_retired.conditional:u
cpu: 4
round limit: 5

--- round 1 ---
$ perf stat --no-big-num --no-scale -x ';' -o /users/moneytea/dev/deterministic-test/results/skx/xeon-silver-4114-step4-2/workers/cpu4/perf.tmp -e br_inst_retired.conditional:u -- /users/moneytea/dev/deterministic/static/binaries/retired_instr.all.x86_64

# started on Sat Sep 19 18:07:39 2026

8220000;;br_inst_retired.conditional:u;3126979114;100.00;;

parsed count: 8220000
exit: 0

--- round 2 ---
$ perf stat --no-big-num --no-scale -x ';' -o /users/moneytea/dev/deterministic-test/results/skx/xeon-silver-4114-step4-2/workers/cpu4/perf.tmp -e br_inst_retired.conditional:u -- /users/moneytea/dev/deterministic/static/binaries/retired_instr.all.x86_64

# started on Sat Sep 19 18:07:42 2026

8220000;;br_inst_retired.conditional:u;3125761165;100.00;;

parsed count: 8220000
exit: 0

--- round 3 ---
$ perf stat --no-big-num --no-scale -x ';' -o /users/moneytea/dev/deterministic-test/results/skx/xeon-silver-4114-step4-2/workers/cpu4/perf.tmp -e br_inst_retired.conditional:u -- /users/moneytea/dev/deterministic/static/binaries/retired_instr.all.x86_64

# started on Sat Sep 19 18:07:45 2026

8220000;;br_inst_retired.conditional:u;3130717395;100.00;;

parsed count: 8220000
exit: 0

--- round 4 ---
$ perf stat --no-big-num --no-scale -x ';' -o /users/moneytea/dev/deterministic-test/results/skx/xeon-silver-4114-step4-2/workers/cpu4/perf.tmp -e br_inst_retired.conditional:u -- /users/moneytea/dev/deterministic/static/binaries/retired_instr.all.x86_64

# started on Sat Sep 19 18:07:48 2026

8220000;;br_inst_retired.conditional:u;3127935266;100.00;;

parsed count: 8220000
exit: 0

--- round 5 ---
$ perf stat --no-big-num --no-scale -x ';' -o /users/moneytea/dev/deterministic-test/results/skx/xeon-silver-4114-step4-2/workers/cpu4/perf.tmp -e br_inst_retired.conditional:u -- /users/moneytea/dev/deterministic/static/binaries/retired_instr.all.x86_64

# started on Sat Sep 19 18:07:51 2026

8220000;;br_inst_retired.conditional:u;3133445109;100.00;;

parsed count: 8220000
exit: 0

result: Potentially deterministic
rounds attempted: 5

