event: dtlb_load_misses.walk_completed_2m_4m:u
cpu: 6
round limit: 5

--- round 1 ---
$ perf stat --no-big-num --no-scale -x ';' -o /users/moneytea/dev/deterministic-test/results/skx/xeon-silver-4114-step4-2/workers/cpu6/perf.tmp -e dtlb_load_misses.walk_completed_2m_4m:u -- /users/moneytea/dev/deterministic/static/binaries/retired_instr.all.x86_64

# started on Sat Sep 19 18:08:20 2026

0;;dtlb_load_misses.walk_completed_2m_4m:u;3121001495;100.00;;

parsed count: 0
exit: 0

--- round 2 ---
$ perf stat --no-big-num --no-scale -x ';' -o /users/moneytea/dev/deterministic-test/results/skx/xeon-silver-4114-step4-2/workers/cpu6/perf.tmp -e dtlb_load_misses.walk_completed_2m_4m:u -- /users/moneytea/dev/deterministic/static/binaries/retired_instr.all.x86_64

# started on Sat Sep 19 18:08:23 2026

0;;dtlb_load_misses.walk_completed_2m_4m:u;3121405757;100.00;;

parsed count: 0
exit: 0

--- round 3 ---
$ perf stat --no-big-num --no-scale -x ';' -o /users/moneytea/dev/deterministic-test/results/skx/xeon-silver-4114-step4-2/workers/cpu6/perf.tmp -e dtlb_load_misses.walk_completed_2m_4m:u -- /users/moneytea/dev/deterministic/static/binaries/retired_instr.all.x86_64

# started on Sat Sep 19 18:08:26 2026

0;;dtlb_load_misses.walk_completed_2m_4m:u;3122663747;100.00;;

parsed count: 0
exit: 0

--- round 4 ---
$ perf stat --no-big-num --no-scale -x ';' -o /users/moneytea/dev/deterministic-test/results/skx/xeon-silver-4114-step4-2/workers/cpu6/perf.tmp -e dtlb_load_misses.walk_completed_2m_4m:u -- /users/moneytea/dev/deterministic/static/binaries/retired_instr.all.x86_64

# started on Sat Sep 19 18:08:29 2026

0;;dtlb_load_misses.walk_completed_2m_4m:u;3136094960;100.00;;

parsed count: 0
exit: 0

--- round 5 ---
$ perf stat --no-big-num --no-scale -x ';' -o /users/moneytea/dev/deterministic-test/results/skx/xeon-silver-4114-step4-2/workers/cpu6/perf.tmp -e dtlb_load_misses.walk_completed_2m_4m:u -- /users/moneytea/dev/deterministic/static/binaries/retired_instr.all.x86_64

# started on Sat Sep 19 18:08:32 2026

0;;dtlb_load_misses.walk_completed_2m_4m:u;3121371500;100.00;;

parsed count: 0
exit: 0

result: Zero-only
rounds attempted: 5
all rounds returned zero; inconclusive
