event: fp_arith_inst_retired.scalar_double:u
cpu: 12
round limit: 20

--- preliminary count ---
count: 1900000
period: 950000

--- round 1 ---
count at stop: 950000
skid: 0
instruction pointer: 0x402905

--- round 2 ---
count at stop: 950000
skid: 0
instruction pointer: 0x402905

--- round 3 ---
count at stop: 950000
skid: 0
instruction pointer: 0x402905

--- round 4 ---
count at stop: 950000
skid: 0
instruction pointer: 0x402905

--- round 5 ---
count at stop: 950000
skid: 0
instruction pointer: 0x402905

--- round 6 ---
count at stop: 950000
skid: 0
instruction pointer: 0x402905

--- round 7 ---
count at stop: 950000
skid: 0
instruction pointer: 0x402905

--- round 8 ---
count at stop: 950000
skid: 0
instruction pointer: 0x402905

--- round 9 ---
count at stop: 950000
skid: 0
instruction pointer: 0x402905

--- round 10 ---
count at stop: 950000
skid: 0
instruction pointer: 0x402905

--- round 11 ---
count at stop: 950000
skid: 0
instruction pointer: 0x402905

--- round 12 ---
count at stop: 950000
skid: 0
instruction pointer: 0x402905

--- round 13 ---
count at stop: 950000
skid: 0
instruction pointer: 0x402905

--- round 14 ---
count at stop: 950000
skid: 0
instruction pointer: 0x402905

--- round 15 ---
count at stop: 950000
skid: 0
instruction pointer: 0x402905

--- round 16 ---
count at stop: 950000
skid: 0
instruction pointer: 0x402905

--- round 17 ---
count at stop: 950000
skid: 0
instruction pointer: 0x402905

--- round 18 ---
count at stop: 950000
skid: 0
instruction pointer: 0x402905

--- round 19 ---
count at stop: 950000
skid: 0
instruction pointer: 0x402905

--- round 20 ---
count at stop: 950000
skid: 0
instruction pointer: 0x402905

result: Potentially deterministic
successful rounds: 20/20
