event: br_inst_retired.cond:u
cpu: 0
round limit: 100
overflow threshold: 104241

--- round 1 ---
count at stop: 104254
skid: 13
instruction pointer: 0x40121d

--- round 2 ---
count at stop: 104247
skid: 6
instruction pointer: 0x401208

--- round 3 ---
count at stop: 104248
skid: 7
instruction pointer: 0x40120b

--- round 4 ---
count at stop: 104246
skid: 5
instruction pointer: 0x401205

--- round 5 ---
count at stop: 104250
skid: 9
instruction pointer: 0x401211

--- round 6 ---
count at stop: 104246
skid: 5
instruction pointer: 0x401205

--- round 7 ---
count at stop: 104254
skid: 13
instruction pointer: 0x40121d

--- round 8 ---
count at stop: 104254
skid: 13
instruction pointer: 0x40121d

--- round 9 ---
count at stop: 104252
skid: 11
instruction pointer: 0x401217

--- round 10 ---
count at stop: 104253
skid: 12
instruction pointer: 0x40121a

--- round 11 ---
count at stop: 104247
skid: 6
instruction pointer: 0x401208

--- round 12 ---
count at stop: 104247
skid: 6
instruction pointer: 0x401208

--- round 13 ---
count at stop: 104250
skid: 9
instruction pointer: 0x401211

--- round 14 ---
count at stop: 104247
skid: 6
instruction pointer: 0x401208

--- round 15 ---
count at stop: 104246
skid: 5
instruction pointer: 0x401205

--- round 16 ---
count at stop: 104247
skid: 6
instruction pointer: 0x401208

--- round 17 ---
count at stop: 104250
skid: 9
instruction pointer: 0x401211

--- round 18 ---
count at stop: 104250
skid: 9
instruction pointer: 0x401211

--- round 19 ---
count at stop: 104254
skid: 13
instruction pointer: 0x40121d

--- round 20 ---
count at stop: 104249
skid: 8
instruction pointer: 0x40120e

--- round 21 ---
count at stop: 104252
skid: 11
instruction pointer: 0x401217

--- round 22 ---
count at stop: 104249
skid: 8
instruction pointer: 0x40120e

--- round 23 ---
count at stop: 104247
skid: 6
instruction pointer: 0x401208

--- round 24 ---
count at stop: 104250
skid: 9
instruction pointer: 0x401211

--- round 25 ---
count at stop: 104253
skid: 12
instruction pointer: 0x40121a

--- round 26 ---
count at stop: 104247
skid: 6
instruction pointer: 0x401208

--- round 27 ---
count at stop: 104254
skid: 13
instruction pointer: 0x40121d

--- round 28 ---
count at stop: 104247
skid: 6
instruction pointer: 0x401208

--- round 29 ---
count at stop: 104248
skid: 7
instruction pointer: 0x40120b

--- round 30 ---
count at stop: 104248
skid: 7
instruction pointer: 0x40120b

--- round 31 ---
count at stop: 104255
skid: 14
instruction pointer: 0x401220

--- round 32 ---
count at stop: 104247
skid: 6
instruction pointer: 0x401208

--- round 33 ---
count at stop: 104247
skid: 6
instruction pointer: 0x401208

--- round 34 ---
count at stop: 104250
skid: 9
instruction pointer: 0x401211

--- round 35 ---
count at stop: 104248
skid: 7
instruction pointer: 0x40120b

--- round 36 ---
count at stop: 104255
skid: 14
instruction pointer: 0x401220

--- round 37 ---
count at stop: 104249
skid: 8
instruction pointer: 0x40120e

--- round 38 ---
count at stop: 104249
skid: 8
instruction pointer: 0x40120e

--- round 39 ---
count at stop: 104249
skid: 8
instruction pointer: 0x40120e

--- round 40 ---
count at stop: 104250
skid: 9
instruction pointer: 0x401211

--- round 41 ---
count at stop: 104251
skid: 10
instruction pointer: 0x401214

--- round 42 ---
count at stop: 104254
skid: 13
instruction pointer: 0x40121d

--- round 43 ---
count at stop: 104246
skid: 5
instruction pointer: 0x401205

--- round 44 ---
count at stop: 104250
skid: 9
instruction pointer: 0x401211

--- round 45 ---
count at stop: 104254
skid: 13
instruction pointer: 0x40121d

--- round 46 ---
count at stop: 104254
skid: 13
instruction pointer: 0x40121d

--- round 47 ---
count at stop: 104250
skid: 9
instruction pointer: 0x401211

--- round 48 ---
count at stop: 104254
skid: 13
instruction pointer: 0x40121d

--- round 49 ---
count at stop: 104249
skid: 8
instruction pointer: 0x40120e

--- round 50 ---
count at stop: 104254
skid: 13
instruction pointer: 0x40121d

--- round 51 ---
count at stop: 104251
skid: 10
instruction pointer: 0x401214

--- round 52 ---
count at stop: 104252
skid: 11
instruction pointer: 0x401217

--- round 53 ---
count at stop: 104249
skid: 8
instruction pointer: 0x40120e

--- round 54 ---
count at stop: 104254
skid: 13
instruction pointer: 0x40121d

--- round 55 ---
count at stop: 104250
skid: 9
instruction pointer: 0x401211

--- round 56 ---
count at stop: 104250
skid: 9
instruction pointer: 0x401211

--- round 57 ---
count at stop: 104254
skid: 13
instruction pointer: 0x40121d

--- round 58 ---
count at stop: 104249
skid: 8
instruction pointer: 0x40120e

--- round 59 ---
count at stop: 104251
skid: 10
instruction pointer: 0x401214

--- round 60 ---
count at stop: 104253
skid: 12
instruction pointer: 0x40121a

--- round 61 ---
count at stop: 104249
skid: 8
instruction pointer: 0x40120e

--- round 62 ---
count at stop: 104247
skid: 6
instruction pointer: 0x401208

--- round 63 ---
count at stop: 104253
skid: 12
instruction pointer: 0x40121a

--- round 64 ---
count at stop: 104250
skid: 9
instruction pointer: 0x401211

--- round 65 ---
count at stop: 104246
skid: 5
instruction pointer: 0x401205

--- round 66 ---
count at stop: 104254
skid: 13
instruction pointer: 0x40121d

--- round 67 ---
count at stop: 104249
skid: 8
instruction pointer: 0x40120e

--- round 68 ---
count at stop: 104251
skid: 10
instruction pointer: 0x401214

--- round 69 ---
count at stop: 104247
skid: 6
instruction pointer: 0x401208

--- round 70 ---
count at stop: 104254
skid: 13
instruction pointer: 0x40121d

--- round 71 ---
count at stop: 104254
skid: 13
instruction pointer: 0x40121d

--- round 72 ---
count at stop: 104249
skid: 8
instruction pointer: 0x40120e

--- round 73 ---
count at stop: 104250
skid: 9
instruction pointer: 0x401211

--- round 74 ---
count at stop: 104253
skid: 12
instruction pointer: 0x40121a

--- round 75 ---
count at stop: 104249
skid: 8
instruction pointer: 0x40120e

--- round 76 ---
count at stop: 104246
skid: 5
instruction pointer: 0x401205

--- round 77 ---
count at stop: 104254
skid: 13
instruction pointer: 0x40121d

--- round 78 ---
count at stop: 104246
skid: 5
instruction pointer: 0x401205

--- round 79 ---
count at stop: 104247
skid: 6
instruction pointer: 0x401208

--- round 80 ---
count at stop: 104248
skid: 7
instruction pointer: 0x40120b

--- round 81 ---
count at stop: 104254
skid: 13
instruction pointer: 0x40121d

--- round 82 ---
count at stop: 104247
skid: 6
instruction pointer: 0x401208

--- round 83 ---
count at stop: 104249
skid: 8
instruction pointer: 0x40120e

--- round 84 ---
count at stop: 104249
skid: 8
instruction pointer: 0x40120e

--- round 85 ---
count at stop: 104249
skid: 8
instruction pointer: 0x40120e

--- round 86 ---
count at stop: 104251
skid: 10
instruction pointer: 0x401214

--- round 87 ---
count at stop: 104250
skid: 9
instruction pointer: 0x401211

--- round 88 ---
count at stop: 104246
skid: 5
instruction pointer: 0x401205

--- round 89 ---
count at stop: 104249
skid: 8
instruction pointer: 0x40120e

--- round 90 ---
count at stop: 104249
skid: 8
instruction pointer: 0x40120e

--- round 91 ---
count at stop: 104247
skid: 6
instruction pointer: 0x401208

--- round 92 ---
count at stop: 104249
skid: 8
instruction pointer: 0x40120e

--- round 93 ---
count at stop: 104249
skid: 8
instruction pointer: 0x40120e

--- round 94 ---
count at stop: 104249
skid: 8
instruction pointer: 0x40120e

--- round 95 ---
count at stop: 104248
skid: 7
instruction pointer: 0x40120b

--- round 96 ---
count at stop: 104249
skid: 8
instruction pointer: 0x40120e

--- round 97 ---
count at stop: 104250
skid: 9
instruction pointer: 0x401211

--- round 98 ---
count at stop: 104249
skid: 8
instruction pointer: 0x40120e

--- round 99 ---
count at stop: 104249
skid: 8
instruction pointer: 0x40120e

--- round 100 ---
count at stop: 104249
skid: 8
instruction pointer: 0x40120e

result: Non-deterministic
successful rounds: 100/100
