event: br_inst_retired.cond:u
cpu: 0
round limit: 100
overflow threshold: 104368

--- round 1 ---
count at stop: 104382
skid: 14
instruction pointer: 0x401099

--- round 2 ---
count at stop: 104413
skid: 45
instruction pointer: 0x4010f6

--- round 3 ---
count at stop: 104413
skid: 45
instruction pointer: 0x4010f6

--- round 4 ---
count at stop: 104424
skid: 56
instruction pointer: 0x401117

--- round 5 ---
count at stop: 104421
skid: 53
instruction pointer: 0x40110e

--- round 6 ---
count at stop: 104412
skid: 44
instruction pointer: 0x4010f3

--- round 7 ---
count at stop: 104413
skid: 45
instruction pointer: 0x4010f6

--- round 8 ---
count at stop: 104413
skid: 45
instruction pointer: 0x4010f6

--- round 9 ---
count at stop: 104413
skid: 45
instruction pointer: 0x4010f6

--- round 10 ---
count at stop: 104413
skid: 45
instruction pointer: 0x4010f6

--- round 11 ---
count at stop: 104413
skid: 45
instruction pointer: 0x4010f6

--- round 12 ---
count at stop: 104413
skid: 45
instruction pointer: 0x4010f6

--- round 13 ---
count at stop: 104416
skid: 48
instruction pointer: 0x4010ff

--- round 14 ---
count at stop: 104412
skid: 44
instruction pointer: 0x4010f3

--- round 15 ---
count at stop: 104412
skid: 44
instruction pointer: 0x4010f3

--- round 16 ---
count at stop: 104412
skid: 44
instruction pointer: 0x4010f3

--- round 17 ---
count at stop: 104416
skid: 48
instruction pointer: 0x4010ff

--- round 18 ---
count at stop: 104412
skid: 44
instruction pointer: 0x4010f3

--- round 19 ---
count at stop: 104413
skid: 45
instruction pointer: 0x4010f6

--- round 20 ---
count at stop: 104425
skid: 57
instruction pointer: 0x40111a

--- round 21 ---
count at stop: 104418
skid: 50
instruction pointer: 0x401105

--- round 22 ---
count at stop: 104421
skid: 53
instruction pointer: 0x40110e

--- round 23 ---
count at stop: 104421
skid: 53
instruction pointer: 0x40110e

--- round 24 ---
count at stop: 104413
skid: 45
instruction pointer: 0x4010f6

--- round 25 ---
count at stop: 104412
skid: 44
instruction pointer: 0x4010f3

--- round 26 ---
count at stop: 104390
skid: 22
instruction pointer: 0x4010b1

--- round 27 ---
count at stop: 104412
skid: 44
instruction pointer: 0x4010f3

--- round 28 ---
count at stop: 104392
skid: 24
instruction pointer: 0x4010b7

--- round 29 ---
count at stop: 104421
skid: 53
instruction pointer: 0x40110e

--- round 30 ---
count at stop: 104413
skid: 45
instruction pointer: 0x4010f6

--- round 31 ---
count at stop: 104413
skid: 45
instruction pointer: 0x4010f6

--- round 32 ---
count at stop: 104412
skid: 44
instruction pointer: 0x4010f3

--- round 33 ---
count at stop: 104413
skid: 45
instruction pointer: 0x4010f6

--- round 34 ---
count at stop: 104412
skid: 44
instruction pointer: 0x4010f3

--- round 35 ---
count at stop: 104412
skid: 44
instruction pointer: 0x4010f3

--- round 36 ---
count at stop: 104412
skid: 44
instruction pointer: 0x4010f3

--- round 37 ---
count at stop: 104413
skid: 45
instruction pointer: 0x4010f6

--- round 38 ---
count at stop: 104412
skid: 44
instruction pointer: 0x4010f3

--- round 39 ---
count at stop: 104390
skid: 22
instruction pointer: 0x4010b1

--- round 40 ---
count at stop: 104412
skid: 44
instruction pointer: 0x4010f3

--- round 41 ---
count at stop: 104412
skid: 44
instruction pointer: 0x4010f3

--- round 42 ---
count at stop: 104390
skid: 22
instruction pointer: 0x4010b1

--- round 43 ---
count at stop: 104390
skid: 22
instruction pointer: 0x4010b1

--- round 44 ---
count at stop: 104412
skid: 44
instruction pointer: 0x4010f3

--- round 45 ---
count at stop: 104412
skid: 44
instruction pointer: 0x4010f3

--- round 46 ---
count at stop: 104413
skid: 45
instruction pointer: 0x4010f6

--- round 47 ---
count at stop: 104413
skid: 45
instruction pointer: 0x4010f6

--- round 48 ---
count at stop: 104412
skid: 44
instruction pointer: 0x4010f3

--- round 49 ---
count at stop: 104390
skid: 22
instruction pointer: 0x4010b1

--- round 50 ---
count at stop: 104416
skid: 48
instruction pointer: 0x4010ff

--- round 51 ---
count at stop: 104413
skid: 45
instruction pointer: 0x4010f6

--- round 52 ---
count at stop: 104413
skid: 45
instruction pointer: 0x4010f6

--- round 53 ---
count at stop: 104413
skid: 45
instruction pointer: 0x4010f6

--- round 54 ---
count at stop: 104412
skid: 44
instruction pointer: 0x4010f3

--- round 55 ---
count at stop: 104412
skid: 44
instruction pointer: 0x4010f3

--- round 56 ---
count at stop: 104412
skid: 44
instruction pointer: 0x4010f3

--- round 57 ---
count at stop: 104410
skid: 42
instruction pointer: 0x4010ed

--- round 58 ---
count at stop: 104412
skid: 44
instruction pointer: 0x4010f3

--- round 59 ---
count at stop: 104412
skid: 44
instruction pointer: 0x4010f3

--- round 60 ---
count at stop: 104412
skid: 44
instruction pointer: 0x4010f3

--- round 61 ---
count at stop: 104412
skid: 44
instruction pointer: 0x4010f3

--- round 62 ---
count at stop: 104413
skid: 45
instruction pointer: 0x4010f6

--- round 63 ---
count at stop: 104413
skid: 45
instruction pointer: 0x4010f6

--- round 64 ---
count at stop: 104413
skid: 45
instruction pointer: 0x4010f6

--- round 65 ---
count at stop: 104413
skid: 45
instruction pointer: 0x4010f6

--- round 66 ---
count at stop: 104412
skid: 44
instruction pointer: 0x4010f3

--- round 67 ---
count at stop: 104413
skid: 45
instruction pointer: 0x4010f6

--- round 68 ---
count at stop: 104412
skid: 44
instruction pointer: 0x4010f3

--- round 69 ---
count at stop: 104413
skid: 45
instruction pointer: 0x4010f6

--- round 70 ---
count at stop: 104413
skid: 45
instruction pointer: 0x4010f6

--- round 71 ---
count at stop: 104413
skid: 45
instruction pointer: 0x4010f6

--- round 72 ---
count at stop: 104413
skid: 45
instruction pointer: 0x4010f6

--- round 73 ---
count at stop: 104390
skid: 22
instruction pointer: 0x4010b1

--- round 74 ---
count at stop: 104412
skid: 44
instruction pointer: 0x4010f3

--- round 75 ---
count at stop: 104412
skid: 44
instruction pointer: 0x4010f3

--- round 76 ---
count at stop: 104412
skid: 44
instruction pointer: 0x4010f3

--- round 77 ---
count at stop: 104413
skid: 45
instruction pointer: 0x4010f6

--- round 78 ---
count at stop: 104413
skid: 45
instruction pointer: 0x4010f6

--- round 79 ---
count at stop: 104413
skid: 45
instruction pointer: 0x4010f6

--- round 80 ---
count at stop: 104412
skid: 44
instruction pointer: 0x4010f3

--- round 81 ---
count at stop: 104412
skid: 44
instruction pointer: 0x4010f3

--- round 82 ---
count at stop: 104413
skid: 45
instruction pointer: 0x4010f6

--- round 83 ---
count at stop: 104412
skid: 44
instruction pointer: 0x4010f3

--- round 84 ---
count at stop: 104412
skid: 44
instruction pointer: 0x4010f3

--- round 85 ---
count at stop: 104412
skid: 44
instruction pointer: 0x4010f3

--- round 86 ---
count at stop: 104412
skid: 44
instruction pointer: 0x4010f3

--- round 87 ---
count at stop: 104413
skid: 45
instruction pointer: 0x4010f6

--- round 88 ---
count at stop: 104390
skid: 22
instruction pointer: 0x4010b1

--- round 89 ---
count at stop: 104390
skid: 22
instruction pointer: 0x4010b1

--- round 90 ---
count at stop: 104393
skid: 25
instruction pointer: 0x4010ba

--- round 91 ---
count at stop: 104412
skid: 44
instruction pointer: 0x4010f3

--- round 92 ---
count at stop: 104413
skid: 45
instruction pointer: 0x4010f6

--- round 93 ---
count at stop: 104412
skid: 44
instruction pointer: 0x4010f3

--- round 94 ---
count at stop: 104386
skid: 18
instruction pointer: 0x4010a5

--- round 95 ---
count at stop: 104413
skid: 45
instruction pointer: 0x4010f6

--- round 96 ---
count at stop: 104390
skid: 22
instruction pointer: 0x4010b1

--- round 97 ---
count at stop: 104390
skid: 22
instruction pointer: 0x4010b1

--- round 98 ---
count at stop: 104413
skid: 45
instruction pointer: 0x4010f6

--- round 99 ---
count at stop: 104390
skid: 22
instruction pointer: 0x4010b1

--- round 100 ---
count at stop: 104413
skid: 45
instruction pointer: 0x4010f6

result: Non-deterministic
successful rounds: 100/100
