event: rtm_retired.aborted_mem:u
cpu: 4
round limit: 10

--- round 1 ---
parsed count: 0
exit: 0

--- round 2 ---
parsed count: 0
exit: 0

--- round 3 ---
parsed count: 0
exit: 0

--- round 4 ---
parsed count: 0
exit: 0

--- round 5 ---
parsed count: 0
exit: 0

--- round 6 ---
parsed count: 0
exit: 0

--- round 7 ---
parsed count: 0
exit: 0

--- round 8 ---
parsed count: 0
exit: 0

--- round 9 ---
parsed count: 0
exit: 0

--- round 10 ---
parsed count: 0
exit: 0

result: Zero-only
rounds attempted: 10
all rounds returned zero; inconclusive
