event: br_inst_retired.all_branches:u
cpu: 1
round limit: 5

--- round 1 ---
$ perf stat --no-big-num --no-scale -x ';' -o /users/moneytea/dev/deterministic-test/results/skx/xeon-silver-4114-step4/workers/cpu1/perf.tmp -e br_inst_retired.all_branches:u -- /users/moneytea/dev/deterministic/static/binaries/retired_instr.all.x86_64

# started on Sat Sep 19 18:02:19 2026

9253185;;br_inst_retired.all_branches:u;3135490805;100.00;;

parsed count: 9253185
exit: 0

--- round 2 ---
$ perf stat --no-big-num --no-scale -x ';' -o /users/moneytea/dev/deterministic-test/results/skx/xeon-silver-4114-step4/workers/cpu1/perf.tmp -e br_inst_retired.all_branches:u -- /users/moneytea/dev/deterministic/static/binaries/retired_instr.all.x86_64

# started on Sat Sep 19 18:02:22 2026

9253185;;br_inst_retired.all_branches:u;3134888834;100.00;;

parsed count: 9253185
exit: 0

--- round 3 ---
$ perf stat --no-big-num --no-scale -x ';' -o /users/moneytea/dev/deterministic-test/results/skx/xeon-silver-4114-step4/workers/cpu1/perf.tmp -e br_inst_retired.all_branches:u -- /users/moneytea/dev/deterministic/static/binaries/retired_instr.all.x86_64

# started on Sat Sep 19 18:02:26 2026

9253193;;br_inst_retired.all_branches:u;3141616681;100.00;;

parsed count: 9253193
exit: 0

result: Non-deterministic
rounds attempted: 3

