event: tx_mem.abort_hle_elision_buffer_not_empty:u
cpu: 1
round limit: 5

--- round 1 ---
$ perf stat --no-big-num --no-scale -x ';' -o /users/moneytea/dev/deterministic-test/results/skx/xeon-silver-4114-step4/workers/cpu1/perf.tmp -e tx_mem.abort_hle_elision_buffer_not_empty:u -- /users/moneytea/dev/deterministic/static/binaries/retired_instr.all.x86_64

# started on Sat Sep 19 18:02:03 2026

0;;tx_mem.abort_hle_elision_buffer_not_empty:u;3122022694;100.00;;

parsed count: 0
exit: 0

--- round 2 ---
$ perf stat --no-big-num --no-scale -x ';' -o /users/moneytea/dev/deterministic-test/results/skx/xeon-silver-4114-step4/workers/cpu1/perf.tmp -e tx_mem.abort_hle_elision_buffer_not_empty:u -- /users/moneytea/dev/deterministic/static/binaries/retired_instr.all.x86_64

# started on Sat Sep 19 18:02:06 2026

0;;tx_mem.abort_hle_elision_buffer_not_empty:u;3124255582;100.00;;

parsed count: 0
exit: 0

--- round 3 ---
$ perf stat --no-big-num --no-scale -x ';' -o /users/moneytea/dev/deterministic-test/results/skx/xeon-silver-4114-step4/workers/cpu1/perf.tmp -e tx_mem.abort_hle_elision_buffer_not_empty:u -- /users/moneytea/dev/deterministic/static/binaries/retired_instr.all.x86_64

# started on Sat Sep 19 18:02:10 2026

0;;tx_mem.abort_hle_elision_buffer_not_empty:u;3135529911;100.00;;

parsed count: 0
exit: 0

--- round 4 ---
$ perf stat --no-big-num --no-scale -x ';' -o /users/moneytea/dev/deterministic-test/results/skx/xeon-silver-4114-step4/workers/cpu1/perf.tmp -e tx_mem.abort_hle_elision_buffer_not_empty:u -- /users/moneytea/dev/deterministic/static/binaries/retired_instr.all.x86_64

# started on Sat Sep 19 18:02:13 2026

0;;tx_mem.abort_hle_elision_buffer_not_empty:u;3130466299;100.00;;

parsed count: 0
exit: 0

--- round 5 ---
$ perf stat --no-big-num --no-scale -x ';' -o /users/moneytea/dev/deterministic-test/results/skx/xeon-silver-4114-step4/workers/cpu1/perf.tmp -e tx_mem.abort_hle_elision_buffer_not_empty:u -- /users/moneytea/dev/deterministic/static/binaries/retired_instr.all.x86_64

# started on Sat Sep 19 18:02:16 2026

0;;tx_mem.abort_hle_elision_buffer_not_empty:u;3146410513;100.00;;

parsed count: 0
exit: 0

result: Zero-only
rounds attempted: 5
all rounds returned zero; inconclusive
