event: br_inst_retired.cond_ntaken:u
cpu: 3
round limit: 5

--- round 1 ---
$ perf stat --no-big-num --no-scale -x ';' -o /users/moneytea/dev/deterministic-test/results/skx/xeon-silver-4114-step4-2/workers/cpu3/perf.tmp -e br_inst_retired.cond_ntaken:u -- /users/moneytea/dev/deterministic/static/binaries/retired_instr.all.x86_64

# started on Sat Sep 19 18:07:20 2026

2400016;;br_inst_retired.cond_ntaken:u;3127507139;100.00;;

parsed count: 2400016
exit: 0

--- round 2 ---
$ perf stat --no-big-num --no-scale -x ';' -o /users/moneytea/dev/deterministic-test/results/skx/xeon-silver-4114-step4-2/workers/cpu3/perf.tmp -e br_inst_retired.cond_ntaken:u -- /users/moneytea/dev/deterministic/static/binaries/retired_instr.all.x86_64

# started on Sat Sep 19 18:07:24 2026

2400016;;br_inst_retired.cond_ntaken:u;3126186217;100.00;;

parsed count: 2400016
exit: 0

--- round 3 ---
$ perf stat --no-big-num --no-scale -x ';' -o /users/moneytea/dev/deterministic-test/results/skx/xeon-silver-4114-step4-2/workers/cpu3/perf.tmp -e br_inst_retired.cond_ntaken:u -- /users/moneytea/dev/deterministic/static/binaries/retired_instr.all.x86_64

# started on Sat Sep 19 18:07:27 2026

2400016;;br_inst_retired.cond_ntaken:u;3124343055;100.00;;

parsed count: 2400016
exit: 0

--- round 4 ---
$ perf stat --no-big-num --no-scale -x ';' -o /users/moneytea/dev/deterministic-test/results/skx/xeon-silver-4114-step4-2/workers/cpu3/perf.tmp -e br_inst_retired.cond_ntaken:u -- /users/moneytea/dev/deterministic/static/binaries/retired_instr.all.x86_64

# started on Sat Sep 19 18:07:30 2026

2400016;;br_inst_retired.cond_ntaken:u;3124575111;100.00;;

parsed count: 2400016
exit: 0

--- round 5 ---
$ perf stat --no-big-num --no-scale -x ';' -o /users/moneytea/dev/deterministic-test/results/skx/xeon-silver-4114-step4-2/workers/cpu3/perf.tmp -e br_inst_retired.cond_ntaken:u -- /users/moneytea/dev/deterministic/static/binaries/retired_instr.all.x86_64

# started on Sat Sep 19 18:07:33 2026

2400016;;br_inst_retired.cond_ntaken:u;3127356486;100.00;;

parsed count: 2400016
exit: 0

result: Potentially deterministic
rounds attempted: 5

