event: mem_inst_retired.lock_loads:u
cpu: 70
round limit: 10

--- preliminary count ---
count: 1800000
period: 900000

--- round 1 ---
count at stop: 900001
skid: 1
instruction pointer: 0x400959

--- round 2 ---
count at stop: 900001
skid: 1
instruction pointer: 0x400959

--- round 3 ---
count at stop: 900001
skid: 1
instruction pointer: 0x400959

--- round 4 ---
count at stop: 900001
skid: 1
instruction pointer: 0x400959

--- round 5 ---
count at stop: 900001
skid: 1
instruction pointer: 0x400959

--- round 6 ---
count at stop: 900001
skid: 1
instruction pointer: 0x400959

--- round 7 ---
count at stop: 900000
skid: 0
instruction pointer: 0x400952

--- round 8 ---
count at stop: 900001
skid: 1
instruction pointer: 0x400959

--- round 9 ---
count at stop: 900001
skid: 1
instruction pointer: 0x400959

--- round 10 ---
count at stop: 900001
skid: 1
instruction pointer: 0x400959

result: Non-deterministic
successful rounds: 10/10
