event: fp_arith_inst_retired.512b_packed_single:u
cpu: 13
round limit: 5

--- round 1 ---
$ perf stat --no-big-num --no-scale -x ';' -o /users/moneytea/dev/deterministic-test/results/skx/xeon-silver-4114-step4-2/workers/cpu13/perf.tmp -e fp_arith_inst_retired.512b_packed_single:u -- /users/moneytea/dev/deterministic/static/binaries/retired_instr.all.x86_64

# started on Sat Sep 19 18:06:38 2026

0;;fp_arith_inst_retired.512b_packed_single:u;3127675641;100.00;;

parsed count: 0
exit: 0

--- round 2 ---
$ perf stat --no-big-num --no-scale -x ';' -o /users/moneytea/dev/deterministic-test/results/skx/xeon-silver-4114-step4-2/workers/cpu13/perf.tmp -e fp_arith_inst_retired.512b_packed_single:u -- /users/moneytea/dev/deterministic/static/binaries/retired_instr.all.x86_64

# started on Sat Sep 19 18:06:41 2026

0;;fp_arith_inst_retired.512b_packed_single:u;3127829432;100.00;;

parsed count: 0
exit: 0

--- round 3 ---
$ perf stat --no-big-num --no-scale -x ';' -o /users/moneytea/dev/deterministic-test/results/skx/xeon-silver-4114-step4-2/workers/cpu13/perf.tmp -e fp_arith_inst_retired.512b_packed_single:u -- /users/moneytea/dev/deterministic/static/binaries/retired_instr.all.x86_64

# started on Sat Sep 19 18:06:44 2026

0;;fp_arith_inst_retired.512b_packed_single:u;3129716828;100.00;;

parsed count: 0
exit: 0

--- round 4 ---
$ perf stat --no-big-num --no-scale -x ';' -o /users/moneytea/dev/deterministic-test/results/skx/xeon-silver-4114-step4-2/workers/cpu13/perf.tmp -e fp_arith_inst_retired.512b_packed_single:u -- /users/moneytea/dev/deterministic/static/binaries/retired_instr.all.x86_64

# started on Sat Sep 19 18:06:48 2026

0;;fp_arith_inst_retired.512b_packed_single:u;3123275673;100.00;;

parsed count: 0
exit: 0

--- round 5 ---
$ perf stat --no-big-num --no-scale -x ';' -o /users/moneytea/dev/deterministic-test/results/skx/xeon-silver-4114-step4-2/workers/cpu13/perf.tmp -e fp_arith_inst_retired.512b_packed_single:u -- /users/moneytea/dev/deterministic/static/binaries/retired_instr.all.x86_64

# started on Sat Sep 19 18:06:51 2026

0;;fp_arith_inst_retired.512b_packed_single:u;3125496366;100.00;;

parsed count: 0
exit: 0

result: Zero-only
rounds attempted: 5
all rounds returned zero; inconclusive
