event: mem_inst_retired.lock_loads:u
cpu: 17
round limit: 20

--- preliminary count ---
count: 1800000
period: 900000

--- round 1 ---
count at stop: 900000
skid: 0
instruction pointer: 0x4008f0

--- round 2 ---
count at stop: 900000
skid: 0
instruction pointer: 0x4008f0

--- round 3 ---
count at stop: 900000
skid: 0
instruction pointer: 0x4008f0

--- round 4 ---
count at stop: 900000
skid: 0
instruction pointer: 0x4008f0

--- round 5 ---
count at stop: 900000
skid: 0
instruction pointer: 0x4008f0

--- round 6 ---
count at stop: 900000
skid: 0
instruction pointer: 0x4008f0

--- round 7 ---
count at stop: 900000
skid: 0
instruction pointer: 0x4008f0

--- round 8 ---
count at stop: 900000
skid: 0
instruction pointer: 0x4008f0

--- round 9 ---
count at stop: 900000
skid: 0
instruction pointer: 0x4008f0

--- round 10 ---
count at stop: 900000
skid: 0
instruction pointer: 0x4008f0

--- round 11 ---
count at stop: 900000
skid: 0
instruction pointer: 0x4008f0

--- round 12 ---
count at stop: 900000
skid: 0
instruction pointer: 0x4008f0

--- round 13 ---
count at stop: 900000
skid: 0
instruction pointer: 0x4008f0

--- round 14 ---
count at stop: 900000
skid: 0
instruction pointer: 0x4008f0

--- round 15 ---
count at stop: 900000
skid: 0
instruction pointer: 0x4008f0

--- round 16 ---
count at stop: 900000
skid: 0
instruction pointer: 0x4008f0

--- round 17 ---
count at stop: 900000
skid: 0
instruction pointer: 0x4008f0

--- round 18 ---
count at stop: 900000
skid: 0
instruction pointer: 0x4008f0

--- round 19 ---
count at stop: 900000
skid: 0
instruction pointer: 0x4008f0

--- round 20 ---
count at stop: 900000
skid: 0
instruction pointer: 0x4008f0

result: Potentially deterministic
successful rounds: 20/20
