event: fp_arith_inst_retired.scalar:u
cpu: 15
round limit: 5

--- round 1 ---
$ perf stat --no-big-num --no-scale -x ';' -o /users/moneytea/dev/deterministic-test/results/skx/xeon-silver-4114-step4-2/workers/cpu15/perf.tmp -e fp_arith_inst_retired.scalar:u -- /users/moneytea/dev/deterministic/static/binaries/retired_instr.all.x86_64

# started on Sat Sep 19 18:06:29 2026

4200000;;fp_arith_inst_retired.scalar:u;3123874633;100.00;;

parsed count: 4200000
exit: 0

--- round 2 ---
$ perf stat --no-big-num --no-scale -x ';' -o /users/moneytea/dev/deterministic-test/results/skx/xeon-silver-4114-step4-2/workers/cpu15/perf.tmp -e fp_arith_inst_retired.scalar:u -- /users/moneytea/dev/deterministic/static/binaries/retired_instr.all.x86_64

# started on Sat Sep 19 18:06:32 2026

4200000;;fp_arith_inst_retired.scalar:u;3144965829;100.00;;

parsed count: 4200000
exit: 0

--- round 3 ---
$ perf stat --no-big-num --no-scale -x ';' -o /users/moneytea/dev/deterministic-test/results/skx/xeon-silver-4114-step4-2/workers/cpu15/perf.tmp -e fp_arith_inst_retired.scalar:u -- /users/moneytea/dev/deterministic/static/binaries/retired_instr.all.x86_64

# started on Sat Sep 19 18:06:35 2026

4200000;;fp_arith_inst_retired.scalar:u;3133798481;100.00;;

parsed count: 4200000
exit: 0

--- round 4 ---
$ perf stat --no-big-num --no-scale -x ';' -o /users/moneytea/dev/deterministic-test/results/skx/xeon-silver-4114-step4-2/workers/cpu15/perf.tmp -e fp_arith_inst_retired.scalar:u -- /users/moneytea/dev/deterministic/static/binaries/retired_instr.all.x86_64

# started on Sat Sep 19 18:06:38 2026

4200000;;fp_arith_inst_retired.scalar:u;3130682737;100.00;;

parsed count: 4200000
exit: 0

--- round 5 ---
$ perf stat --no-big-num --no-scale -x ';' -o /users/moneytea/dev/deterministic-test/results/skx/xeon-silver-4114-step4-2/workers/cpu15/perf.tmp -e fp_arith_inst_retired.scalar:u -- /users/moneytea/dev/deterministic/static/binaries/retired_instr.all.x86_64

# started on Sat Sep 19 18:06:41 2026

4200000;;fp_arith_inst_retired.scalar:u;3128427274;100.00;;

parsed count: 4200000
exit: 0

result: Potentially deterministic
rounds attempted: 5

