event: br_inst_retired.conditional:u
cpu: 4
round limit: 5

--- round 1 ---
$ perf stat --no-big-num --no-scale -x ';' -o /users/moneytea/dev/deterministic-test/results/skx/xeon-silver-4114-step4/workers/cpu4/perf.tmp -e br_inst_retired.conditional:u -- /users/moneytea/dev/deterministic/static/binaries/retired_instr.all.x86_64

# started on Sat Sep 19 18:02:29 2026

8220000;;br_inst_retired.conditional:u;3138450017;100.00;;

parsed count: 8220000
exit: 0

--- round 2 ---
$ perf stat --no-big-num --no-scale -x ';' -o /users/moneytea/dev/deterministic-test/results/skx/xeon-silver-4114-step4/workers/cpu4/perf.tmp -e br_inst_retired.conditional:u -- /users/moneytea/dev/deterministic/static/binaries/retired_instr.all.x86_64

# started on Sat Sep 19 18:02:32 2026

8220000;;br_inst_retired.conditional:u;3133569153;100.00;;

parsed count: 8220000
exit: 0

--- round 3 ---
$ perf stat --no-big-num --no-scale -x ';' -o /users/moneytea/dev/deterministic-test/results/skx/xeon-silver-4114-step4/workers/cpu4/perf.tmp -e br_inst_retired.conditional:u -- /users/moneytea/dev/deterministic/static/binaries/retired_instr.all.x86_64

# started on Sat Sep 19 18:02:35 2026

8220000;;br_inst_retired.conditional:u;3132531314;100.00;;

parsed count: 8220000
exit: 0

--- round 4 ---
$ perf stat --no-big-num --no-scale -x ';' -o /users/moneytea/dev/deterministic-test/results/skx/xeon-silver-4114-step4/workers/cpu4/perf.tmp -e br_inst_retired.conditional:u -- /users/moneytea/dev/deterministic/static/binaries/retired_instr.all.x86_64

# started on Sat Sep 19 18:02:38 2026

8220000;;br_inst_retired.conditional:u;3131811769;100.00;;

parsed count: 8220000
exit: 0

--- round 5 ---
$ perf stat --no-big-num --no-scale -x ';' -o /users/moneytea/dev/deterministic-test/results/skx/xeon-silver-4114-step4/workers/cpu4/perf.tmp -e br_inst_retired.conditional:u -- /users/moneytea/dev/deterministic/static/binaries/retired_instr.all.x86_64

# started on Sat Sep 19 18:02:41 2026

8220000;;br_inst_retired.conditional:u;3128312505;100.00;;

parsed count: 8220000
exit: 0

result: Potentially deterministic
rounds attempted: 5

