event: dTLB-stores:u
cpu: 14
round limit: 1000

--- round 1 ---
parsed count: 24060000
exit: 0

--- round 2 ---
parsed count: 24060000
exit: 0

--- round 3 ---
parsed count: 24060000
exit: 0

--- round 4 ---
parsed count: 24060000
exit: 0

--- round 5 ---
parsed count: 24060000
exit: 0

--- round 6 ---
parsed count: 24060000
exit: 0

--- round 7 ---
parsed count: 24060000
exit: 0

--- round 8 ---
parsed count: 24060000
exit: 0

--- round 9 ---
parsed count: 24060000
exit: 0

--- round 10 ---
parsed count: 24060000
exit: 0

--- round 11 ---
parsed count: 24060000
exit: 0

--- round 12 ---
parsed count: 24060000
exit: 0

--- round 13 ---
parsed count: 24060000
exit: 0

--- round 14 ---
parsed count: 24060000
exit: 0

--- round 15 ---
parsed count: 24060000
exit: 0

--- round 16 ---
parsed count: 24060000
exit: 0

--- round 17 ---
parsed count: 24060000
exit: 0

--- round 18 ---
parsed count: 24060000
exit: 0

--- round 19 ---
parsed count: 24060000
exit: 0

--- round 20 ---
parsed count: 24060000
exit: 0

--- round 21 ---
parsed count: 24060000
exit: 0

--- round 22 ---
parsed count: 24060000
exit: 0

--- round 23 ---
parsed count: 24060000
exit: 0

--- round 24 ---
parsed count: 24060000
exit: 0

--- round 25 ---
parsed count: 24060000
exit: 0

--- round 26 ---
parsed count: 24060000
exit: 0

--- round 27 ---
parsed count: 24060000
exit: 0

--- round 28 ---
parsed count: 24060000
exit: 0

--- round 29 ---
parsed count: 24060000
exit: 0

--- round 30 ---
parsed count: 24060000
exit: 0

--- round 31 ---
parsed count: 24060000
exit: 0

--- round 32 ---
parsed count: 24060000
exit: 0

--- round 33 ---
parsed count: 24060000
exit: 0

--- round 34 ---
parsed count: 24060000
exit: 0

--- round 35 ---
parsed count: 24060000
exit: 0

--- round 36 ---
parsed count: 24060000
exit: 0

--- round 37 ---
parsed count: 24060000
exit: 0

--- round 38 ---
parsed count: 24060000
exit: 0

--- round 39 ---
parsed count: 24060000
exit: 0

--- round 40 ---
parsed count: 24060000
exit: 0

--- round 41 ---
parsed count: 24060000
exit: 0

--- round 42 ---
parsed count: 24060000
exit: 0

--- round 43 ---
parsed count: 24060000
exit: 0

--- round 44 ---
parsed count: 24060000
exit: 0

--- round 45 ---
parsed count: 24060000
exit: 0

--- round 46 ---
parsed count: 24060000
exit: 0

--- round 47 ---
parsed count: 24060000
exit: 0

--- round 48 ---
parsed count: 24060000
exit: 0

--- round 49 ---
parsed count: 24060000
exit: 0

--- round 50 ---
parsed count: 24060000
exit: 0

--- round 51 ---
parsed count: 24060000
exit: 0

--- round 52 ---
parsed count: 24060000
exit: 0

--- round 53 ---
parsed count: 24060000
exit: 0

--- round 54 ---
parsed count: 24060000
exit: 0

--- round 55 ---
parsed count: 24060000
exit: 0

--- round 56 ---
parsed count: 24060000
exit: 0

--- round 57 ---
parsed count: 24060000
exit: 0

--- round 58 ---
parsed count: 24060000
exit: 0

--- round 59 ---
parsed count: 24060000
exit: 0

--- round 60 ---
parsed count: 24060000
exit: 0

--- round 61 ---
parsed count: 24060000
exit: 0

--- round 62 ---
parsed count: 24060000
exit: 0

--- round 63 ---
parsed count: 24060000
exit: 0

--- round 64 ---
parsed count: 24060000
exit: 0

--- round 65 ---
parsed count: 24060000
exit: 0

--- round 66 ---
parsed count: 24060000
exit: 0

--- round 67 ---
parsed count: 24060000
exit: 0

--- round 68 ---
parsed count: 24060000
exit: 0

--- round 69 ---
parsed count: 24060000
exit: 0

--- round 70 ---
parsed count: 24060000
exit: 0

--- round 71 ---
parsed count: 24060000
exit: 0

--- round 72 ---
parsed count: 24060000
exit: 0

--- round 73 ---
parsed count: 24060000
exit: 0

--- round 74 ---
parsed count: 24060000
exit: 0

--- round 75 ---
parsed count: 24060000
exit: 0

--- round 76 ---
parsed count: 24060000
exit: 0

--- round 77 ---
parsed count: 24060000
exit: 0

--- round 78 ---
parsed count: 24060000
exit: 0

--- round 79 ---
parsed count: 24060000
exit: 0

--- round 80 ---
parsed count: 24060000
exit: 0

--- round 81 ---
parsed count: 24060000
exit: 0

--- round 82 ---
parsed count: 24060000
exit: 0

--- round 83 ---
parsed count: 24060000
exit: 0

--- round 84 ---
parsed count: 24060000
exit: 0

--- round 85 ---
parsed count: 24060000
exit: 0

--- round 86 ---
parsed count: 24060000
exit: 0

--- round 87 ---
parsed count: 24060000
exit: 0

--- round 88 ---
parsed count: 24060000
exit: 0

--- round 89 ---
parsed count: 24060000
exit: 0

--- round 90 ---
parsed count: 24060000
exit: 0

--- round 91 ---
parsed count: 24060000
exit: 0

--- round 92 ---
parsed count: 24060000
exit: 0

--- round 93 ---
parsed count: 24060000
exit: 0

--- round 94 ---
parsed count: 24060000
exit: 0

--- round 95 ---
parsed count: 24060000
exit: 0

--- round 96 ---
parsed count: 24060000
exit: 0

--- round 97 ---
parsed count: 24060000
exit: 0

--- round 98 ---
parsed count: 24060000
exit: 0

--- round 99 ---
parsed count: 24060000
exit: 0

--- round 100 ---
parsed count: 24060000
exit: 0

--- round 101 ---
parsed count: 24060000
exit: 0

--- round 102 ---
parsed count: 24060000
exit: 0

--- round 103 ---
parsed count: 24060000
exit: 0

--- round 104 ---
parsed count: 24060000
exit: 0

--- round 105 ---
parsed count: 24060000
exit: 0

--- round 106 ---
parsed count: 24059999
exit: 0

result: Non-deterministic
rounds attempted: 106

