event: br_inst_retired.near_taken:u
cpu: 8
round limit: 5

--- round 1 ---
$ perf stat --no-big-num --no-scale -x ';' -o /users/moneytea/dev/deterministic-test/results/skx/xeon-silver-4114-step4/workers/cpu8/perf.tmp -e br_inst_retired.near_taken:u -- /users/moneytea/dev/deterministic/static/binaries/retired_instr.all.x86_64

# started on Sat Sep 19 18:02:29 2026

6819984;;br_inst_retired.near_taken:u;3137286131;100.00;;

parsed count: 6819984
exit: 0

--- round 2 ---
$ perf stat --no-big-num --no-scale -x ';' -o /users/moneytea/dev/deterministic-test/results/skx/xeon-silver-4114-step4/workers/cpu8/perf.tmp -e br_inst_retired.near_taken:u -- /users/moneytea/dev/deterministic/static/binaries/retired_instr.all.x86_64

# started on Sat Sep 19 18:02:32 2026

6819984;;br_inst_retired.near_taken:u;3123180664;100.00;;

parsed count: 6819984
exit: 0

--- round 3 ---
$ perf stat --no-big-num --no-scale -x ';' -o /users/moneytea/dev/deterministic-test/results/skx/xeon-silver-4114-step4/workers/cpu8/perf.tmp -e br_inst_retired.near_taken:u -- /users/moneytea/dev/deterministic/static/binaries/retired_instr.all.x86_64

# started on Sat Sep 19 18:02:35 2026

6819984;;br_inst_retired.near_taken:u;3122543078;100.00;;

parsed count: 6819984
exit: 0

--- round 4 ---
$ perf stat --no-big-num --no-scale -x ';' -o /users/moneytea/dev/deterministic-test/results/skx/xeon-silver-4114-step4/workers/cpu8/perf.tmp -e br_inst_retired.near_taken:u -- /users/moneytea/dev/deterministic/static/binaries/retired_instr.all.x86_64

# started on Sat Sep 19 18:02:38 2026

6819984;;br_inst_retired.near_taken:u;3126288390;100.00;;

parsed count: 6819984
exit: 0

--- round 5 ---
$ perf stat --no-big-num --no-scale -x ';' -o /users/moneytea/dev/deterministic-test/results/skx/xeon-silver-4114-step4/workers/cpu8/perf.tmp -e br_inst_retired.near_taken:u -- /users/moneytea/dev/deterministic/static/binaries/retired_instr.all.x86_64

# started on Sat Sep 19 18:02:41 2026

6819984;;br_inst_retired.near_taken:u;3120284442;100.00;;

parsed count: 6819984
exit: 0

result: Potentially deterministic
rounds attempted: 5

