event: dtlb_store_misses.walk_completed_4k:u
cpu: 15
round limit: 5

--- round 1 ---
$ perf stat --no-big-num --no-scale -x ';' -o /users/moneytea/dev/deterministic-test/results/skx/xeon-silver-4114-step4/workers/cpu15/perf.tmp -e dtlb_store_misses.walk_completed_4k:u -- /users/moneytea/dev/deterministic/static/binaries/retired_instr.all.x86_64

# started on Sat Sep 19 18:03:00 2026

30029;;dtlb_store_misses.walk_completed_4k:u;3133528974;100.00;;

parsed count: 30029
exit: 0

--- round 2 ---
$ perf stat --no-big-num --no-scale -x ';' -o /users/moneytea/dev/deterministic-test/results/skx/xeon-silver-4114-step4/workers/cpu15/perf.tmp -e dtlb_store_misses.walk_completed_4k:u -- /users/moneytea/dev/deterministic/static/binaries/retired_instr.all.x86_64

# started on Sat Sep 19 18:03:03 2026

30029;;dtlb_store_misses.walk_completed_4k:u;3126627965;100.00;;

parsed count: 30029
exit: 0

--- round 3 ---
$ perf stat --no-big-num --no-scale -x ';' -o /users/moneytea/dev/deterministic-test/results/skx/xeon-silver-4114-step4/workers/cpu15/perf.tmp -e dtlb_store_misses.walk_completed_4k:u -- /users/moneytea/dev/deterministic/static/binaries/retired_instr.all.x86_64

# started on Sat Sep 19 18:03:06 2026

30027;;dtlb_store_misses.walk_completed_4k:u;3139509314;100.00;;

parsed count: 30027
exit: 0

result: Non-deterministic
rounds attempted: 3

