event: fp_arith_inst_retired.vector:u
cpu: 18
round limit: 5

--- round 1 ---
$ perf stat --no-big-num --no-scale -x ';' -o /users/moneytea/dev/deterministic-test/results/skx/xeon-silver-4114-step4/workers/cpu18/perf.tmp -e fp_arith_inst_retired.vector:u -- /users/moneytea/dev/deterministic/static/binaries/retired_instr.all.x86_64

# started on Sat Sep 19 18:01:18 2026

6000000;;fp_arith_inst_retired.vector:u;3136668811;100.00;;

parsed count: 6000000
exit: 0

--- round 2 ---
$ perf stat --no-big-num --no-scale -x ';' -o /users/moneytea/dev/deterministic-test/results/skx/xeon-silver-4114-step4/workers/cpu18/perf.tmp -e fp_arith_inst_retired.vector:u -- /users/moneytea/dev/deterministic/static/binaries/retired_instr.all.x86_64

# started on Sat Sep 19 18:01:21 2026

6000000;;fp_arith_inst_retired.vector:u;3127921073;100.00;;

parsed count: 6000000
exit: 0

--- round 3 ---
$ perf stat --no-big-num --no-scale -x ';' -o /users/moneytea/dev/deterministic-test/results/skx/xeon-silver-4114-step4/workers/cpu18/perf.tmp -e fp_arith_inst_retired.vector:u -- /users/moneytea/dev/deterministic/static/binaries/retired_instr.all.x86_64

# started on Sat Sep 19 18:01:25 2026

6000000;;fp_arith_inst_retired.vector:u;3133866525;100.00;;

parsed count: 6000000
exit: 0

--- round 4 ---
$ perf stat --no-big-num --no-scale -x ';' -o /users/moneytea/dev/deterministic-test/results/skx/xeon-silver-4114-step4/workers/cpu18/perf.tmp -e fp_arith_inst_retired.vector:u -- /users/moneytea/dev/deterministic/static/binaries/retired_instr.all.x86_64

# started on Sat Sep 19 18:01:28 2026

6000000;;fp_arith_inst_retired.vector:u;3133310140;100.00;;

parsed count: 6000000
exit: 0

--- round 5 ---
$ perf stat --no-big-num --no-scale -x ';' -o /users/moneytea/dev/deterministic-test/results/skx/xeon-silver-4114-step4/workers/cpu18/perf.tmp -e fp_arith_inst_retired.vector:u -- /users/moneytea/dev/deterministic/static/binaries/retired_instr.all.x86_64

# started on Sat Sep 19 18:01:31 2026

6000000;;fp_arith_inst_retired.vector:u;3144382338;100.00;;

parsed count: 6000000
exit: 0

result: Potentially deterministic
rounds attempted: 5

