event: dTLB-stores:u
cpu: 12
round limit: 5

--- round 1 ---
$ perf stat --no-big-num --no-scale -x ';' -o /users/moneytea/dev/deterministic-test/results/skx/xeon-silver-4114-step4-2/workers/cpu12/perf.tmp -e dTLB-stores:u -- /users/moneytea/dev/deterministic/static/binaries/retired_instr.all.x86_64

# started on Sat Sep 19 18:08:26 2026

24160000;;dTLB-stores;3120656528;100.00;;

parsed count: 24160000
exit: 0

--- round 2 ---
$ perf stat --no-big-num --no-scale -x ';' -o /users/moneytea/dev/deterministic-test/results/skx/xeon-silver-4114-step4-2/workers/cpu12/perf.tmp -e dTLB-stores:u -- /users/moneytea/dev/deterministic/static/binaries/retired_instr.all.x86_64

# started on Sat Sep 19 18:08:29 2026

24160000;;dTLB-stores;3135864127;100.00;;

parsed count: 24160000
exit: 0

--- round 3 ---
$ perf stat --no-big-num --no-scale -x ';' -o /users/moneytea/dev/deterministic-test/results/skx/xeon-silver-4114-step4-2/workers/cpu12/perf.tmp -e dTLB-stores:u -- /users/moneytea/dev/deterministic/static/binaries/retired_instr.all.x86_64

# started on Sat Sep 19 18:08:33 2026

24160000;;dTLB-stores;3120750145;100.00;;

parsed count: 24160000
exit: 0

--- round 4 ---
$ perf stat --no-big-num --no-scale -x ';' -o /users/moneytea/dev/deterministic-test/results/skx/xeon-silver-4114-step4-2/workers/cpu12/perf.tmp -e dTLB-stores:u -- /users/moneytea/dev/deterministic/static/binaries/retired_instr.all.x86_64

# started on Sat Sep 19 18:08:36 2026

24160000;;dTLB-stores;3132977944;100.00;;

parsed count: 24160000
exit: 0

--- round 5 ---
$ perf stat --no-big-num --no-scale -x ';' -o /users/moneytea/dev/deterministic-test/results/skx/xeon-silver-4114-step4-2/workers/cpu12/perf.tmp -e dTLB-stores:u -- /users/moneytea/dev/deterministic/static/binaries/retired_instr.all.x86_64

# started on Sat Sep 19 18:08:39 2026

24160000;;dTLB-stores;3134315094;100.00;;

parsed count: 24160000
exit: 0

result: Potentially deterministic
rounds attempted: 5

