Results: /home/mani/dev/Laplace/deterministic/max-skid-experiment/results/sep-23-2026-15:26:10/sep-23-2026-15:26:42
Workers: [0]; coordinator: 63
br_inst_retired.cond:u on CPU 0; 100 rounds
Overflow threshold: 104368
Round 1/100: count=104412; skid=44
Round 2/100: count=104416; skid=48
Round 3/100: count=104416; skid=48
Round 4/100: count=104416; skid=48
Round 5/100: count=104416; skid=48
Round 6/100: count=104413; skid=45
Round 7/100: count=104421; skid=53
Round 8/100: count=104421; skid=53
Round 9/100: count=104421; skid=53
Round 10/100: count=104391; skid=23
Round 11/100: count=104420; skid=52
Round 12/100: count=104421; skid=53
Round 13/100: count=104412; skid=44
Round 14/100: count=104413; skid=45
Round 15/100: count=104413; skid=45
Round 16/100: count=104413; skid=45
Round 17/100: count=104413; skid=45
Round 18/100: count=104412; skid=44
Round 19/100: count=104413; skid=45
Round 20/100: count=104413; skid=45
Round 21/100: count=104412; skid=44
Round 22/100: count=104412; skid=44
Round 23/100: count=104390; skid=22
Round 24/100: count=104412; skid=44
Round 25/100: count=104421; skid=53
Round 26/100: count=104413; skid=45
Round 27/100: count=104394; skid=26
Round 28/100: count=104412; skid=44
Round 29/100: count=104412; skid=44
Round 30/100: count=104412; skid=44
Round 31/100: count=104394; skid=26
Round 32/100: count=104394; skid=26
Round 33/100: count=104416; skid=48
Round 34/100: count=104413; skid=45
Round 35/100: count=104413; skid=45
Round 36/100: count=104412; skid=44
Round 37/100: count=104391; skid=23
Round 38/100: count=104391; skid=23
Round 39/100: count=104416; skid=48
Round 40/100: count=104416; skid=48
Round 41/100: count=104413; skid=45
Round 42/100: count=104391; skid=23
Round 43/100: count=104413; skid=45
Round 44/100: count=104391; skid=23
Round 45/100: count=104412; skid=44
Round 46/100: count=104413; skid=45
Round 47/100: count=104413; skid=45
Round 48/100: count=104412; skid=44
Round 49/100: count=104413; skid=45
Round 50/100: count=104421; skid=53
Round 51/100: count=104411; skid=43
Round 52/100: count=104413; skid=45
Round 53/100: count=104412; skid=44
Round 54/100: count=104413; skid=45
Round 55/100: count=104413; skid=45
Round 56/100: count=104390; skid=22
Round 57/100: count=104413; skid=45
Round 58/100: count=104391; skid=23
Round 59/100: count=104412; skid=44
Round 60/100: count=104413; skid=45
Round 61/100: count=104413; skid=45
Round 62/100: count=104421; skid=53
Round 63/100: count=104421; skid=53
Round 64/100: count=104413; skid=45
Round 65/100: count=104413; skid=45
Round 66/100: count=104412; skid=44
Round 67/100: count=104413; skid=45
Round 68/100: count=104412; skid=44
Round 69/100: count=104391; skid=23
Round 70/100: count=104390; skid=22
Round 71/100: count=104413; skid=45
Round 72/100: count=104413; skid=45
Round 73/100: count=104413; skid=45
Round 74/100: count=104413; skid=45
Round 75/100: count=104412; skid=44
Round 76/100: count=104412; skid=44
Round 77/100: count=104390; skid=22
Round 78/100: count=104413; skid=45
Round 79/100: count=104390; skid=22
Round 80/100: count=104391; skid=23
Round 81/100: count=104413; skid=45
Round 82/100: count=104412; skid=44
Round 83/100: count=104413; skid=45
Round 84/100: count=104413; skid=45
Round 85/100: count=104412; skid=44
Round 86/100: count=104413; skid=45
Round 87/100: count=104413; skid=45
Round 88/100: count=104413; skid=45
Round 89/100: count=104412; skid=44
Round 90/100: count=104412; skid=44
Round 91/100: count=104412; skid=44
Round 92/100: count=104412; skid=44
Round 93/100: count=104412; skid=44
Round 94/100: count=104412; skid=44
Round 95/100: count=104416; skid=48
Round 96/100: count=104412; skid=44
Round 97/100: count=104413; skid=45
Round 98/100: count=104412; skid=44
Round 99/100: count=104413; skid=45
Round 100/100: count=104413; skid=45
Complete: 1/1 (100.0%); remaining: 0; elapsed: 1s
Non-deterministic: 1
[32m[+][0m run complete; see /home/mani/dev/Laplace/deterministic/max-skid-experiment/results/sep-23-2026-15:26:10/sep-23-2026-15:26:42/results.md
