event: rtm_retired.aborted_mem:u
cpu: 6
round limit: 5

--- round 1 ---
$ perf stat --no-big-num --no-scale -x ';' -o /users/moneytea/dev/deterministic-test/results/skx/xeon-silver-4114-step4/workers/cpu6/perf.tmp -e rtm_retired.aborted_mem:u -- /users/moneytea/dev/deterministic/static/binaries/retired_instr.all.x86_64

# started on Sat Sep 19 18:01:57 2026

0;;rtm_retired.aborted_mem:u;3129686349;100.00;;

parsed count: 0
exit: 0

--- round 2 ---
$ perf stat --no-big-num --no-scale -x ';' -o /users/moneytea/dev/deterministic-test/results/skx/xeon-silver-4114-step4/workers/cpu6/perf.tmp -e rtm_retired.aborted_mem:u -- /users/moneytea/dev/deterministic/static/binaries/retired_instr.all.x86_64

# started on Sat Sep 19 18:02:00 2026

0;;rtm_retired.aborted_mem:u;3127826695;100.00;;

parsed count: 0
exit: 0

--- round 3 ---
$ perf stat --no-big-num --no-scale -x ';' -o /users/moneytea/dev/deterministic-test/results/skx/xeon-silver-4114-step4/workers/cpu6/perf.tmp -e rtm_retired.aborted_mem:u -- /users/moneytea/dev/deterministic/static/binaries/retired_instr.all.x86_64

# started on Sat Sep 19 18:02:03 2026

0;;rtm_retired.aborted_mem:u;3131763154;100.00;;

parsed count: 0
exit: 0

--- round 4 ---
$ perf stat --no-big-num --no-scale -x ';' -o /users/moneytea/dev/deterministic-test/results/skx/xeon-silver-4114-step4/workers/cpu6/perf.tmp -e rtm_retired.aborted_mem:u -- /users/moneytea/dev/deterministic/static/binaries/retired_instr.all.x86_64

# started on Sat Sep 19 18:02:06 2026

0;;rtm_retired.aborted_mem:u;3145952824;100.00;;

parsed count: 0
exit: 0

--- round 5 ---
$ perf stat --no-big-num --no-scale -x ';' -o /users/moneytea/dev/deterministic-test/results/skx/xeon-silver-4114-step4/workers/cpu6/perf.tmp -e rtm_retired.aborted_mem:u -- /users/moneytea/dev/deterministic/static/binaries/retired_instr.all.x86_64

# started on Sat Sep 19 18:02:10 2026

0;;rtm_retired.aborted_mem:u;3141616973;100.00;;

parsed count: 0
exit: 0

result: Zero-only
rounds attempted: 5
all rounds returned zero; inconclusive
