event: dtlb_load_misses.walk_completed_2m_4m:u
cpu: 6
round limit: 5

--- round 1 ---
$ perf stat --no-big-num --no-scale -x ';' -o /users/moneytea/dev/deterministic-test/results/skx/xeon-silver-4114-step4/workers/cpu6/perf.tmp -e dtlb_load_misses.walk_completed_2m_4m:u -- /users/moneytea/dev/deterministic/static/binaries/retired_instr.all.x86_64

# started on Sat Sep 19 18:03:10 2026

0;;dtlb_load_misses.walk_completed_2m_4m:u;3121652967;100.00;;

parsed count: 0
exit: 0

--- round 2 ---
$ perf stat --no-big-num --no-scale -x ';' -o /users/moneytea/dev/deterministic-test/results/skx/xeon-silver-4114-step4/workers/cpu6/perf.tmp -e dtlb_load_misses.walk_completed_2m_4m:u -- /users/moneytea/dev/deterministic/static/binaries/retired_instr.all.x86_64

# started on Sat Sep 19 18:03:13 2026

0;;dtlb_load_misses.walk_completed_2m_4m:u;3121269430;100.00;;

parsed count: 0
exit: 0

--- round 3 ---
$ perf stat --no-big-num --no-scale -x ';' -o /users/moneytea/dev/deterministic-test/results/skx/xeon-silver-4114-step4/workers/cpu6/perf.tmp -e dtlb_load_misses.walk_completed_2m_4m:u -- /users/moneytea/dev/deterministic/static/binaries/retired_instr.all.x86_64

# started on Sat Sep 19 18:03:17 2026

0;;dtlb_load_misses.walk_completed_2m_4m:u;3121474413;100.00;;

parsed count: 0
exit: 0

--- round 4 ---
$ perf stat --no-big-num --no-scale -x ';' -o /users/moneytea/dev/deterministic-test/results/skx/xeon-silver-4114-step4/workers/cpu6/perf.tmp -e dtlb_load_misses.walk_completed_2m_4m:u -- /users/moneytea/dev/deterministic/static/binaries/retired_instr.all.x86_64

# started on Sat Sep 19 18:03:20 2026

0;;dtlb_load_misses.walk_completed_2m_4m:u;3119536433;100.00;;

parsed count: 0
exit: 0

--- round 5 ---
$ perf stat --no-big-num --no-scale -x ';' -o /users/moneytea/dev/deterministic-test/results/skx/xeon-silver-4114-step4/workers/cpu6/perf.tmp -e dtlb_load_misses.walk_completed_2m_4m:u -- /users/moneytea/dev/deterministic/static/binaries/retired_instr.all.x86_64

# started on Sat Sep 19 18:03:23 2026

0;;dtlb_load_misses.walk_completed_2m_4m:u;3120050154;100.00;;

parsed count: 0
exit: 0

result: Zero-only
rounds attempted: 5
all rounds returned zero; inconclusive
