event: mem-stores:u
cpu: 18
round limit: 20

--- preliminary count ---
count: 24060000
overflow threshold: 1000000

--- round 1 ---
count at stop: 1000000
skid: 0
instruction pointer: 0x400208

--- round 2 ---
count at stop: 1000000
skid: 0
instruction pointer: 0x400203

--- round 3 ---
count at stop: 1000000
skid: 0
instruction pointer: 0x400203

--- round 4 ---
count at stop: 1000000
skid: 0
instruction pointer: 0x400208

--- round 5 ---
count at stop: 1000000
skid: 0
instruction pointer: 0x400208

--- round 6 ---
count at stop: 1000000
skid: 0
instruction pointer: 0x400208

--- round 7 ---
count at stop: 1000000
skid: 0
instruction pointer: 0x400203

--- round 8 ---
count at stop: 1000000
skid: 0
instruction pointer: 0x400208

--- round 9 ---
count at stop: 1000000
skid: 0
instruction pointer: 0x400208

--- round 10 ---
count at stop: 1000000
skid: 0
instruction pointer: 0x400203

--- round 11 ---
count at stop: 1000000
skid: 0
instruction pointer: 0x400208

--- round 12 ---
count at stop: 1000000
skid: 0
instruction pointer: 0x400203

--- round 13 ---
count at stop: 1000000
skid: 0
instruction pointer: 0x400208

--- round 14 ---
count at stop: 1000000
skid: 0
instruction pointer: 0x400203

--- round 15 ---
count at stop: 1000000
skid: 0
instruction pointer: 0x400208

--- round 16 ---
count at stop: 1000000
skid: 0
instruction pointer: 0x400203

--- round 17 ---
count at stop: 1000000
skid: 0
instruction pointer: 0x400208

--- round 18 ---
count at stop: 1000000
skid: 0
instruction pointer: 0x400208

--- round 19 ---
count at stop: 1000000
skid: 0
instruction pointer: 0x400203

--- round 20 ---
count at stop: 1000000
skid: 0
instruction pointer: 0x400208

result: Potentially deterministic
successful rounds: 20/20
