event: fp_arith_inst_retired.4_flops:u
cpu: 11
round limit: 5

--- round 1 ---
$ perf stat --no-big-num --no-scale -x ';' -o /users/moneytea/dev/deterministic-test/results/skx/xeon-silver-4114-step4-2/workers/cpu11/perf.tmp -e fp_arith_inst_retired.4_flops:u -- /users/moneytea/dev/deterministic/static/binaries/retired_instr.all.x86_64

# started on Sat Sep 19 18:06:48 2026

2900000;;fp_arith_inst_retired.4_flops:u;3122831655;100.00;;

parsed count: 2900000
exit: 0

--- round 2 ---
$ perf stat --no-big-num --no-scale -x ';' -o /users/moneytea/dev/deterministic-test/results/skx/xeon-silver-4114-step4-2/workers/cpu11/perf.tmp -e fp_arith_inst_retired.4_flops:u -- /users/moneytea/dev/deterministic/static/binaries/retired_instr.all.x86_64

# started on Sat Sep 19 18:06:51 2026

2900000;;fp_arith_inst_retired.4_flops:u;3122721919;100.00;;

parsed count: 2900000
exit: 0

--- round 3 ---
$ perf stat --no-big-num --no-scale -x ';' -o /users/moneytea/dev/deterministic-test/results/skx/xeon-silver-4114-step4-2/workers/cpu11/perf.tmp -e fp_arith_inst_retired.4_flops:u -- /users/moneytea/dev/deterministic/static/binaries/retired_instr.all.x86_64

# started on Sat Sep 19 18:06:54 2026

2900000;;fp_arith_inst_retired.4_flops:u;3125659243;100.00;;

parsed count: 2900000
exit: 0

--- round 4 ---
$ perf stat --no-big-num --no-scale -x ';' -o /users/moneytea/dev/deterministic-test/results/skx/xeon-silver-4114-step4-2/workers/cpu11/perf.tmp -e fp_arith_inst_retired.4_flops:u -- /users/moneytea/dev/deterministic/static/binaries/retired_instr.all.x86_64

# started on Sat Sep 19 18:06:57 2026

2900000;;fp_arith_inst_retired.4_flops:u;3124458078;100.00;;

parsed count: 2900000
exit: 0

--- round 5 ---
$ perf stat --no-big-num --no-scale -x ';' -o /users/moneytea/dev/deterministic-test/results/skx/xeon-silver-4114-step4-2/workers/cpu11/perf.tmp -e fp_arith_inst_retired.4_flops:u -- /users/moneytea/dev/deterministic/static/binaries/retired_instr.all.x86_64

# started on Sat Sep 19 18:07:00 2026

2900000;;fp_arith_inst_retired.4_flops:u;3114867142;100.00;;

parsed count: 2900000
exit: 0

result: Potentially deterministic
rounds attempted: 5

