event: inst_retired.nop:u
cpu: 16
round limit: 20

--- preliminary count ---
count: 1580000
period: 790000

--- round 1 ---
count at stop: 790048
skid: 48
instruction pointer: 0x400a69

--- round 2 ---
count at stop: 790048
skid: 48
instruction pointer: 0x400a69

--- round 3 ---
count at stop: 790048
skid: 48
instruction pointer: 0x400a69

--- round 4 ---
count at stop: 790048
skid: 48
instruction pointer: 0x400a69

--- round 5 ---
count at stop: 790048
skid: 48
instruction pointer: 0x400a62

--- round 6 ---
count at stop: 790048
skid: 48
instruction pointer: 0x400a69

--- round 7 ---
count at stop: 790048
skid: 48
instruction pointer: 0x400a69

--- round 8 ---
count at stop: 790048
skid: 48
instruction pointer: 0x400a69

--- round 9 ---
count at stop: 790048
skid: 48
instruction pointer: 0x400a69

--- round 10 ---
count at stop: 790048
skid: 48
instruction pointer: 0x400a62

--- round 11 ---
count at stop: 790048
skid: 48
instruction pointer: 0x400a69

--- round 12 ---
count at stop: 790048
skid: 48
instruction pointer: 0x400a69

--- round 13 ---
count at stop: 790048
skid: 48
instruction pointer: 0x400a62

--- round 14 ---
count at stop: 790048
skid: 48
instruction pointer: 0x400a69

--- round 15 ---
count at stop: 790048
skid: 48
instruction pointer: 0x400a69

--- round 16 ---
count at stop: 790048
skid: 48
instruction pointer: 0x400a62

--- round 17 ---
count at stop: 790048
skid: 48
instruction pointer: 0x400a69

--- round 18 ---
count at stop: 790048
skid: 48
instruction pointer: 0x400a69

--- round 19 ---
count at stop: 790048
skid: 48
instruction pointer: 0x400a69

--- round 20 ---
count at stop: 790048
skid: 48
instruction pointer: 0x400a69

result: Potentially deterministic
successful rounds: 20/20
