event: br_inst_retired.cond_ntaken:u
cpu: 2
round limit: 20

--- preliminary count ---
count: 2400016
overflow threshold: 1000000

--- round 1 ---
count at stop: 1000015
skid: 15
instruction pointer: 0x400c6c

--- round 2 ---
count at stop: 1000011
skid: 11
instruction pointer: 0x400c32

--- round 3 ---
count at stop: 1000014
skid: 14
instruction pointer: 0x400c67

--- round 4 ---
count at stop: 1000015
skid: 15
instruction pointer: 0x400c6c

--- round 5 ---
count at stop: 1000014
skid: 14
instruction pointer: 0x400c67

--- round 6 ---
count at stop: 1000015
skid: 15
instruction pointer: 0x400c6c

--- round 7 ---
count at stop: 1000009
skid: 9
instruction pointer: 0x400c24

--- round 8 ---
count at stop: 1000014
skid: 14
instruction pointer: 0x400c67

--- round 9 ---
count at stop: 1000013
skid: 13
instruction pointer: 0x400c5e

--- round 10 ---
count at stop: 1000011
skid: 11
instruction pointer: 0x400c32

--- round 11 ---
count at stop: 1000013
skid: 13
instruction pointer: 0x400c5e

--- round 12 ---
count at stop: 1000014
skid: 14
instruction pointer: 0x400c67

--- round 13 ---
count at stop: 1000014
skid: 14
instruction pointer: 0x400c67

--- round 14 ---
count at stop: 1000015
skid: 15
instruction pointer: 0x400c6c

--- round 15 ---
count at stop: 1000014
skid: 14
instruction pointer: 0x400c67

--- round 16 ---
count at stop: 1000015
skid: 15
instruction pointer: 0x400c6c

--- round 17 ---
count at stop: 1000015
skid: 15
instruction pointer: 0x400b42

--- round 18 ---
count at stop: 1000014
skid: 14
instruction pointer: 0x400c67

--- round 19 ---
count at stop: 1000015
skid: 15
instruction pointer: 0x400b44

--- round 20 ---
count at stop: 1000015
skid: 15
instruction pointer: 0x400b3e

result: Non-deterministic
successful rounds: 20/20
