event: br_inst_retired.cond:u
cpu: 0
round limit: 100
overflow threshold: 117424

--- round 1 ---
count at stop: 117468
skid: 44
instruction pointer: 0x4010f3

--- round 2 ---
count at stop: 117468
skid: 44
instruction pointer: 0x4010f3

--- round 3 ---
count at stop: 117469
skid: 45
instruction pointer: 0x4010f6

--- round 4 ---
count at stop: 117469
skid: 45
instruction pointer: 0x4010f6

--- round 5 ---
count at stop: 117468
skid: 44
instruction pointer: 0x4010f3

--- round 6 ---
count at stop: 117468
skid: 44
instruction pointer: 0x4010f3

--- round 7 ---
count at stop: 117468
skid: 44
instruction pointer: 0x4010f3

--- round 8 ---
count at stop: 117438
skid: 14
instruction pointer: 0x401099

--- round 9 ---
count at stop: 117438
skid: 14
instruction pointer: 0x401099

--- round 10 ---
count at stop: 117439
skid: 15
instruction pointer: 0x40109c

--- round 11 ---
count at stop: 117470
skid: 46
instruction pointer: 0x4010f9

--- round 12 ---
count at stop: 117469
skid: 45
instruction pointer: 0x4010f6

--- round 13 ---
count at stop: 117469
skid: 45
instruction pointer: 0x4010f6

--- round 14 ---
count at stop: 117472
skid: 48
instruction pointer: 0x4010ff

--- round 15 ---
count at stop: 117468
skid: 44
instruction pointer: 0x4010f3

--- round 16 ---
count at stop: 117468
skid: 44
instruction pointer: 0x4010f3

--- round 17 ---
count at stop: 117468
skid: 44
instruction pointer: 0x4010f3

--- round 18 ---
count at stop: 117469
skid: 45
instruction pointer: 0x4010f6

--- round 19 ---
count at stop: 117468
skid: 44
instruction pointer: 0x4010f3

--- round 20 ---
count at stop: 117471
skid: 47
instruction pointer: 0x4010fc

--- round 21 ---
count at stop: 117471
skid: 47
instruction pointer: 0x4010fc

--- round 22 ---
count at stop: 117472
skid: 48
instruction pointer: 0x4010ff

--- round 23 ---
count at stop: 117472
skid: 48
instruction pointer: 0x4010ff

--- round 24 ---
count at stop: 117469
skid: 45
instruction pointer: 0x4010f6

--- round 25 ---
count at stop: 117469
skid: 45
instruction pointer: 0x4010f6

--- round 26 ---
count at stop: 117469
skid: 45
instruction pointer: 0x4010f6

--- round 27 ---
count at stop: 117468
skid: 44
instruction pointer: 0x4010f3

--- round 28 ---
count at stop: 117469
skid: 45
instruction pointer: 0x4010f6

--- round 29 ---
count at stop: 117469
skid: 45
instruction pointer: 0x4010f6

--- round 30 ---
count at stop: 117470
skid: 46
instruction pointer: 0x4010f9

--- round 31 ---
count at stop: 117446
skid: 22
instruction pointer: 0x4010b1

--- round 32 ---
count at stop: 117477
skid: 53
instruction pointer: 0x40110e

--- round 33 ---
count at stop: 117468
skid: 44
instruction pointer: 0x4010f3

--- round 34 ---
count at stop: 117469
skid: 45
instruction pointer: 0x4010f6

--- round 35 ---
count at stop: 117471
skid: 47
instruction pointer: 0x4010fc

--- round 36 ---
count at stop: 117477
skid: 53
instruction pointer: 0x40110e

--- round 37 ---
count at stop: 117468
skid: 44
instruction pointer: 0x4010f3

--- round 38 ---
count at stop: 117469
skid: 45
instruction pointer: 0x4010f6

--- round 39 ---
count at stop: 117469
skid: 45
instruction pointer: 0x4010f6

--- round 40 ---
count at stop: 117469
skid: 45
instruction pointer: 0x4010f6

--- round 41 ---
count at stop: 117446
skid: 22
instruction pointer: 0x4010b1

--- round 42 ---
count at stop: 117466
skid: 42
instruction pointer: 0x4010ed

--- round 43 ---
count at stop: 117468
skid: 44
instruction pointer: 0x4010f3

--- round 44 ---
count at stop: 117468
skid: 44
instruction pointer: 0x4010f3

--- round 45 ---
count at stop: 117471
skid: 47
instruction pointer: 0x4010fc

--- round 46 ---
count at stop: 117469
skid: 45
instruction pointer: 0x4010f6

--- round 47 ---
count at stop: 117446
skid: 22
instruction pointer: 0x4010b1

--- round 48 ---
count at stop: 117430
skid: 6
instruction pointer: 0x401081

--- round 49 ---
count at stop: 117477
skid: 53
instruction pointer: 0x40110e

--- round 50 ---
count at stop: 117469
skid: 45
instruction pointer: 0x4010f6

--- round 51 ---
count at stop: 117447
skid: 23
instruction pointer: 0x4010b4

--- round 52 ---
count at stop: 117477
skid: 53
instruction pointer: 0x40110e

--- round 53 ---
count at stop: 117468
skid: 44
instruction pointer: 0x4010f3

--- round 54 ---
count at stop: 117468
skid: 44
instruction pointer: 0x4010f3

--- round 55 ---
count at stop: 117446
skid: 22
instruction pointer: 0x4010b2

--- round 56 ---
count at stop: 117468
skid: 44
instruction pointer: 0x4010f3

--- round 57 ---
count at stop: 117469
skid: 45
instruction pointer: 0x4010f6

--- round 58 ---
count at stop: 117469
skid: 45
instruction pointer: 0x4010f6

--- round 59 ---
count at stop: 117446
skid: 22
instruction pointer: 0x4010b1

--- round 60 ---
count at stop: 117468
skid: 44
instruction pointer: 0x4010f3

--- round 61 ---
count at stop: 117469
skid: 45
instruction pointer: 0x4010f6

--- round 62 ---
count at stop: 117468
skid: 44
instruction pointer: 0x4010f3

--- round 63 ---
count at stop: 117470
skid: 46
instruction pointer: 0x4010f9

--- round 64 ---
count at stop: 117469
skid: 45
instruction pointer: 0x4010f6

--- round 65 ---
count at stop: 117469
skid: 45
instruction pointer: 0x4010f6

--- round 66 ---
count at stop: 117470
skid: 46
instruction pointer: 0x4010f9

--- round 67 ---
count at stop: 117469
skid: 45
instruction pointer: 0x4010f6

--- round 68 ---
count at stop: 117469
skid: 45
instruction pointer: 0x4010f6

--- round 69 ---
count at stop: 117469
skid: 45
instruction pointer: 0x4010f6

--- round 70 ---
count at stop: 117469
skid: 45
instruction pointer: 0x4010f6

--- round 71 ---
count at stop: 117469
skid: 45
instruction pointer: 0x4010f6

--- round 72 ---
count at stop: 117469
skid: 45
instruction pointer: 0x4010f6

--- round 73 ---
count at stop: 117472
skid: 48
instruction pointer: 0x4010ff

--- round 74 ---
count at stop: 117468
skid: 44
instruction pointer: 0x4010f3

--- round 75 ---
count at stop: 117468
skid: 44
instruction pointer: 0x4010f3

--- round 76 ---
count at stop: 117468
skid: 44
instruction pointer: 0x4010f3

--- round 77 ---
count at stop: 117468
skid: 44
instruction pointer: 0x4010f3

--- round 78 ---
count at stop: 117468
skid: 44
instruction pointer: 0x4010f3

--- round 79 ---
count at stop: 117468
skid: 44
instruction pointer: 0x4010f3

--- round 80 ---
count at stop: 117468
skid: 44
instruction pointer: 0x4010f3

--- round 81 ---
count at stop: 117446
skid: 22
instruction pointer: 0x4010b1

--- round 82 ---
count at stop: 117468
skid: 44
instruction pointer: 0x4010f3

--- round 83 ---
count at stop: 117468
skid: 44
instruction pointer: 0x4010f3

--- round 84 ---
count at stop: 117466
skid: 42
instruction pointer: 0x4010ed

--- round 85 ---
count at stop: 117463
skid: 39
instruction pointer: 0x4010e4

--- round 86 ---
count at stop: 117463
skid: 39
instruction pointer: 0x4010e4

--- round 87 ---
count at stop: 117469
skid: 45
instruction pointer: 0x4010f6

--- round 88 ---
count at stop: 117469
skid: 45
instruction pointer: 0x4010f6

--- round 89 ---
count at stop: 117469
skid: 45
instruction pointer: 0x4010f6

--- round 90 ---
count at stop: 117472
skid: 48
instruction pointer: 0x4010ff

--- round 91 ---
count at stop: 117446
skid: 22
instruction pointer: 0x4010b1

--- round 92 ---
count at stop: 117468
skid: 44
instruction pointer: 0x4010f3

--- round 93 ---
count at stop: 117468
skid: 44
instruction pointer: 0x4010f3

--- round 94 ---
count at stop: 117469
skid: 45
instruction pointer: 0x4010f6

--- round 95 ---
count at stop: 117468
skid: 44
instruction pointer: 0x4010f3

--- round 96 ---
count at stop: 117468
skid: 44
instruction pointer: 0x4010f3

--- round 97 ---
count at stop: 117469
skid: 45
instruction pointer: 0x4010f6

--- round 98 ---
count at stop: 117469
skid: 45
instruction pointer: 0x4010f6

--- round 99 ---
count at stop: 117442
skid: 18
instruction pointer: 0x4010a5

--- round 100 ---
count at stop: 117469
skid: 45
instruction pointer: 0x4010f6

result: Non-deterministic
successful rounds: 100/100
