event: br_misp_exec.indirect:u
cpu: 11
round limit: 5

--- round 1 ---
$ perf stat --no-big-num --no-scale -x ';' -o /users/moneytea/dev/deterministic-test/results/skx/xeon-silver-4114-step4/workers/cpu11/perf.tmp -e br_misp_exec.indirect:u -- /users/moneytea/dev/deterministic/static/binaries/retired_instr.all.x86_64

# started on Sat Sep 19 18:02:28 2026

2;;br_misp_exec.indirect:u;3123014682;100.00;;

parsed count: 2
exit: 0

--- round 2 ---
$ perf stat --no-big-num --no-scale -x ';' -o /users/moneytea/dev/deterministic-test/results/skx/xeon-silver-4114-step4/workers/cpu11/perf.tmp -e br_misp_exec.indirect:u -- /users/moneytea/dev/deterministic/static/binaries/retired_instr.all.x86_64

# started on Sat Sep 19 18:02:31 2026

2;;br_misp_exec.indirect:u;3127550953;100.00;;

parsed count: 2
exit: 0

--- round 3 ---
$ perf stat --no-big-num --no-scale -x ';' -o /users/moneytea/dev/deterministic-test/results/skx/xeon-silver-4114-step4/workers/cpu11/perf.tmp -e br_misp_exec.indirect:u -- /users/moneytea/dev/deterministic/static/binaries/retired_instr.all.x86_64

# started on Sat Sep 19 18:02:34 2026

2;;br_misp_exec.indirect:u;3121291980;100.00;;

parsed count: 2
exit: 0

--- round 4 ---
$ perf stat --no-big-num --no-scale -x ';' -o /users/moneytea/dev/deterministic-test/results/skx/xeon-silver-4114-step4/workers/cpu11/perf.tmp -e br_misp_exec.indirect:u -- /users/moneytea/dev/deterministic/static/binaries/retired_instr.all.x86_64

# started on Sat Sep 19 18:02:38 2026

2;;br_misp_exec.indirect:u;3122772561;100.00;;

parsed count: 2
exit: 0

--- round 5 ---
$ perf stat --no-big-num --no-scale -x ';' -o /users/moneytea/dev/deterministic-test/results/skx/xeon-silver-4114-step4/workers/cpu11/perf.tmp -e br_misp_exec.indirect:u -- /users/moneytea/dev/deterministic/static/binaries/retired_instr.all.x86_64

# started on Sat Sep 19 18:02:41 2026

2;;br_misp_exec.indirect:u;3124762147;100.00;;

parsed count: 2
exit: 0

result: Potentially deterministic
rounds attempted: 5

