event: fp_arith_inst_retired.4_flops:u
cpu: 11
round limit: 5

--- round 1 ---
$ perf stat --no-big-num --no-scale -x ';' -o /users/moneytea/dev/deterministic-test/results/skx/xeon-silver-4114-step4/workers/cpu11/perf.tmp -e fp_arith_inst_retired.4_flops:u -- /users/moneytea/dev/deterministic/static/binaries/retired_instr.all.x86_64

# started on Sat Sep 19 18:01:37 2026

2900000;;fp_arith_inst_retired.4_flops:u;3131836852;100.00;;

parsed count: 2900000
exit: 0

--- round 2 ---
$ perf stat --no-big-num --no-scale -x ';' -o /users/moneytea/dev/deterministic-test/results/skx/xeon-silver-4114-step4/workers/cpu11/perf.tmp -e fp_arith_inst_retired.4_flops:u -- /users/moneytea/dev/deterministic/static/binaries/retired_instr.all.x86_64

# started on Sat Sep 19 18:01:41 2026

2900000;;fp_arith_inst_retired.4_flops:u;3125853973;100.00;;

parsed count: 2900000
exit: 0

--- round 3 ---
$ perf stat --no-big-num --no-scale -x ';' -o /users/moneytea/dev/deterministic-test/results/skx/xeon-silver-4114-step4/workers/cpu11/perf.tmp -e fp_arith_inst_retired.4_flops:u -- /users/moneytea/dev/deterministic/static/binaries/retired_instr.all.x86_64

# started on Sat Sep 19 18:01:44 2026

2900000;;fp_arith_inst_retired.4_flops:u;3125174853;100.00;;

parsed count: 2900000
exit: 0

--- round 4 ---
$ perf stat --no-big-num --no-scale -x ';' -o /users/moneytea/dev/deterministic-test/results/skx/xeon-silver-4114-step4/workers/cpu11/perf.tmp -e fp_arith_inst_retired.4_flops:u -- /users/moneytea/dev/deterministic/static/binaries/retired_instr.all.x86_64

# started on Sat Sep 19 18:01:47 2026

2900000;;fp_arith_inst_retired.4_flops:u;3124140304;100.00;;

parsed count: 2900000
exit: 0

--- round 5 ---
$ perf stat --no-big-num --no-scale -x ';' -o /users/moneytea/dev/deterministic-test/results/skx/xeon-silver-4114-step4/workers/cpu11/perf.tmp -e fp_arith_inst_retired.4_flops:u -- /users/moneytea/dev/deterministic/static/binaries/retired_instr.all.x86_64

# started on Sat Sep 19 18:01:50 2026

2900000;;fp_arith_inst_retired.4_flops:u;3124005558;100.00;;

parsed count: 2900000
exit: 0

result: Potentially deterministic
rounds attempted: 5

