event: br_inst_retired.cond:u
cpu: 0
round limit: 10

--- preliminary count ---
count: 8220000
period: 1000000

--- round 1 ---
count at stop: 1000021
skid: 21
instruction pointer: 0x400b58

--- round 2 ---
count at stop: 1000021
skid: 21
instruction pointer: 0x400b4d

--- round 3 ---
count at stop: 1000021
skid: 21
instruction pointer: 0x400b58

--- round 4 ---
count at stop: 1000021
skid: 21
instruction pointer: 0x400b48

--- round 5 ---
count at stop: 1000021
skid: 21
instruction pointer: 0x400b58

--- round 6 ---
count at stop: 1000021
skid: 21
instruction pointer: 0x400b56

--- round 7 ---
count at stop: 1000021
skid: 21
instruction pointer: 0x400b58

--- round 8 ---
count at stop: 1000021
skid: 21
instruction pointer: 0x400b59

--- round 9 ---
count at stop: 1000021
skid: 21
instruction pointer: 0x400b56

--- round 10 ---
count at stop: 1000021
skid: 21
instruction pointer: 0x400b58

result: Potentially deterministic
successful rounds: 10/10
