Results: /home/mani/dev/Laplace/deterministic/max-skid-experiment/results/sep-23-2026-15:26:10/sep-23-2026-15:27:52
Workers: [0]; coordinator: 63
br_inst_retired.cond:u on CPU 0; 100 rounds
Overflow threshold: 117424
Round 1/100: count=117437; skid=13
Round 2/100: count=117436; skid=12
Round 3/100: count=117433; skid=9
Round 4/100: count=117433; skid=9
Round 5/100: count=117433; skid=9
Round 6/100: count=117434; skid=10
Round 7/100: count=117432; skid=8
Round 8/100: count=117435; skid=11
Round 9/100: count=117434; skid=10
Round 10/100: count=117433; skid=9
Round 11/100: count=117433; skid=9
Round 12/100: count=117433; skid=9
Round 13/100: count=117432; skid=8
Round 14/100: count=117432; skid=8
Round 15/100: count=117434; skid=10
Round 16/100: count=117437; skid=13
Round 17/100: count=117436; skid=12
Round 18/100: count=117435; skid=11
Round 19/100: count=117438; skid=14
Round 20/100: count=117438; skid=14
Round 21/100: count=117436; skid=12
Round 22/100: count=117433; skid=9
Round 23/100: count=117437; skid=13
Round 24/100: count=117432; skid=8
Round 25/100: count=117433; skid=9
Round 26/100: count=117437; skid=13
Round 27/100: count=117431; skid=7
Round 28/100: count=117432; skid=8
Round 29/100: count=117434; skid=10
Round 30/100: count=117437; skid=13
Round 31/100: count=117431; skid=7
Round 32/100: count=117431; skid=7
Round 33/100: count=117431; skid=7
Round 34/100: count=117433; skid=9
Round 35/100: count=117434; skid=10
Round 36/100: count=117438; skid=14
Round 37/100: count=117435; skid=11
Round 38/100: count=117433; skid=9
Round 39/100: count=117433; skid=9
Round 40/100: count=117438; skid=14
Round 41/100: count=117436; skid=12
Round 42/100: count=117437; skid=13
Round 43/100: count=117431; skid=7
Round 44/100: count=117431; skid=7
Round 45/100: count=117434; skid=10
Round 46/100: count=117437; skid=13
Round 47/100: count=117431; skid=7
Round 48/100: count=117431; skid=7
Round 49/100: count=117437; skid=13
Round 50/100: count=117434; skid=10
Round 51/100: count=117432; skid=8
Round 52/100: count=117433; skid=9
Round 53/100: count=117431; skid=7
Round 54/100: count=117433; skid=9
Round 55/100: count=117433; skid=9
Round 56/100: count=117433; skid=9
Round 57/100: count=117432; skid=8
Round 58/100: count=117437; skid=13
Round 59/100: count=117438; skid=14
Round 60/100: count=117433; skid=9
Round 61/100: count=117433; skid=9
Round 62/100: count=117433; skid=9
Round 63/100: count=117433; skid=9
Round 64/100: count=117433; skid=9
Round 65/100: count=117433; skid=9
Round 66/100: count=117433; skid=9
Round 67/100: count=117438; skid=14
Round 68/100: count=117434; skid=10
Round 69/100: count=117434; skid=10
Round 70/100: count=117431; skid=7
Round 71/100: count=117436; skid=12
Round 72/100: count=117437; skid=13
Round 73/100: count=117433; skid=9
Round 74/100: count=117434; skid=10
Round 75/100: count=117433; skid=9
Round 76/100: count=117431; skid=7
Round 77/100: count=117431; skid=7
Round 78/100: count=117437; skid=13
Round 79/100: count=117432; skid=8
Round 80/100: count=117434; skid=10
Round 81/100: count=117434; skid=10
Round 82/100: count=117432; skid=8
Round 83/100: count=117438; skid=14
Round 84/100: count=117436; skid=12
Round 85/100: count=117431; skid=7
Round 86/100: count=117432; skid=8
Round 87/100: count=117434; skid=10
Round 88/100: count=117432; skid=8
Round 89/100: count=117431; skid=7
Round 90/100: count=117437; skid=13
Round 91/100: count=117433; skid=9
Round 92/100: count=117436; skid=12
Round 93/100: count=117433; skid=9
Round 94/100: count=117433; skid=9
Round 95/100: count=117437; skid=13
Round 96/100: count=117432; skid=8
Round 97/100: count=117437; skid=13
Round 98/100: count=117431; skid=7
Round 99/100: count=117433; skid=9
Round 100/100: count=117431; skid=7
Complete: 1/1 (100.0%); remaining: 0; elapsed: 1s
Non-deterministic: 1
[32m[+][0m run complete; see /home/mani/dev/Laplace/deterministic/max-skid-experiment/results/sep-23-2026-15:26:10/sep-23-2026-15:27:52/results.md
