event: mem_load_l3_hit_retired.xsnp_fwd:u
cpu: 42
round limit: 100

--- round 1 ---
parsed count: 0
exit: 0

--- round 2 ---
parsed count: 0
exit: 0

--- round 3 ---
parsed count: 0
exit: 0

--- round 4 ---
parsed count: 0
exit: 0

--- round 5 ---
parsed count: 0
exit: 0

--- round 6 ---
parsed count: 0
exit: 0

--- round 7 ---
parsed count: 0
exit: 0

--- round 8 ---
parsed count: 0
exit: 0

--- round 9 ---
parsed count: 0
exit: 0

--- round 10 ---
parsed count: 0
exit: 0

--- round 11 ---
parsed count: 0
exit: 0

--- round 12 ---
parsed count: 0
exit: 0

--- round 13 ---
parsed count: 0
exit: 0

--- round 14 ---
parsed count: 0
exit: 0

--- round 15 ---
parsed count: 0
exit: 0

--- round 16 ---
parsed count: 0
exit: 0

--- round 17 ---
parsed count: 1
exit: 0

result: Non-deterministic
rounds attempted: 17

