event: int_vec_retired.add_128:u
cpu: 70
round limit: 10

--- preliminary count ---
count: 4000000
period: 1000000

--- round 1 ---
count at stop: 1000000
skid: 0
instruction pointer: 0x4030cb

--- round 2 ---
count at stop: 1000000
skid: 0
instruction pointer: 0x4030cb

--- round 3 ---
count at stop: 1000000
skid: 0
instruction pointer: 0x4030cb

--- round 4 ---
count at stop: 1000000
skid: 0
instruction pointer: 0x4030cb

--- round 5 ---
count at stop: 1000000
skid: 0
instruction pointer: 0x4030cb

--- round 6 ---
count at stop: 1000000
skid: 0
instruction pointer: 0x4030cb

--- round 7 ---
count at stop: 1000000
skid: 0
instruction pointer: 0x4030cb

--- round 8 ---
count at stop: 1000000
skid: 0
instruction pointer: 0x4030cb

--- round 9 ---
count at stop: 1000000
skid: 0
instruction pointer: 0x4030cb

--- round 10 ---
count at stop: 1000000
skid: 0
instruction pointer: 0x4030cb

result: Potentially deterministic
successful rounds: 10/10
