event: fp_arith_inst_retired.128b_packed_single:u
cpu: 70
round limit: 10

--- preliminary count ---
count: 2900000
period: 1000000

--- round 1 ---
count at stop: 1000000
skid: 0
instruction pointer: 0x4020f4

--- round 2 ---
count at stop: 1000000
skid: 0
instruction pointer: 0x4020f4

--- round 3 ---
count at stop: 1000000
skid: 0
instruction pointer: 0x4020db

--- round 4 ---
count at stop: 1000000
skid: 0
instruction pointer: 0x4020f4

--- round 5 ---
count at stop: 1000000
skid: 0
instruction pointer: 0x4020f4

--- round 6 ---
count at stop: 1000000
skid: 0
instruction pointer: 0x4020db

--- round 7 ---
count at stop: 1000000
skid: 0
instruction pointer: 0x4020f4

--- round 8 ---
count at stop: 1000000
skid: 0
instruction pointer: 0x4020f4

--- round 9 ---
count at stop: 1000000
skid: 0
instruction pointer: 0x4020f4

--- round 10 ---
count at stop: 1000000
skid: 0
instruction pointer: 0x4020f4

result: Potentially deterministic
successful rounds: 10/10
