event: misc2_retired.lfence:u
cpu: 70
round limit: 10

--- preliminary count ---
count: 100000
period: 50000

--- round 1 ---
count at stop: 50000
skid: 0
instruction pointer: 0x4030db

--- round 2 ---
count at stop: 50000
skid: 0
instruction pointer: 0x4030db

--- round 3 ---
count at stop: 50000
skid: 0
instruction pointer: 0x4030db

--- round 4 ---
count at stop: 50000
skid: 0
instruction pointer: 0x4030db

--- round 5 ---
count at stop: 50000
skid: 0
instruction pointer: 0x4030db

--- round 6 ---
count at stop: 50000
skid: 0
instruction pointer: 0x4030db

--- round 7 ---
count at stop: 50000
skid: 0
instruction pointer: 0x4030db

--- round 8 ---
count at stop: 50000
skid: 0
instruction pointer: 0x4030db

--- round 9 ---
count at stop: 50000
skid: 0
instruction pointer: 0x4030db

--- round 10 ---
count at stop: 50000
skid: 0
instruction pointer: 0x4030db

result: Potentially deterministic
successful rounds: 10/10
