event: br_misp_retired.ret:u
cpu: 37
round limit: 1000

--- round 1 ---
parsed count: 0
exit: 0

--- round 2 ---
parsed count: 0
exit: 0

--- round 3 ---
parsed count: 0
exit: 0

--- round 4 ---
parsed count: 0
exit: 0

--- round 5 ---
parsed count: 0
exit: 0

--- round 6 ---
parsed count: 0
exit: 0

--- round 7 ---
parsed count: 0
exit: 0

--- round 8 ---
parsed count: 0
exit: 0

--- round 9 ---
parsed count: 0
exit: 0

--- round 10 ---
parsed count: 0
exit: 0

--- round 11 ---
parsed count: 0
exit: 0

--- round 12 ---
parsed count: 0
exit: 0

--- round 13 ---
parsed count: 0
exit: 0

--- round 14 ---
parsed count: 0
exit: 0

--- round 15 ---
parsed count: 0
exit: 0

--- round 16 ---
parsed count: 0
exit: 0

--- round 17 ---
parsed count: 0
exit: 0

--- round 18 ---
parsed count: 0
exit: 0

--- round 19 ---
parsed count: 0
exit: 0

--- round 20 ---
parsed count: 0
exit: 0

--- round 21 ---
parsed count: 0
exit: 0

--- round 22 ---
parsed count: 0
exit: 0

--- round 23 ---
parsed count: 0
exit: 0

--- round 24 ---
parsed count: 0
exit: 0

--- round 25 ---
parsed count: 0
exit: 0

--- round 26 ---
parsed count: 0
exit: 0

--- round 27 ---
parsed count: 0
exit: 0

--- round 28 ---
parsed count: 0
exit: 0

--- round 29 ---
parsed count: 0
exit: 0

--- round 30 ---
parsed count: 0
exit: 0

--- round 31 ---
parsed count: 0
exit: 0

--- round 32 ---
parsed count: 0
exit: 0

--- round 33 ---
parsed count: 0
exit: 0

--- round 34 ---
parsed count: 0
exit: 0

--- round 35 ---
parsed count: 0
exit: 0

--- round 36 ---
parsed count: 0
exit: 0

--- round 37 ---
parsed count: 0
exit: 0

--- round 38 ---
parsed count: 0
exit: 0

--- round 39 ---
parsed count: 0
exit: 0

--- round 40 ---
parsed count: 0
exit: 0

--- round 41 ---
parsed count: 0
exit: 0

--- round 42 ---
parsed count: 0
exit: 0

--- round 43 ---
parsed count: 0
exit: 0

--- round 44 ---
parsed count: 0
exit: 0

--- round 45 ---
parsed count: 0
exit: 0

--- round 46 ---
parsed count: 0
exit: 0

--- round 47 ---
parsed count: 0
exit: 0

--- round 48 ---
parsed count: 0
exit: 0

--- round 49 ---
parsed count: 0
exit: 0

--- round 50 ---
parsed count: 0
exit: 0

--- round 51 ---
parsed count: 0
exit: 0

--- round 52 ---
parsed count: 0
exit: 0

--- round 53 ---
parsed count: 0
exit: 0

--- round 54 ---
parsed count: 0
exit: 0

--- round 55 ---
parsed count: 0
exit: 0

--- round 56 ---
parsed count: 0
exit: 0

--- round 57 ---
parsed count: 0
exit: 0

--- round 58 ---
parsed count: 0
exit: 0

--- round 59 ---
parsed count: 0
exit: 0

--- round 60 ---
parsed count: 0
exit: 0

--- round 61 ---
parsed count: 0
exit: 0

--- round 62 ---
parsed count: 0
exit: 0

--- round 63 ---
parsed count: 0
exit: 0

--- round 64 ---
parsed count: 0
exit: 0

--- round 65 ---
parsed count: 0
exit: 0

--- round 66 ---
parsed count: 0
exit: 0

--- round 67 ---
parsed count: 0
exit: 0

--- round 68 ---
parsed count: 0
exit: 0

--- round 69 ---
parsed count: 0
exit: 0

--- round 70 ---
parsed count: 0
exit: 0

--- round 71 ---
parsed count: 0
exit: 0

--- round 72 ---
parsed count: 0
exit: 0

--- round 73 ---
parsed count: 0
exit: 0

--- round 74 ---
parsed count: 0
exit: 0

--- round 75 ---
parsed count: 0
exit: 0

--- round 76 ---
parsed count: 0
exit: 0

--- round 77 ---
parsed count: 0
exit: 0

--- round 78 ---
parsed count: 0
exit: 0

--- round 79 ---
parsed count: 0
exit: 0

--- round 80 ---
parsed count: 0
exit: 0

--- round 81 ---
parsed count: 0
exit: 0

--- round 82 ---
parsed count: 0
exit: 0

--- round 83 ---
parsed count: 0
exit: 0

--- round 84 ---
parsed count: 0
exit: 0

--- round 85 ---
parsed count: 0
exit: 0

--- round 86 ---
parsed count: 0
exit: 0

--- round 87 ---
parsed count: 0
exit: 0

--- round 88 ---
parsed count: 0
exit: 0

--- round 89 ---
parsed count: 0
exit: 0

--- round 90 ---
parsed count: 0
exit: 0

--- round 91 ---
parsed count: 0
exit: 0

--- round 92 ---
parsed count: 0
exit: 0

--- round 93 ---
parsed count: 0
exit: 0

--- round 94 ---
parsed count: 0
exit: 0

--- round 95 ---
parsed count: 0
exit: 0

--- round 96 ---
parsed count: 0
exit: 0

--- round 97 ---
parsed count: 0
exit: 0

--- round 98 ---
parsed count: 0
exit: 0

--- round 99 ---
parsed count: 0
exit: 0

--- round 100 ---
parsed count: 0
exit: 0

--- round 101 ---
parsed count: 0
exit: 0

--- round 102 ---
parsed count: 0
exit: 0

--- round 103 ---
parsed count: 0
exit: 0

--- round 104 ---
parsed count: 0
exit: 0

--- round 105 ---
parsed count: 0
exit: 0

--- round 106 ---
parsed count: 0
exit: 0

--- round 107 ---
parsed count: 0
exit: 0

--- round 108 ---
parsed count: 0
exit: 0

--- round 109 ---
parsed count: 0
exit: 0

--- round 110 ---
parsed count: 0
exit: 0

--- round 111 ---
parsed count: 0
exit: 0

--- round 112 ---
parsed count: 0
exit: 0

--- round 113 ---
parsed count: 0
exit: 0

--- round 114 ---
parsed count: 0
exit: 0

--- round 115 ---
parsed count: 0
exit: 0

--- round 116 ---
parsed count: 0
exit: 0

--- round 117 ---
parsed count: 0
exit: 0

--- round 118 ---
parsed count: 0
exit: 0

--- round 119 ---
parsed count: 0
exit: 0

--- round 120 ---
parsed count: 0
exit: 0

--- round 121 ---
parsed count: 0
exit: 0

--- round 122 ---
parsed count: 0
exit: 0

--- round 123 ---
parsed count: 0
exit: 0

--- round 124 ---
parsed count: 0
exit: 0

--- round 125 ---
parsed count: 0
exit: 0

--- round 126 ---
parsed count: 0
exit: 0

--- round 127 ---
parsed count: 0
exit: 0

--- round 128 ---
parsed count: 0
exit: 0

--- round 129 ---
parsed count: 0
exit: 0

--- round 130 ---
parsed count: 0
exit: 0

--- round 131 ---
parsed count: 0
exit: 0

--- round 132 ---
parsed count: 0
exit: 0

--- round 133 ---
parsed count: 0
exit: 0

--- round 134 ---
parsed count: 0
exit: 0

--- round 135 ---
parsed count: 0
exit: 0

--- round 136 ---
parsed count: 0
exit: 0

--- round 137 ---
parsed count: 0
exit: 0

--- round 138 ---
parsed count: 0
exit: 0

--- round 139 ---
parsed count: 0
exit: 0

--- round 140 ---
parsed count: 0
exit: 0

--- round 141 ---
parsed count: 0
exit: 0

--- round 142 ---
parsed count: 0
exit: 0

--- round 143 ---
parsed count: 0
exit: 0

--- round 144 ---
parsed count: 0
exit: 0

--- round 145 ---
parsed count: 0
exit: 0

--- round 146 ---
parsed count: 0
exit: 0

--- round 147 ---
parsed count: 0
exit: 0

--- round 148 ---
parsed count: 0
exit: 0

--- round 149 ---
parsed count: 0
exit: 0

--- round 150 ---
parsed count: 0
exit: 0

--- round 151 ---
parsed count: 0
exit: 0

--- round 152 ---
parsed count: 0
exit: 0

--- round 153 ---
parsed count: 0
exit: 0

--- round 154 ---
parsed count: 0
exit: 0

--- round 155 ---
parsed count: 0
exit: 0

--- round 156 ---
parsed count: 0
exit: 0

--- round 157 ---
parsed count: 0
exit: 0

--- round 158 ---
parsed count: 0
exit: 0

--- round 159 ---
parsed count: 0
exit: 0

--- round 160 ---
parsed count: 0
exit: 0

--- round 161 ---
parsed count: 0
exit: 0

--- round 162 ---
parsed count: 0
exit: 0

--- round 163 ---
parsed count: 0
exit: 0

--- round 164 ---
parsed count: 0
exit: 0

--- round 165 ---
parsed count: 0
exit: 0

--- round 166 ---
parsed count: 0
exit: 0

--- round 167 ---
parsed count: 0
exit: 0

--- round 168 ---
parsed count: 0
exit: 0

--- round 169 ---
parsed count: 0
exit: 0

--- round 170 ---
parsed count: 0
exit: 0

--- round 171 ---
parsed count: 0
exit: 0

--- round 172 ---
parsed count: 0
exit: 0

--- round 173 ---
parsed count: 0
exit: 0

--- round 174 ---
parsed count: 0
exit: 0

--- round 175 ---
parsed count: 0
exit: 0

--- round 176 ---
parsed count: 0
exit: 0

--- round 177 ---
parsed count: 0
exit: 0

--- round 178 ---
parsed count: 0
exit: 0

--- round 179 ---
parsed count: 0
exit: 0

--- round 180 ---
parsed count: 0
exit: 0

--- round 181 ---
parsed count: 0
exit: 0

--- round 182 ---
parsed count: 0
exit: 0

--- round 183 ---
parsed count: 0
exit: 0

--- round 184 ---
parsed count: 0
exit: 0

--- round 185 ---
parsed count: 0
exit: 0

--- round 186 ---
parsed count: 0
exit: 0

--- round 187 ---
parsed count: 0
exit: 0

--- round 188 ---
parsed count: 0
exit: 0

--- round 189 ---
parsed count: 0
exit: 0

--- round 190 ---
parsed count: 0
exit: 0

--- round 191 ---
parsed count: 0
exit: 0

--- round 192 ---
parsed count: 0
exit: 0

--- round 193 ---
parsed count: 0
exit: 0

--- round 194 ---
parsed count: 0
exit: 0

--- round 195 ---
parsed count: 0
exit: 0

--- round 196 ---
parsed count: 0
exit: 0

--- round 197 ---
parsed count: 0
exit: 0

--- round 198 ---
parsed count: 0
exit: 0

--- round 199 ---
parsed count: 0
exit: 0

--- round 200 ---
parsed count: 0
exit: 0

--- round 201 ---
parsed count: 0
exit: 0

--- round 202 ---
parsed count: 0
exit: 0

--- round 203 ---
parsed count: 0
exit: 0

--- round 204 ---
parsed count: 0
exit: 0

--- round 205 ---
parsed count: 0
exit: 0

--- round 206 ---
parsed count: 0
exit: 0

--- round 207 ---
parsed count: 0
exit: 0

--- round 208 ---
parsed count: 0
exit: 0

--- round 209 ---
parsed count: 0
exit: 0

--- round 210 ---
parsed count: 0
exit: 0

--- round 211 ---
parsed count: 0
exit: 0

--- round 212 ---
parsed count: 0
exit: 0

--- round 213 ---
parsed count: 0
exit: 0

--- round 214 ---
parsed count: 0
exit: 0

--- round 215 ---
parsed count: 0
exit: 0

--- round 216 ---
parsed count: 0
exit: 0

--- round 217 ---
parsed count: 0
exit: 0

--- round 218 ---
parsed count: 0
exit: 0

--- round 219 ---
parsed count: 0
exit: 0

--- round 220 ---
parsed count: 0
exit: 0

--- round 221 ---
parsed count: 0
exit: 0

--- round 222 ---
parsed count: 0
exit: 0

--- round 223 ---
parsed count: 0
exit: 0

--- round 224 ---
parsed count: 0
exit: 0

--- round 225 ---
parsed count: 0
exit: 0

--- round 226 ---
parsed count: 0
exit: 0

--- round 227 ---
parsed count: 0
exit: 0

--- round 228 ---
parsed count: 0
exit: 0

--- round 229 ---
parsed count: 0
exit: 0

--- round 230 ---
parsed count: 0
exit: 0

--- round 231 ---
parsed count: 0
exit: 0

--- round 232 ---
parsed count: 0
exit: 0

--- round 233 ---
parsed count: 0
exit: 0

--- round 234 ---
parsed count: 0
exit: 0

--- round 235 ---
parsed count: 0
exit: 0

--- round 236 ---
parsed count: 0
exit: 0

--- round 237 ---
parsed count: 0
exit: 0

--- round 238 ---
parsed count: 0
exit: 0

--- round 239 ---
parsed count: 0
exit: 0

--- round 240 ---
parsed count: 0
exit: 0

--- round 241 ---
parsed count: 0
exit: 0

--- round 242 ---
parsed count: 0
exit: 0

--- round 243 ---
parsed count: 0
exit: 0

--- round 244 ---
parsed count: 0
exit: 0

--- round 245 ---
parsed count: 0
exit: 0

--- round 246 ---
parsed count: 0
exit: 0

--- round 247 ---
parsed count: 0
exit: 0

--- round 248 ---
parsed count: 0
exit: 0

--- round 249 ---
parsed count: 0
exit: 0

--- round 250 ---
parsed count: 0
exit: 0

--- round 251 ---
parsed count: 0
exit: 0

--- round 252 ---
parsed count: 0
exit: 0

--- round 253 ---
parsed count: 0
exit: 0

--- round 254 ---
parsed count: 0
exit: 0

--- round 255 ---
parsed count: 0
exit: 0

--- round 256 ---
parsed count: 0
exit: 0

--- round 257 ---
parsed count: 0
exit: 0

--- round 258 ---
parsed count: 0
exit: 0

--- round 259 ---
parsed count: 0
exit: 0

--- round 260 ---
parsed count: 0
exit: 0

--- round 261 ---
parsed count: 0
exit: 0

--- round 262 ---
parsed count: 0
exit: 0

--- round 263 ---
parsed count: 0
exit: 0

--- round 264 ---
parsed count: 0
exit: 0

--- round 265 ---
parsed count: 0
exit: 0

--- round 266 ---
parsed count: 0
exit: 0

--- round 267 ---
parsed count: 0
exit: 0

--- round 268 ---
parsed count: 0
exit: 0

--- round 269 ---
parsed count: 0
exit: 0

--- round 270 ---
parsed count: 0
exit: 0

--- round 271 ---
parsed count: 0
exit: 0

--- round 272 ---
parsed count: 0
exit: 0

--- round 273 ---
parsed count: 0
exit: 0

--- round 274 ---
parsed count: 0
exit: 0

--- round 275 ---
parsed count: 0
exit: 0

--- round 276 ---
parsed count: 0
exit: 0

--- round 277 ---
parsed count: 0
exit: 0

--- round 278 ---
parsed count: 0
exit: 0

--- round 279 ---
parsed count: 0
exit: 0

--- round 280 ---
parsed count: 0
exit: 0

--- round 281 ---
parsed count: 0
exit: 0

--- round 282 ---
parsed count: 0
exit: 0

--- round 283 ---
parsed count: 0
exit: 0

--- round 284 ---
parsed count: 0
exit: 0

--- round 285 ---
parsed count: 0
exit: 0

--- round 286 ---
parsed count: 0
exit: 0

--- round 287 ---
parsed count: 0
exit: 0

--- round 288 ---
parsed count: 0
exit: 0

--- round 289 ---
parsed count: 0
exit: 0

--- round 290 ---
parsed count: 0
exit: 0

--- round 291 ---
parsed count: 0
exit: 0

--- round 292 ---
parsed count: 0
exit: 0

--- round 293 ---
parsed count: 0
exit: 0

--- round 294 ---
parsed count: 0
exit: 0

--- round 295 ---
parsed count: 0
exit: 0

--- round 296 ---
parsed count: 0
exit: 0

--- round 297 ---
parsed count: 0
exit: 0

--- round 298 ---
parsed count: 0
exit: 0

--- round 299 ---
parsed count: 0
exit: 0

--- round 300 ---
parsed count: 0
exit: 0

--- round 301 ---
parsed count: 0
exit: 0

--- round 302 ---
parsed count: 0
exit: 0

--- round 303 ---
parsed count: 0
exit: 0

--- round 304 ---
parsed count: 0
exit: 0

--- round 305 ---
parsed count: 0
exit: 0

--- round 306 ---
parsed count: 0
exit: 0

--- round 307 ---
parsed count: 0
exit: 0

--- round 308 ---
parsed count: 0
exit: 0

--- round 309 ---
parsed count: 0
exit: 0

--- round 310 ---
parsed count: 0
exit: 0

--- round 311 ---
parsed count: 0
exit: 0

--- round 312 ---
parsed count: 0
exit: 0

--- round 313 ---
parsed count: 0
exit: 0

--- round 314 ---
parsed count: 0
exit: 0

--- round 315 ---
parsed count: 0
exit: 0

--- round 316 ---
parsed count: 0
exit: 0

--- round 317 ---
parsed count: 0
exit: 0

--- round 318 ---
parsed count: 0
exit: 0

--- round 319 ---
parsed count: 0
exit: 0

--- round 320 ---
parsed count: 0
exit: 0

--- round 321 ---
parsed count: 0
exit: 0

--- round 322 ---
parsed count: 0
exit: 0

--- round 323 ---
parsed count: 0
exit: 0

--- round 324 ---
parsed count: 0
exit: 0

--- round 325 ---
parsed count: 0
exit: 0

--- round 326 ---
parsed count: 0
exit: 0

--- round 327 ---
parsed count: 0
exit: 0

--- round 328 ---
parsed count: 0
exit: 0

--- round 329 ---
parsed count: 0
exit: 0

--- round 330 ---
parsed count: 0
exit: 0

--- round 331 ---
parsed count: 0
exit: 0

--- round 332 ---
parsed count: 0
exit: 0

--- round 333 ---
parsed count: 0
exit: 0

--- round 334 ---
parsed count: 0
exit: 0

--- round 335 ---
parsed count: 0
exit: 0

--- round 336 ---
parsed count: 1
exit: 0

result: Non-deterministic
rounds attempted: 336

