event: fp_arith_inst_retired.vector:u
cpu: 18
round limit: 5

--- round 1 ---
$ perf stat --no-big-num --no-scale -x ';' -o /users/moneytea/dev/deterministic-test/results/skx/xeon-silver-4114-step4-2/workers/cpu18/perf.tmp -e fp_arith_inst_retired.vector:u -- /users/moneytea/dev/deterministic/static/binaries/retired_instr.all.x86_64

# started on Sat Sep 19 18:06:29 2026

6000000;;fp_arith_inst_retired.vector:u;3133715119;100.00;;

parsed count: 6000000
exit: 0

--- round 2 ---
$ perf stat --no-big-num --no-scale -x ';' -o /users/moneytea/dev/deterministic-test/results/skx/xeon-silver-4114-step4-2/workers/cpu18/perf.tmp -e fp_arith_inst_retired.vector:u -- /users/moneytea/dev/deterministic/static/binaries/retired_instr.all.x86_64

# started on Sat Sep 19 18:06:32 2026

6000000;;fp_arith_inst_retired.vector:u;3145323632;100.00;;

parsed count: 6000000
exit: 0

--- round 3 ---
$ perf stat --no-big-num --no-scale -x ';' -o /users/moneytea/dev/deterministic-test/results/skx/xeon-silver-4114-step4-2/workers/cpu18/perf.tmp -e fp_arith_inst_retired.vector:u -- /users/moneytea/dev/deterministic/static/binaries/retired_instr.all.x86_64

# started on Sat Sep 19 18:06:35 2026

6000000;;fp_arith_inst_retired.vector:u;3143399120;100.00;;

parsed count: 6000000
exit: 0

--- round 4 ---
$ perf stat --no-big-num --no-scale -x ';' -o /users/moneytea/dev/deterministic-test/results/skx/xeon-silver-4114-step4-2/workers/cpu18/perf.tmp -e fp_arith_inst_retired.vector:u -- /users/moneytea/dev/deterministic/static/binaries/retired_instr.all.x86_64

# started on Sat Sep 19 18:06:38 2026

6000000;;fp_arith_inst_retired.vector:u;3131662761;100.00;;

parsed count: 6000000
exit: 0

--- round 5 ---
$ perf stat --no-big-num --no-scale -x ';' -o /users/moneytea/dev/deterministic-test/results/skx/xeon-silver-4114-step4-2/workers/cpu18/perf.tmp -e fp_arith_inst_retired.vector:u -- /users/moneytea/dev/deterministic/static/binaries/retired_instr.all.x86_64

# started on Sat Sep 19 18:06:41 2026

6000000;;fp_arith_inst_retired.vector:u;3132333201;100.00;;

parsed count: 6000000
exit: 0

result: Potentially deterministic
rounds attempted: 5

