event: fp_arith_inst_retired.128b_packed_single:u
cpu: 8
round limit: 5

--- round 1 ---
$ perf stat --no-big-num --no-scale -x ';' -o /users/moneytea/dev/deterministic-test/results/skx/xeon-silver-4114-step4-2/workers/cpu8/perf.tmp -e fp_arith_inst_retired.128b_packed_single:u -- /users/moneytea/dev/deterministic/static/binaries/retired_instr.all.x86_64

# started on Sat Sep 19 18:06:39 2026

2900000;;fp_arith_inst_retired.128b_packed_single:u;3129451067;100.00;;

parsed count: 2900000
exit: 0

--- round 2 ---
$ perf stat --no-big-num --no-scale -x ';' -o /users/moneytea/dev/deterministic-test/results/skx/xeon-silver-4114-step4-2/workers/cpu8/perf.tmp -e fp_arith_inst_retired.128b_packed_single:u -- /users/moneytea/dev/deterministic/static/binaries/retired_instr.all.x86_64

# started on Sat Sep 19 18:06:42 2026

2900000;;fp_arith_inst_retired.128b_packed_single:u;3130873631;100.00;;

parsed count: 2900000
exit: 0

--- round 3 ---
$ perf stat --no-big-num --no-scale -x ';' -o /users/moneytea/dev/deterministic-test/results/skx/xeon-silver-4114-step4-2/workers/cpu8/perf.tmp -e fp_arith_inst_retired.128b_packed_single:u -- /users/moneytea/dev/deterministic/static/binaries/retired_instr.all.x86_64

# started on Sat Sep 19 18:06:45 2026

2900000;;fp_arith_inst_retired.128b_packed_single:u;3128926102;100.00;;

parsed count: 2900000
exit: 0

--- round 4 ---
$ perf stat --no-big-num --no-scale -x ';' -o /users/moneytea/dev/deterministic-test/results/skx/xeon-silver-4114-step4-2/workers/cpu8/perf.tmp -e fp_arith_inst_retired.128b_packed_single:u -- /users/moneytea/dev/deterministic/static/binaries/retired_instr.all.x86_64

# started on Sat Sep 19 18:06:48 2026

2900000;;fp_arith_inst_retired.128b_packed_single:u;3121717962;100.00;;

parsed count: 2900000
exit: 0

--- round 5 ---
$ perf stat --no-big-num --no-scale -x ';' -o /users/moneytea/dev/deterministic-test/results/skx/xeon-silver-4114-step4-2/workers/cpu8/perf.tmp -e fp_arith_inst_retired.128b_packed_single:u -- /users/moneytea/dev/deterministic/static/binaries/retired_instr.all.x86_64

# started on Sat Sep 19 18:06:51 2026

2900000;;fp_arith_inst_retired.128b_packed_single:u;3130129153;100.00;;

parsed count: 2900000
exit: 0

result: Potentially deterministic
rounds attempted: 5

