event: fp_arith_inst_retired.128b_packed_single:u
cpu: 8
round limit: 1000

--- round 1 ---
parsed count: 2900000
exit: 0

--- round 2 ---
parsed count: 2900000
exit: 0

--- round 3 ---
parsed count: 2900000
exit: 0

--- round 4 ---
parsed count: 2900000
exit: 0

--- round 5 ---
parsed count: 2900000
exit: 0

--- round 6 ---
parsed count: 2900000
exit: 0

--- round 7 ---
parsed count: 2900000
exit: 0

--- round 8 ---
parsed count: 2900000
exit: 0

--- round 9 ---
parsed count: 2900000
exit: 0

--- round 10 ---
parsed count: 2900000
exit: 0

--- round 11 ---
parsed count: 2900000
exit: 0

--- round 12 ---
parsed count: 2900000
exit: 0

--- round 13 ---
parsed count: 2900000
exit: 0

--- round 14 ---
parsed count: 2900000
exit: 0

--- round 15 ---
parsed count: 2900000
exit: 0

--- round 16 ---
parsed count: 2900000
exit: 0

--- round 17 ---
parsed count: 2900000
exit: 0

--- round 18 ---
parsed count: 2900000
exit: 0

--- round 19 ---
parsed count: 2900000
exit: 0

--- round 20 ---
parsed count: 2900000
exit: 0

--- round 21 ---
parsed count: 2900000
exit: 0

--- round 22 ---
parsed count: 2900000
exit: 0

--- round 23 ---
parsed count: 2900000
exit: 0

--- round 24 ---
parsed count: 2900000
exit: 0

--- round 25 ---
parsed count: 2900000
exit: 0

--- round 26 ---
parsed count: 2900000
exit: 0

--- round 27 ---
parsed count: 2900000
exit: 0

--- round 28 ---
parsed count: 2900000
exit: 0

--- round 29 ---
parsed count: 2900000
exit: 0

--- round 30 ---
parsed count: 2900000
exit: 0

--- round 31 ---
parsed count: 2900000
exit: 0

--- round 32 ---
parsed count: 2900000
exit: 0

--- round 33 ---
parsed count: 2900000
exit: 0

--- round 34 ---
parsed count: 2900000
exit: 0

--- round 35 ---
parsed count: 2900000
exit: 0

--- round 36 ---
parsed count: 2900000
exit: 0

--- round 37 ---
parsed count: 2900000
exit: 0

--- round 38 ---
parsed count: 2900000
exit: 0

--- round 39 ---
parsed count: 2900000
exit: 0

--- round 40 ---
parsed count: 2900000
exit: 0

--- round 41 ---
parsed count: 2900000
exit: 0

--- round 42 ---
parsed count: 2900000
exit: 0

--- round 43 ---
parsed count: 2900000
exit: 0

--- round 44 ---
parsed count: 2900000
exit: 0

--- round 45 ---
parsed count: 2900000
exit: 0

--- round 46 ---
parsed count: 2900000
exit: 0

--- round 47 ---
parsed count: 2900000
exit: 0

--- round 48 ---
parsed count: 2900000
exit: 0

--- round 49 ---
parsed count: 2900000
exit: 0

--- round 50 ---
parsed count: 2900000
exit: 0

--- round 51 ---
parsed count: 2900000
exit: 0

--- round 52 ---
parsed count: 2900000
exit: 0

--- round 53 ---
parsed count: 2900000
exit: 0

--- round 54 ---
parsed count: 2900000
exit: 0

--- round 55 ---
parsed count: 2900000
exit: 0

--- round 56 ---
parsed count: 2900000
exit: 0

--- round 57 ---
parsed count: 2900000
exit: 0

--- round 58 ---
parsed count: 2900000
exit: 0

--- round 59 ---
parsed count: 2900000
exit: 0

--- round 60 ---
parsed count: 2900000
exit: 0

--- round 61 ---
parsed count: 2900000
exit: 0

--- round 62 ---
parsed count: 2900000
exit: 0

--- round 63 ---
parsed count: 2900000
exit: 0

--- round 64 ---
parsed count: 2900000
exit: 0

--- round 65 ---
parsed count: 2900000
exit: 0

--- round 66 ---
parsed count: 2900000
exit: 0

--- round 67 ---
parsed count: 2900000
exit: 0

--- round 68 ---
parsed count: 2900000
exit: 0

--- round 69 ---
parsed count: 2900000
exit: 0

--- round 70 ---
parsed count: 2900000
exit: 0

--- round 71 ---
parsed count: 2900000
exit: 0

--- round 72 ---
parsed count: 2900000
exit: 0

--- round 73 ---
parsed count: 2900000
exit: 0

--- round 74 ---
parsed count: 2900000
exit: 0

--- round 75 ---
parsed count: 2900000
exit: 0

--- round 76 ---
parsed count: 2900000
exit: 0

--- round 77 ---
parsed count: 2900000
exit: 0

--- round 78 ---
parsed count: 2900000
exit: 0

--- round 79 ---
parsed count: 2900000
exit: 0

--- round 80 ---
parsed count: 2900000
exit: 0

--- round 81 ---
parsed count: 2900000
exit: 0

--- round 82 ---
parsed count: 2900000
exit: 0

--- round 83 ---
parsed count: 2900000
exit: 0

--- round 84 ---
parsed count: 2900000
exit: 0

--- round 85 ---
parsed count: 2900000
exit: 0

--- round 86 ---
parsed count: 2900000
exit: 0

--- round 87 ---
parsed count: 2900000
exit: 0

--- round 88 ---
parsed count: 2900000
exit: 0

--- round 89 ---
parsed count: 2900000
exit: 0

--- round 90 ---
parsed count: 2900000
exit: 0

--- round 91 ---
parsed count: 2900000
exit: 0

--- round 92 ---
parsed count: 2900000
exit: 0

--- round 93 ---
parsed count: 2900000
exit: 0

--- round 94 ---
parsed count: 2900000
exit: 0

--- round 95 ---
parsed count: 2900000
exit: 0

--- round 96 ---
parsed count: 2900000
exit: 0

--- round 97 ---
parsed count: 2900000
exit: 0

--- round 98 ---
parsed count: 2900000
exit: 0

--- round 99 ---
parsed count: 2900000
exit: 0

--- round 100 ---
parsed count: 2900000
exit: 0

--- round 101 ---
parsed count: 2900000
exit: 0

--- round 102 ---
parsed count: 2900000
exit: 0

--- round 103 ---
parsed count: 2900000
exit: 0

--- round 104 ---
parsed count: 2900000
exit: 0

--- round 105 ---
parsed count: 2900000
exit: 0

--- round 106 ---
parsed count: 2900000
exit: 0

--- round 107 ---
parsed count: 2900000
exit: 0

--- round 108 ---
parsed count: 2900000
exit: 0

--- round 109 ---
parsed count: 2900000
exit: 0

--- round 110 ---
parsed count: 2900000
exit: 0

--- round 111 ---
parsed count: 2900000
exit: 0

--- round 112 ---
parsed count: 2900000
exit: 0

--- round 113 ---
parsed count: 2900000
exit: 0

--- round 114 ---
parsed count: 2900000
exit: 0

--- round 115 ---
parsed count: 2900000
exit: 0

--- round 116 ---
parsed count: 2900000
exit: 0

--- round 117 ---
parsed count: 2900000
exit: 0

--- round 118 ---
parsed count: 2900000
exit: 0

--- round 119 ---
parsed count: 2900000
exit: 0

--- round 120 ---
parsed count: 2900000
exit: 0

--- round 121 ---
parsed count: 2900000
exit: 0

--- round 122 ---
parsed count: 2900000
exit: 0

--- round 123 ---
parsed count: 2900000
exit: 0

--- round 124 ---
parsed count: 2900000
exit: 0

--- round 125 ---
parsed count: 2900000
exit: 0

--- round 126 ---
parsed count: 2900000
exit: 0

--- round 127 ---
parsed count: 2900000
exit: 0

--- round 128 ---
parsed count: 2900000
exit: 0

--- round 129 ---
parsed count: 2900000
exit: 0

--- round 130 ---
parsed count: 2900000
exit: 0

--- round 131 ---
parsed count: 2900000
exit: 0

--- round 132 ---
parsed count: 2900000
exit: 0

--- round 133 ---
parsed count: 2900000
exit: 0

--- round 134 ---
parsed count: 2900000
exit: 0

--- round 135 ---
parsed count: 2900000
exit: 0

--- round 136 ---
parsed count: 2900000
exit: 0

--- round 137 ---
parsed count: 2900000
exit: 0

--- round 138 ---
parsed count: 2900000
exit: 0

--- round 139 ---
parsed count: 2900000
exit: 0

--- round 140 ---
parsed count: 2900000
exit: 0

--- round 141 ---
parsed count: 2900000
exit: 0

--- round 142 ---
parsed count: 2900000
exit: 0

--- round 143 ---
parsed count: 2900000
exit: 0

--- round 144 ---
parsed count: 2900000
exit: 0

--- round 145 ---
parsed count: 2900000
exit: 0

--- round 146 ---
parsed count: 2900000
exit: 0

--- round 147 ---
parsed count: 2900000
exit: 0

--- round 148 ---
parsed count: 2900000
exit: 0

--- round 149 ---
parsed count: 2900000
exit: 0

--- round 150 ---
parsed count: 2900000
exit: 0

--- round 151 ---
parsed count: 2900000
exit: 0

--- round 152 ---
parsed count: 2900000
exit: 0

--- round 153 ---
parsed count: 2900000
exit: 0

--- round 154 ---
parsed count: 2900000
exit: 0

--- round 155 ---
parsed count: 2900000
exit: 0

--- round 156 ---
parsed count: 2900000
exit: 0

--- round 157 ---
parsed count: 2900000
exit: 0

--- round 158 ---
parsed count: 2900000
exit: 0

--- round 159 ---
parsed count: 2900000
exit: 0

--- round 160 ---
parsed count: 2900000
exit: 0

--- round 161 ---
parsed count: 2900000
exit: 0

--- round 162 ---
parsed count: 2900000
exit: 0

--- round 163 ---
parsed count: 2900000
exit: 0

--- round 164 ---
parsed count: 2900000
exit: 0

--- round 165 ---
parsed count: 2900000
exit: 0

--- round 166 ---
parsed count: 2900000
exit: 0

--- round 167 ---
parsed count: 2900000
exit: 0

--- round 168 ---
parsed count: 2900000
exit: 0

--- round 169 ---
parsed count: 2900000
exit: 0

--- round 170 ---
parsed count: 2900000
exit: 0

--- round 171 ---
parsed count: 2900000
exit: 0

--- round 172 ---
parsed count: 2900000
exit: 0

--- round 173 ---
parsed count: 2900000
exit: 0

--- round 174 ---
parsed count: 2900000
exit: 0

--- round 175 ---
parsed count: 2900000
exit: 0

--- round 176 ---
parsed count: 2900000
exit: 0

--- round 177 ---
parsed count: 2900000
exit: 0

--- round 178 ---
parsed count: 2900000
exit: 0

--- round 179 ---
parsed count: 2900000
exit: 0

--- round 180 ---
parsed count: 2900000
exit: 0

--- round 181 ---
parsed count: 2900000
exit: 0

--- round 182 ---
parsed count: 2900000
exit: 0

--- round 183 ---
parsed count: 2900000
exit: 0

--- round 184 ---
parsed count: 2900000
exit: 0

--- round 185 ---
parsed count: 2900000
exit: 0

--- round 186 ---
parsed count: 2900000
exit: 0

--- round 187 ---
parsed count: 2900000
exit: 0

--- round 188 ---
parsed count: 2900000
exit: 0

--- round 189 ---
parsed count: 2900000
exit: 0

--- round 190 ---
parsed count: 2900000
exit: 0

--- round 191 ---
parsed count: 2900000
exit: 0

--- round 192 ---
parsed count: 2900000
exit: 0

--- round 193 ---
parsed count: 2900000
exit: 0

--- round 194 ---
parsed count: 2900000
exit: 0

--- round 195 ---
parsed count: 2900000
exit: 0

--- round 196 ---
parsed count: 2900000
exit: 0

--- round 197 ---
parsed count: 2900000
exit: 0

--- round 198 ---
parsed count: 2900000
exit: 0

--- round 199 ---
parsed count: 2900000
exit: 0

--- round 200 ---
parsed count: 2900000
exit: 0

--- round 201 ---
parsed count: 2900000
exit: 0

--- round 202 ---
parsed count: 2900000
exit: 0

--- round 203 ---
parsed count: 2900000
exit: 0

--- round 204 ---
parsed count: 2900000
exit: 0

--- round 205 ---
parsed count: 2900000
exit: 0

--- round 206 ---
parsed count: 2900000
exit: 0

--- round 207 ---
parsed count: 2900000
exit: 0

--- round 208 ---
parsed count: 2900000
exit: 0

--- round 209 ---
parsed count: 2900000
exit: 0

--- round 210 ---
parsed count: 2900000
exit: 0

--- round 211 ---
parsed count: 2900000
exit: 0

--- round 212 ---
parsed count: 2900000
exit: 0

--- round 213 ---
parsed count: 2900000
exit: 0

--- round 214 ---
parsed count: 2900000
exit: 0

--- round 215 ---
parsed count: 2900000
exit: 0

--- round 216 ---
parsed count: 2900000
exit: 0

--- round 217 ---
parsed count: 2900000
exit: 0

--- round 218 ---
parsed count: 2900000
exit: 0

--- round 219 ---
parsed count: 2900000
exit: 0

--- round 220 ---
parsed count: 2900000
exit: 0

--- round 221 ---
parsed count: 2900000
exit: 0

--- round 222 ---
parsed count: 2900000
exit: 0

--- round 223 ---
parsed count: 2900000
exit: 0

--- round 224 ---
parsed count: 2900000
exit: 0

--- round 225 ---
parsed count: 2900000
exit: 0

--- round 226 ---
parsed count: 2900000
exit: 0

--- round 227 ---
parsed count: 2900000
exit: 0

--- round 228 ---
parsed count: 2900000
exit: 0

--- round 229 ---
parsed count: 2900000
exit: 0

--- round 230 ---
parsed count: 2900000
exit: 0

--- round 231 ---
parsed count: 2900000
exit: 0

--- round 232 ---
parsed count: 2900000
exit: 0

--- round 233 ---
parsed count: 2900000
exit: 0

--- round 234 ---
parsed count: 2900000
exit: 0

--- round 235 ---
parsed count: 2900000
exit: 0

--- round 236 ---
parsed count: 2900000
exit: 0

--- round 237 ---
parsed count: 2900000
exit: 0

--- round 238 ---
parsed count: 2900000
exit: 0

--- round 239 ---
parsed count: 2900000
exit: 0

--- round 240 ---
parsed count: 2900000
exit: 0

--- round 241 ---
parsed count: 2900000
exit: 0

--- round 242 ---
parsed count: 2900000
exit: 0

--- round 243 ---
parsed count: 2900000
exit: 0

--- round 244 ---
parsed count: 2900000
exit: 0

--- round 245 ---
parsed count: 2900000
exit: 0

--- round 246 ---
parsed count: 2900000
exit: 0

--- round 247 ---
parsed count: 2900000
exit: 0

--- round 248 ---
parsed count: 2900000
exit: 0

--- round 249 ---
parsed count: 2900000
exit: 0

--- round 250 ---
parsed count: 2900000
exit: 0

--- round 251 ---
parsed count: 2900000
exit: 0

--- round 252 ---
parsed count: 2900000
exit: 0

--- round 253 ---
parsed count: 2900000
exit: 0

--- round 254 ---
parsed count: 2900000
exit: 0

--- round 255 ---
parsed count: 2900000
exit: 0

--- round 256 ---
parsed count: 2900000
exit: 0

--- round 257 ---
parsed count: 2900000
exit: 0

--- round 258 ---
parsed count: 2900000
exit: 0

--- round 259 ---
parsed count: 2900000
exit: 0

--- round 260 ---
parsed count: 2900000
exit: 0

--- round 261 ---
parsed count: 2900000
exit: 0

--- round 262 ---
parsed count: 2900000
exit: 0

--- round 263 ---
parsed count: 2900000
exit: 0

--- round 264 ---
parsed count: 2900000
exit: 0

--- round 265 ---
parsed count: 2900000
exit: 0

--- round 266 ---
parsed count: 2900000
exit: 0

--- round 267 ---
parsed count: 2900000
exit: 0

--- round 268 ---
parsed count: 2900000
exit: 0

--- round 269 ---
parsed count: 2900000
exit: 0

--- round 270 ---
parsed count: 2900000
exit: 0

--- round 271 ---
parsed count: 2900000
exit: 0

--- round 272 ---
parsed count: 2900000
exit: 0

--- round 273 ---
parsed count: 2900000
exit: 0

--- round 274 ---
parsed count: 2900000
exit: 0

--- round 275 ---
parsed count: 2900000
exit: 0

--- round 276 ---
parsed count: 2900000
exit: 0

--- round 277 ---
parsed count: 2900000
exit: 0

--- round 278 ---
parsed count: 2900000
exit: 0

--- round 279 ---
parsed count: 2900000
exit: 0

--- round 280 ---
parsed count: 2900000
exit: 0

--- round 281 ---
parsed count: 2900000
exit: 0

--- round 282 ---
parsed count: 2900000
exit: 0

--- round 283 ---
parsed count: 2900000
exit: 0

--- round 284 ---
parsed count: 2900000
exit: 0

--- round 285 ---
parsed count: 2900000
exit: 0

--- round 286 ---
parsed count: 2900000
exit: 0

--- round 287 ---
parsed count: 2900000
exit: 0

--- round 288 ---
parsed count: 2900000
exit: 0

--- round 289 ---
parsed count: 2900000
exit: 0

--- round 290 ---
parsed count: 2900000
exit: 0

--- round 291 ---
parsed count: 2900000
exit: 0

--- round 292 ---
parsed count: 2900000
exit: 0

--- round 293 ---
parsed count: 2900000
exit: 0

--- round 294 ---
parsed count: 2900000
exit: 0

--- round 295 ---
parsed count: 2900000
exit: 0

--- round 296 ---
parsed count: 2900000
exit: 0

--- round 297 ---
parsed count: 2900000
exit: 0

--- round 298 ---
parsed count: 2900000
exit: 0

--- round 299 ---
parsed count: 2900000
exit: 0

--- round 300 ---
parsed count: 2900000
exit: 0

--- round 301 ---
parsed count: 2900000
exit: 0

--- round 302 ---
parsed count: 2900000
exit: 0

--- round 303 ---
parsed count: 2900000
exit: 0

--- round 304 ---
parsed count: 2900000
exit: 0

--- round 305 ---
parsed count: 2900000
exit: 0

--- round 306 ---
parsed count: 2900000
exit: 0

--- round 307 ---
parsed count: 2900000
exit: 0

--- round 308 ---
parsed count: 2900000
exit: 0

--- round 309 ---
parsed count: 2900000
exit: 0

--- round 310 ---
parsed count: 2900000
exit: 0

--- round 311 ---
parsed count: 2900000
exit: 0

--- round 312 ---
parsed count: 2900000
exit: 0

--- round 313 ---
parsed count: 2900000
exit: 0

--- round 314 ---
parsed count: 2900000
exit: 0

--- round 315 ---
parsed count: 2900000
exit: 0

--- round 316 ---
parsed count: 2900000
exit: 0

--- round 317 ---
parsed count: 2900000
exit: 0

--- round 318 ---
parsed count: 2900000
exit: 0

--- round 319 ---
parsed count: 2900000
exit: 0

--- round 320 ---
parsed count: 2900000
exit: 0

--- round 321 ---
parsed count: 2900000
exit: 0

--- round 322 ---
parsed count: 2900000
exit: 0

--- round 323 ---
parsed count: 2900000
exit: 0

--- round 324 ---
parsed count: 2900000
exit: 0

--- round 325 ---
parsed count: 2900000
exit: 0

--- round 326 ---
parsed count: 2900000
exit: 0

--- round 327 ---
parsed count: 2900000
exit: 0

--- round 328 ---
parsed count: 2900000
exit: 0

--- round 329 ---
parsed count: 2900000
exit: 0

--- round 330 ---
parsed count: 2900000
exit: 0

--- round 331 ---
parsed count: 2900000
exit: 0

--- round 332 ---
parsed count: 2900000
exit: 0

--- round 333 ---
parsed count: 2900000
exit: 0

--- round 334 ---
parsed count: 2900000
exit: 0

--- round 335 ---
parsed count: 2900000
exit: 0

--- round 336 ---
parsed count: 2900000
exit: 0

--- round 337 ---
parsed count: 2900000
exit: 0

--- round 338 ---
parsed count: 2900000
exit: 0

--- round 339 ---
parsed count: 2900000
exit: 0

--- round 340 ---
parsed count: 2900000
exit: 0

--- round 341 ---
parsed count: 2900000
exit: 0

--- round 342 ---
parsed count: 2900000
exit: 0

--- round 343 ---
parsed count: 2900000
exit: 0

--- round 344 ---
parsed count: 2900000
exit: 0

--- round 345 ---
parsed count: 2900000
exit: 0

--- round 346 ---
parsed count: 2900000
exit: 0

--- round 347 ---
parsed count: 2900000
exit: 0

--- round 348 ---
parsed count: 2900000
exit: 0

--- round 349 ---
parsed count: 2900000
exit: 0

--- round 350 ---
parsed count: 2900000
exit: 0

--- round 351 ---
parsed count: 2900000
exit: 0

--- round 352 ---
parsed count: 2900000
exit: 0

--- round 353 ---
parsed count: 2900000
exit: 0

--- round 354 ---
parsed count: 2900000
exit: 0

--- round 355 ---
parsed count: 2900000
exit: 0

--- round 356 ---
parsed count: 2900000
exit: 0

--- round 357 ---
parsed count: 2900000
exit: 0

--- round 358 ---
parsed count: 2900000
exit: 0

--- round 359 ---
parsed count: 2900000
exit: 0

--- round 360 ---
parsed count: 2900000
exit: 0

--- round 361 ---
parsed count: 2900000
exit: 0

--- round 362 ---
parsed count: 2900000
exit: 0

--- round 363 ---
parsed count: 2900000
exit: 0

--- round 364 ---
parsed count: 2900000
exit: 0

--- round 365 ---
parsed count: 2900000
exit: 0

--- round 366 ---
parsed count: 2900000
exit: 0

--- round 367 ---
parsed count: 2900000
exit: 0

--- round 368 ---
parsed count: 2900000
exit: 0

--- round 369 ---
parsed count: 2900000
exit: 0

--- round 370 ---
parsed count: 2900000
exit: 0

--- round 371 ---
parsed count: 2900000
exit: 0

--- round 372 ---
parsed count: 2900000
exit: 0

--- round 373 ---
parsed count: 2900000
exit: 0

--- round 374 ---
parsed count: 2900000
exit: 0

--- round 375 ---
parsed count: 2900000
exit: 0

--- round 376 ---
parsed count: 2900000
exit: 0

--- round 377 ---
parsed count: 2900000
exit: 0

--- round 378 ---
parsed count: 2900000
exit: 0

--- round 379 ---
parsed count: 2900000
exit: 0

--- round 380 ---
parsed count: 2900000
exit: 0

--- round 381 ---
parsed count: 2900000
exit: 0

--- round 382 ---
parsed count: 2900000
exit: 0

--- round 383 ---
parsed count: 2900000
exit: 0

--- round 384 ---
parsed count: 2900000
exit: 0

--- round 385 ---
parsed count: 2900000
exit: 0

--- round 386 ---
parsed count: 2900000
exit: 0

--- round 387 ---
parsed count: 2900000
exit: 0

--- round 388 ---
parsed count: 2900000
exit: 0

--- round 389 ---
parsed count: 2900000
exit: 0

--- round 390 ---
parsed count: 2900000
exit: 0

--- round 391 ---
parsed count: 2900000
exit: 0

--- round 392 ---
parsed count: 2900000
exit: 0

--- round 393 ---
parsed count: 2900000
exit: 0

--- round 394 ---
parsed count: 2900000
exit: 0

--- round 395 ---
parsed count: 2900000
exit: 0

--- round 396 ---
parsed count: 2900000
exit: 0

--- round 397 ---
parsed count: 2900000
exit: 0

--- round 398 ---
parsed count: 2900000
exit: 0

--- round 399 ---
parsed count: 2900000
exit: 0

--- round 400 ---
parsed count: 2900000
exit: 0

--- round 401 ---
parsed count: 2900000
exit: 0

--- round 402 ---
parsed count: 2900000
exit: 0

--- round 403 ---
parsed count: 2900000
exit: 0

--- round 404 ---
parsed count: 2900000
exit: 0

--- round 405 ---
parsed count: 2900000
exit: 0

--- round 406 ---
parsed count: 2900000
exit: 0

--- round 407 ---
parsed count: 2900000
exit: 0

--- round 408 ---
parsed count: 2900000
exit: 0

--- round 409 ---
parsed count: 2900000
exit: 0

--- round 410 ---
parsed count: 2900000
exit: 0

--- round 411 ---
parsed count: 2900000
exit: 0

--- round 412 ---
parsed count: 2900000
exit: 0

--- round 413 ---
parsed count: 2900000
exit: 0

--- round 414 ---
parsed count: 2900000
exit: 0

--- round 415 ---
parsed count: 2900000
exit: 0

--- round 416 ---
parsed count: 2900000
exit: 0

--- round 417 ---
parsed count: 2900000
exit: 0

--- round 418 ---
parsed count: 2900000
exit: 0

--- round 419 ---
parsed count: 2900000
exit: 0

--- round 420 ---
parsed count: 2900000
exit: 0

--- round 421 ---
parsed count: 2900000
exit: 0

--- round 422 ---
parsed count: 2900000
exit: 0

--- round 423 ---
parsed count: 2900000
exit: 0

--- round 424 ---
parsed count: 2900000
exit: 0

--- round 425 ---
parsed count: 2900000
exit: 0

--- round 426 ---
parsed count: 2900000
exit: 0

--- round 427 ---
parsed count: 2900000
exit: 0

--- round 428 ---
parsed count: 2900000
exit: 0

--- round 429 ---
parsed count: 2900000
exit: 0

--- round 430 ---
parsed count: 2900000
exit: 0

--- round 431 ---
parsed count: 2900000
exit: 0

--- round 432 ---
parsed count: 2900000
exit: 0

--- round 433 ---
parsed count: 2900000
exit: 0

--- round 434 ---
parsed count: 2900000
exit: 0

--- round 435 ---
parsed count: 2900000
exit: 0

--- round 436 ---
parsed count: 2900000
exit: 0

--- round 437 ---
parsed count: 2900000
exit: 0

--- round 438 ---
parsed count: 2900000
exit: 0

--- round 439 ---
parsed count: 2900000
exit: 0

--- round 440 ---
parsed count: 2900000
exit: 0

--- round 441 ---
parsed count: 2900000
exit: 0

--- round 442 ---
parsed count: 2900000
exit: 0

--- round 443 ---
parsed count: 2900000
exit: 0

--- round 444 ---
parsed count: 2900000
exit: 0

--- round 445 ---
parsed count: 2900000
exit: 0

--- round 446 ---
parsed count: 2900000
exit: 0

--- round 447 ---
parsed count: 2900000
exit: 0

--- round 448 ---
parsed count: 2900000
exit: 0

--- round 449 ---
parsed count: 2900000
exit: 0

--- round 450 ---
parsed count: 2900000
exit: 0

--- round 451 ---
parsed count: 2900000
exit: 0

--- round 452 ---
parsed count: 2900000
exit: 0

--- round 453 ---
parsed count: 2900000
exit: 0

--- round 454 ---
parsed count: 2900000
exit: 0

--- round 455 ---
parsed count: 2900000
exit: 0

--- round 456 ---
parsed count: 2900000
exit: 0

--- round 457 ---
parsed count: 2900000
exit: 0

--- round 458 ---
parsed count: 2900000
exit: 0

--- round 459 ---
parsed count: 2900000
exit: 0

--- round 460 ---
parsed count: 2900000
exit: 0

--- round 461 ---
parsed count: 2900000
exit: 0

--- round 462 ---
parsed count: 2900000
exit: 0

--- round 463 ---
parsed count: 2900000
exit: 0

--- round 464 ---
parsed count: 2900000
exit: 0

--- round 465 ---
parsed count: 2900000
exit: 0

--- round 466 ---
parsed count: 2900000
exit: 0

--- round 467 ---
parsed count: 2900000
exit: 0

--- round 468 ---
parsed count: 2900000
exit: 0

--- round 469 ---
parsed count: 2900000
exit: 0

--- round 470 ---
parsed count: 2900000
exit: 0

--- round 471 ---
parsed count: 2900000
exit: 0

--- round 472 ---
parsed count: 2900000
exit: 0

--- round 473 ---
parsed count: 2900000
exit: 0

--- round 474 ---
parsed count: 2900000
exit: 0

--- round 475 ---
parsed count: 2900000
exit: 0

--- round 476 ---
parsed count: 2900000
exit: 0

--- round 477 ---
parsed count: 2900000
exit: 0

--- round 478 ---
parsed count: 2900000
exit: 0

--- round 479 ---
parsed count: 2900000
exit: 0

--- round 480 ---
parsed count: 2900000
exit: 0

--- round 481 ---
parsed count: 2900000
exit: 0

--- round 482 ---
parsed count: 2900000
exit: 0

--- round 483 ---
parsed count: 2900000
exit: 0

--- round 484 ---
parsed count: 2900000
exit: 0

--- round 485 ---
parsed count: 2900000
exit: 0

--- round 486 ---
parsed count: 2900000
exit: 0

--- round 487 ---
parsed count: 2900000
exit: 0

--- round 488 ---
parsed count: 2900000
exit: 0

--- round 489 ---
parsed count: 2900000
exit: 0

--- round 490 ---
parsed count: 2900000
exit: 0

--- round 491 ---
parsed count: 2900000
exit: 0

--- round 492 ---
parsed count: 2900000
exit: 0

--- round 493 ---
parsed count: 2900000
exit: 0

--- round 494 ---
parsed count: 2900000
exit: 0

--- round 495 ---
parsed count: 2900000
exit: 0

--- round 496 ---
parsed count: 2900000
exit: 0

--- round 497 ---
parsed count: 2900000
exit: 0

--- round 498 ---
parsed count: 2900000
exit: 0

--- round 499 ---
parsed count: 2900000
exit: 0

--- round 500 ---
parsed count: 2900000
exit: 0

--- round 501 ---
parsed count: 2900000
exit: 0

--- round 502 ---
parsed count: 2900000
exit: 0

--- round 503 ---
parsed count: 2900000
exit: 0

--- round 504 ---
parsed count: 2900000
exit: 0

--- round 505 ---
parsed count: 2900000
exit: 0

--- round 506 ---
parsed count: 2900000
exit: 0

--- round 507 ---
parsed count: 2900000
exit: 0

--- round 508 ---
parsed count: 2900000
exit: 0

--- round 509 ---
parsed count: 2900000
exit: 0

--- round 510 ---
parsed count: 2900000
exit: 0

--- round 511 ---
parsed count: 2900000
exit: 0

--- round 512 ---
parsed count: 2900000
exit: 0

--- round 513 ---
parsed count: 2900000
exit: 0

--- round 514 ---
parsed count: 2900000
exit: 0

--- round 515 ---
parsed count: 2900000
exit: 0

--- round 516 ---
parsed count: 2900000
exit: 0

--- round 517 ---
parsed count: 2900000
exit: 0

--- round 518 ---
parsed count: 2900000
exit: 0

--- round 519 ---
parsed count: 2900000
exit: 0

--- round 520 ---
parsed count: 2900000
exit: 0

--- round 521 ---
parsed count: 2900000
exit: 0

--- round 522 ---
parsed count: 2900000
exit: 0

--- round 523 ---
parsed count: 2900000
exit: 0

--- round 524 ---
parsed count: 2900000
exit: 0

--- round 525 ---
parsed count: 2900000
exit: 0

--- round 526 ---
parsed count: 2900000
exit: 0

--- round 527 ---
parsed count: 2900000
exit: 0

--- round 528 ---
parsed count: 2900000
exit: 0

--- round 529 ---
parsed count: 2900000
exit: 0

--- round 530 ---
parsed count: 2900000
exit: 0

--- round 531 ---
parsed count: 2900000
exit: 0

--- round 532 ---
parsed count: 2900000
exit: 0

--- round 533 ---
parsed count: 2900000
exit: 0

--- round 534 ---
parsed count: 2900000
exit: 0

--- round 535 ---
parsed count: 2900000
exit: 0

--- round 536 ---
parsed count: 2900000
exit: 0

--- round 537 ---
parsed count: 2900000
exit: 0

--- round 538 ---
parsed count: 2900000
exit: 0

--- round 539 ---
parsed count: 2900000
exit: 0

--- round 540 ---
parsed count: 2900000
exit: 0

--- round 541 ---
parsed count: 2900000
exit: 0

--- round 542 ---
parsed count: 2900000
exit: 0

--- round 543 ---
parsed count: 2900000
exit: 0

--- round 544 ---
parsed count: 2900000
exit: 0

--- round 545 ---
parsed count: 2900000
exit: 0

--- round 546 ---
parsed count: 2900000
exit: 0

--- round 547 ---
parsed count: 2900000
exit: 0

--- round 548 ---
parsed count: 2900000
exit: 0

--- round 549 ---
parsed count: 2900000
exit: 0

--- round 550 ---
parsed count: 2900000
exit: 0

--- round 551 ---
parsed count: 2900000
exit: 0

--- round 552 ---
parsed count: 2900000
exit: 0

--- round 553 ---
parsed count: 2900000
exit: 0

--- round 554 ---
parsed count: 2900000
exit: 0

--- round 555 ---
parsed count: 2900000
exit: 0

--- round 556 ---
parsed count: 2900000
exit: 0

--- round 557 ---
parsed count: 2900000
exit: 0

--- round 558 ---
parsed count: 2900000
exit: 0

--- round 559 ---
parsed count: 2900000
exit: 0

--- round 560 ---
parsed count: 2900000
exit: 0

--- round 561 ---
parsed count: 2900000
exit: 0

--- round 562 ---
parsed count: 2900000
exit: 0

--- round 563 ---
parsed count: 2900000
exit: 0

--- round 564 ---
parsed count: 2900000
exit: 0

--- round 565 ---
parsed count: 2900000
exit: 0

--- round 566 ---
parsed count: 2900000
exit: 0

--- round 567 ---
parsed count: 2900000
exit: 0

--- round 568 ---
parsed count: 2900000
exit: 0

--- round 569 ---
parsed count: 2900000
exit: 0

--- round 570 ---
parsed count: 2900000
exit: 0

--- round 571 ---
parsed count: 2900000
exit: 0

--- round 572 ---
parsed count: 2900000
exit: 0

--- round 573 ---
parsed count: 2900000
exit: 0

--- round 574 ---
parsed count: 2900000
exit: 0

--- round 575 ---
parsed count: 2900000
exit: 0

--- round 576 ---
parsed count: 2900000
exit: 0

--- round 577 ---
parsed count: 2900000
exit: 0

--- round 578 ---
parsed count: 2900000
exit: 0

--- round 579 ---
parsed count: 2900000
exit: 0

--- round 580 ---
parsed count: 2900000
exit: 0

--- round 581 ---
parsed count: 2900000
exit: 0

--- round 582 ---
parsed count: 2900000
exit: 0

--- round 583 ---
parsed count: 2900000
exit: 0

--- round 584 ---
parsed count: 2900000
exit: 0

--- round 585 ---
parsed count: 2900000
exit: 0

--- round 586 ---
parsed count: 2900000
exit: 0

--- round 587 ---
parsed count: 2900000
exit: 0

--- round 588 ---
parsed count: 2900000
exit: 0

--- round 589 ---
parsed count: 2900000
exit: 0

--- round 590 ---
parsed count: 2900000
exit: 0

--- round 591 ---
parsed count: 2900000
exit: 0

--- round 592 ---
parsed count: 2900000
exit: 0

--- round 593 ---
parsed count: 2900000
exit: 0

--- round 594 ---
parsed count: 2900000
exit: 0

--- round 595 ---
parsed count: 2900000
exit: 0

--- round 596 ---
parsed count: 2900000
exit: 0

--- round 597 ---
parsed count: 2900000
exit: 0

--- round 598 ---
parsed count: 2900000
exit: 0

--- round 599 ---
parsed count: 2900000
exit: 0

--- round 600 ---
parsed count: 2900000
exit: 0

--- round 601 ---
parsed count: 2900000
exit: 0

--- round 602 ---
parsed count: 2900000
exit: 0

--- round 603 ---
parsed count: 2900000
exit: 0

--- round 604 ---
parsed count: 2900000
exit: 0

--- round 605 ---
parsed count: 2900000
exit: 0

--- round 606 ---
parsed count: 2900000
exit: 0

--- round 607 ---
parsed count: 2900000
exit: 0

--- round 608 ---
parsed count: 2900000
exit: 0

--- round 609 ---
parsed count: 2900000
exit: 0

--- round 610 ---
parsed count: 2900000
exit: 0

--- round 611 ---
parsed count: 2900000
exit: 0

--- round 612 ---
parsed count: 2900000
exit: 0

--- round 613 ---
parsed count: 2900000
exit: 0

--- round 614 ---
parsed count: 2900000
exit: 0

--- round 615 ---
parsed count: 2900000
exit: 0

--- round 616 ---
parsed count: 2900000
exit: 0

--- round 617 ---
parsed count: 2900000
exit: 0

--- round 618 ---
parsed count: 2900000
exit: 0

--- round 619 ---
parsed count: 2900000
exit: 0

--- round 620 ---
parsed count: 2900000
exit: 0

--- round 621 ---
parsed count: 2900000
exit: 0

--- round 622 ---
parsed count: 2900000
exit: 0

--- round 623 ---
parsed count: 2900000
exit: 0

--- round 624 ---
parsed count: 2900000
exit: 0

--- round 625 ---
parsed count: 2900000
exit: 0

--- round 626 ---
parsed count: 2900000
exit: 0

--- round 627 ---
parsed count: 2900000
exit: 0

--- round 628 ---
parsed count: 2900000
exit: 0

--- round 629 ---
parsed count: 2900000
exit: 0

--- round 630 ---
parsed count: 2900000
exit: 0

--- round 631 ---
parsed count: 2900000
exit: 0

--- round 632 ---
parsed count: 2900000
exit: 0

--- round 633 ---
parsed count: 2900000
exit: 0

--- round 634 ---
parsed count: 2900000
exit: 0

--- round 635 ---
parsed count: 2900000
exit: 0

--- round 636 ---
parsed count: 2900000
exit: 0

--- round 637 ---
parsed count: 2900000
exit: 0

--- round 638 ---
parsed count: 2900000
exit: 0

--- round 639 ---
parsed count: 2900000
exit: 0

--- round 640 ---
parsed count: 2900000
exit: 0

--- round 641 ---
parsed count: 2900000
exit: 0

--- round 642 ---
parsed count: 2900000
exit: 0

--- round 643 ---
parsed count: 2900000
exit: 0

--- round 644 ---
parsed count: 2900000
exit: 0

--- round 645 ---
parsed count: 2900000
exit: 0

--- round 646 ---
parsed count: 2900000
exit: 0

--- round 647 ---
parsed count: 2900000
exit: 0

--- round 648 ---
parsed count: 2900000
exit: 0

--- round 649 ---
parsed count: 2900000
exit: 0

--- round 650 ---
parsed count: 2900000
exit: 0

--- round 651 ---
parsed count: 2900000
exit: 0

--- round 652 ---
parsed count: 2900000
exit: 0

--- round 653 ---
parsed count: 2900000
exit: 0

--- round 654 ---
parsed count: 2900000
exit: 0

--- round 655 ---
parsed count: 2900000
exit: 0

--- round 656 ---
parsed count: 2900000
exit: 0

--- round 657 ---
parsed count: 2900000
exit: 0

--- round 658 ---
parsed count: 2900000
exit: 0

--- round 659 ---
parsed count: 2900000
exit: 0

--- round 660 ---
parsed count: 2900000
exit: 0

--- round 661 ---
parsed count: 2900000
exit: 0

--- round 662 ---
parsed count: 2900000
exit: 0

--- round 663 ---
parsed count: 2900000
exit: 0

--- round 664 ---
parsed count: 2900000
exit: 0

--- round 665 ---
parsed count: 2900000
exit: 0

--- round 666 ---
parsed count: 2900000
exit: 0

--- round 667 ---
parsed count: 2900000
exit: 0

--- round 668 ---
parsed count: 2900000
exit: 0

--- round 669 ---
parsed count: 2900000
exit: 0

--- round 670 ---
parsed count: 2900000
exit: 0

--- round 671 ---
parsed count: 2900000
exit: 0

--- round 672 ---
parsed count: 2900000
exit: 0

--- round 673 ---
parsed count: 2900000
exit: 0

--- round 674 ---
parsed count: 2900000
exit: 0

--- round 675 ---
parsed count: 2900000
exit: 0

--- round 676 ---
parsed count: 2900000
exit: 0

--- round 677 ---
parsed count: 2900000
exit: 0

--- round 678 ---
parsed count: 2900000
exit: 0

--- round 679 ---
parsed count: 2900000
exit: 0

--- round 680 ---
parsed count: 2900000
exit: 0

--- round 681 ---
parsed count: 2900000
exit: 0

--- round 682 ---
parsed count: 2900000
exit: 0

--- round 683 ---
parsed count: 2900000
exit: 0

--- round 684 ---
parsed count: 2900000
exit: 0

--- round 685 ---
parsed count: 2900000
exit: 0

--- round 686 ---
parsed count: 2900000
exit: 0

--- round 687 ---
parsed count: 2900000
exit: 0

--- round 688 ---
parsed count: 2900000
exit: 0

--- round 689 ---
parsed count: 2900000
exit: 0

--- round 690 ---
parsed count: 2900000
exit: 0

--- round 691 ---
parsed count: 2900000
exit: 0

--- round 692 ---
parsed count: 2900000
exit: 0

--- round 693 ---
parsed count: 2900000
exit: 0

--- round 694 ---
parsed count: 2900000
exit: 0

--- round 695 ---
parsed count: 2900000
exit: 0

--- round 696 ---
parsed count: 2900000
exit: 0

--- round 697 ---
parsed count: 2900000
exit: 0

--- round 698 ---
parsed count: 2900000
exit: 0

--- round 699 ---
parsed count: 2900000
exit: 0

--- round 700 ---
parsed count: 2900000
exit: 0

--- round 701 ---
parsed count: 2900000
exit: 0

--- round 702 ---
parsed count: 2900000
exit: 0

--- round 703 ---
parsed count: 2900000
exit: 0

--- round 704 ---
parsed count: 2900000
exit: 0

--- round 705 ---
parsed count: 2900000
exit: 0

--- round 706 ---
parsed count: 2900000
exit: 0

--- round 707 ---
parsed count: 2900000
exit: 0

--- round 708 ---
parsed count: 2900000
exit: 0

--- round 709 ---
parsed count: 2900000
exit: 0

--- round 710 ---
parsed count: 2900000
exit: 0

--- round 711 ---
parsed count: 2900000
exit: 0

--- round 712 ---
parsed count: 2900000
exit: 0

--- round 713 ---
parsed count: 2900000
exit: 0

--- round 714 ---
parsed count: 2900000
exit: 0

--- round 715 ---
parsed count: 2900000
exit: 0

--- round 716 ---
parsed count: 2900000
exit: 0

--- round 717 ---
parsed count: 2900000
exit: 0

--- round 718 ---
parsed count: 2900000
exit: 0

--- round 719 ---
parsed count: 2900000
exit: 0

--- round 720 ---
parsed count: 2900000
exit: 0

--- round 721 ---
parsed count: 2900000
exit: 0

--- round 722 ---
parsed count: 2900000
exit: 0

--- round 723 ---
parsed count: 2900000
exit: 0

--- round 724 ---
parsed count: 2900000
exit: 0

--- round 725 ---
parsed count: 2900000
exit: 0

--- round 726 ---
parsed count: 2900000
exit: 0

--- round 727 ---
parsed count: 2900000
exit: 0

--- round 728 ---
parsed count: 2900000
exit: 0

--- round 729 ---
parsed count: 2900000
exit: 0

--- round 730 ---
parsed count: 2900000
exit: 0

--- round 731 ---
parsed count: 2900000
exit: 0

--- round 732 ---
parsed count: 2900000
exit: 0

--- round 733 ---
parsed count: 2900000
exit: 0

--- round 734 ---
parsed count: 2900000
exit: 0

--- round 735 ---
parsed count: 2900000
exit: 0

--- round 736 ---
parsed count: 2900000
exit: 0

--- round 737 ---
parsed count: 2900000
exit: 0

--- round 738 ---
parsed count: 2900000
exit: 0

--- round 739 ---
parsed count: 2900000
exit: 0

--- round 740 ---
parsed count: 2900000
exit: 0

--- round 741 ---
parsed count: 2900000
exit: 0

--- round 742 ---
parsed count: 2900000
exit: 0

--- round 743 ---
parsed count: 2900000
exit: 0

--- round 744 ---
parsed count: 2900000
exit: 0

--- round 745 ---
parsed count: 2900000
exit: 0

--- round 746 ---
parsed count: 2900000
exit: 0

--- round 747 ---
parsed count: 2900000
exit: 0

--- round 748 ---
parsed count: 2900000
exit: 0

--- round 749 ---
parsed count: 2900000
exit: 0

--- round 750 ---
parsed count: 2900000
exit: 0

--- round 751 ---
parsed count: 2900000
exit: 0

--- round 752 ---
parsed count: 2900000
exit: 0

--- round 753 ---
parsed count: 2900000
exit: 0

--- round 754 ---
parsed count: 2900000
exit: 0

--- round 755 ---
parsed count: 2900000
exit: 0

--- round 756 ---
parsed count: 2900000
exit: 0

--- round 757 ---
parsed count: 2900000
exit: 0

--- round 758 ---
parsed count: 2900000
exit: 0

--- round 759 ---
parsed count: 2900000
exit: 0

--- round 760 ---
parsed count: 2900000
exit: 0

--- round 761 ---
parsed count: 2900000
exit: 0

--- round 762 ---
parsed count: 2900000
exit: 0

--- round 763 ---
parsed count: 2900000
exit: 0

--- round 764 ---
parsed count: 2900000
exit: 0

--- round 765 ---
parsed count: 2900000
exit: 0

--- round 766 ---
parsed count: 2900000
exit: 0

--- round 767 ---
parsed count: 2900000
exit: 0

--- round 768 ---
parsed count: 2900000
exit: 0

--- round 769 ---
parsed count: 2900000
exit: 0

--- round 770 ---
parsed count: 2900000
exit: 0

--- round 771 ---
parsed count: 2900000
exit: 0

--- round 772 ---
parsed count: 2900000
exit: 0

--- round 773 ---
parsed count: 2900000
exit: 0

--- round 774 ---
parsed count: 2900000
exit: 0

--- round 775 ---
parsed count: 2900000
exit: 0

--- round 776 ---
parsed count: 2900000
exit: 0

--- round 777 ---
parsed count: 2900000
exit: 0

--- round 778 ---
parsed count: 2900000
exit: 0

--- round 779 ---
parsed count: 2900000
exit: 0

--- round 780 ---
parsed count: 2900000
exit: 0

--- round 781 ---
parsed count: 2900000
exit: 0

--- round 782 ---
parsed count: 2900000
exit: 0

--- round 783 ---
parsed count: 2900000
exit: 0

--- round 784 ---
parsed count: 2900000
exit: 0

--- round 785 ---
parsed count: 2900000
exit: 0

--- round 786 ---
parsed count: 2900000
exit: 0

--- round 787 ---
parsed count: 2900000
exit: 0

--- round 788 ---
parsed count: 2900000
exit: 0

--- round 789 ---
parsed count: 2900000
exit: 0

--- round 790 ---
parsed count: 2900000
exit: 0

--- round 791 ---
parsed count: 2900000
exit: 0

--- round 792 ---
parsed count: 2900000
exit: 0

--- round 793 ---
parsed count: 2900000
exit: 0

--- round 794 ---
parsed count: 2900000
exit: 0

--- round 795 ---
parsed count: 2900000
exit: 0

--- round 796 ---
parsed count: 2900000
exit: 0

--- round 797 ---
parsed count: 2900000
exit: 0

--- round 798 ---
parsed count: 2900000
exit: 0

--- round 799 ---
parsed count: 2900000
exit: 0

--- round 800 ---
parsed count: 2900000
exit: 0

--- round 801 ---
parsed count: 2900000
exit: 0

--- round 802 ---
parsed count: 2900000
exit: 0

--- round 803 ---
parsed count: 2900000
exit: 0

--- round 804 ---
parsed count: 2900000
exit: 0

--- round 805 ---
parsed count: 2900000
exit: 0

--- round 806 ---
parsed count: 2900000
exit: 0

--- round 807 ---
parsed count: 2900000
exit: 0

--- round 808 ---
parsed count: 2900000
exit: 0

--- round 809 ---
parsed count: 2900000
exit: 0

--- round 810 ---
parsed count: 2900000
exit: 0

--- round 811 ---
parsed count: 2900000
exit: 0

--- round 812 ---
parsed count: 2900000
exit: 0

--- round 813 ---
parsed count: 2900000
exit: 0

--- round 814 ---
parsed count: 2900000
exit: 0

--- round 815 ---
parsed count: 2900000
exit: 0

--- round 816 ---
parsed count: 2900000
exit: 0

--- round 817 ---
parsed count: 2900000
exit: 0

--- round 818 ---
parsed count: 2900000
exit: 0

--- round 819 ---
parsed count: 2900000
exit: 0

--- round 820 ---
parsed count: 2900000
exit: 0

--- round 821 ---
parsed count: 2900000
exit: 0

--- round 822 ---
parsed count: 2900000
exit: 0

--- round 823 ---
parsed count: 2900000
exit: 0

--- round 824 ---
parsed count: 2900000
exit: 0

--- round 825 ---
parsed count: 2900000
exit: 0

--- round 826 ---
parsed count: 2900000
exit: 0

--- round 827 ---
parsed count: 2900000
exit: 0

--- round 828 ---
parsed count: 2900000
exit: 0

--- round 829 ---
parsed count: 2900000
exit: 0

--- round 830 ---
parsed count: 2900000
exit: 0

--- round 831 ---
parsed count: 2900000
exit: 0

--- round 832 ---
parsed count: 2900000
exit: 0

--- round 833 ---
parsed count: 2900000
exit: 0

--- round 834 ---
parsed count: 2900000
exit: 0

--- round 835 ---
parsed count: 2900000
exit: 0

--- round 836 ---
parsed count: 2900000
exit: 0

--- round 837 ---
parsed count: 2900000
exit: 0

--- round 838 ---
parsed count: 2900000
exit: 0

--- round 839 ---
parsed count: 2900000
exit: 0

--- round 840 ---
parsed count: 2900000
exit: 0

--- round 841 ---
parsed count: 2900000
exit: 0

--- round 842 ---
parsed count: 2900000
exit: 0

--- round 843 ---
parsed count: 2900000
exit: 0

--- round 844 ---
parsed count: 2900000
exit: 0

--- round 845 ---
parsed count: 2900000
exit: 0

--- round 846 ---
parsed count: 2900000
exit: 0

--- round 847 ---
parsed count: 2900000
exit: 0

--- round 848 ---
parsed count: 2900000
exit: 0

--- round 849 ---
parsed count: 2900000
exit: 0

--- round 850 ---
parsed count: 2900000
exit: 0

--- round 851 ---
parsed count: 2900000
exit: 0

--- round 852 ---
parsed count: 2900000
exit: 0

--- round 853 ---
parsed count: 2900000
exit: 0

--- round 854 ---
parsed count: 2900000
exit: 0

--- round 855 ---
parsed count: 2900000
exit: 0

--- round 856 ---
parsed count: 2900000
exit: 0

--- round 857 ---
parsed count: 2900000
exit: 0

--- round 858 ---
parsed count: 2900000
exit: 0

--- round 859 ---
parsed count: 2900000
exit: 0

--- round 860 ---
parsed count: 2900000
exit: 0

--- round 861 ---
parsed count: 2900000
exit: 0

--- round 862 ---
parsed count: 2900000
exit: 0

--- round 863 ---
parsed count: 2900000
exit: 0

--- round 864 ---
parsed count: 2900000
exit: 0

--- round 865 ---
parsed count: 2900000
exit: 0

--- round 866 ---
parsed count: 2900000
exit: 0

--- round 867 ---
parsed count: 2900000
exit: 0

--- round 868 ---
parsed count: 2900000
exit: 0

--- round 869 ---
parsed count: 2900000
exit: 0

--- round 870 ---
parsed count: 2900000
exit: 0

--- round 871 ---
parsed count: 2900000
exit: 0

--- round 872 ---
parsed count: 2900000
exit: 0

--- round 873 ---
parsed count: 2900000
exit: 0

--- round 874 ---
parsed count: 2900000
exit: 0

--- round 875 ---
parsed count: 2900000
exit: 0

--- round 876 ---
parsed count: 2900000
exit: 0

--- round 877 ---
parsed count: 2900000
exit: 0

--- round 878 ---
parsed count: 2900000
exit: 0

--- round 879 ---
parsed count: 2900000
exit: 0

--- round 880 ---
parsed count: 2900000
exit: 0

--- round 881 ---
parsed count: 2900000
exit: 0

--- round 882 ---
parsed count: 2900000
exit: 0

--- round 883 ---
parsed count: 2900000
exit: 0

--- round 884 ---
parsed count: 2900000
exit: 0

--- round 885 ---
parsed count: 2900000
exit: 0

--- round 886 ---
parsed count: 2900000
exit: 0

--- round 887 ---
parsed count: 2900000
exit: 0

--- round 888 ---
parsed count: 2900000
exit: 0

--- round 889 ---
parsed count: 2900000
exit: 0

--- round 890 ---
parsed count: 2900000
exit: 0

--- round 891 ---
parsed count: 2900000
exit: 0

--- round 892 ---
parsed count: 2900000
exit: 0

--- round 893 ---
parsed count: 2900000
exit: 0

--- round 894 ---
parsed count: 2900000
exit: 0

--- round 895 ---
parsed count: 2900000
exit: 0

--- round 896 ---
parsed count: 2900000
exit: 0

--- round 897 ---
parsed count: 2900000
exit: 0

--- round 898 ---
parsed count: 2900000
exit: 0

--- round 899 ---
parsed count: 2900000
exit: 0

--- round 900 ---
parsed count: 2900000
exit: 0

--- round 901 ---
parsed count: 2900000
exit: 0

--- round 902 ---
parsed count: 2900000
exit: 0

--- round 903 ---
parsed count: 2900000
exit: 0

--- round 904 ---
parsed count: 2900000
exit: 0

--- round 905 ---
parsed count: 2900000
exit: 0

--- round 906 ---
parsed count: 2900000
exit: 0

--- round 907 ---
parsed count: 2900000
exit: 0

--- round 908 ---
parsed count: 2900000
exit: 0

--- round 909 ---
parsed count: 2900000
exit: 0

--- round 910 ---
parsed count: 2900000
exit: 0

--- round 911 ---
parsed count: 2900000
exit: 0

--- round 912 ---
parsed count: 2900000
exit: 0

--- round 913 ---
parsed count: 2900000
exit: 0

--- round 914 ---
parsed count: 2900000
exit: 0

--- round 915 ---
parsed count: 2900000
exit: 0

--- round 916 ---
parsed count: 2900000
exit: 0

--- round 917 ---
parsed count: 2900000
exit: 0

--- round 918 ---
parsed count: 2900000
exit: 0

--- round 919 ---
parsed count: 2900000
exit: 0

--- round 920 ---
parsed count: 2900000
exit: 0

--- round 921 ---
parsed count: 2900000
exit: 0

--- round 922 ---
parsed count: 2900000
exit: 0

--- round 923 ---
parsed count: 2900000
exit: 0

--- round 924 ---
parsed count: 2900000
exit: 0

--- round 925 ---
parsed count: 2900000
exit: 0

--- round 926 ---
parsed count: 2900000
exit: 0

--- round 927 ---
parsed count: 2900000
exit: 0

--- round 928 ---
parsed count: 2900000
exit: 0

--- round 929 ---
parsed count: 2900000
exit: 0

--- round 930 ---
parsed count: 2900000
exit: 0

--- round 931 ---
parsed count: 2900000
exit: 0

--- round 932 ---
parsed count: 2900000
exit: 0

--- round 933 ---
parsed count: 2900000
exit: 0

--- round 934 ---
parsed count: 2900000
exit: 0

--- round 935 ---
parsed count: 2900000
exit: 0

--- round 936 ---
parsed count: 2900000
exit: 0

--- round 937 ---
parsed count: 2900000
exit: 0

--- round 938 ---
parsed count: 2900000
exit: 0

--- round 939 ---
parsed count: 2900000
exit: 0

--- round 940 ---
parsed count: 2900000
exit: 0

--- round 941 ---
parsed count: 2900000
exit: 0

--- round 942 ---
parsed count: 2900000
exit: 0

--- round 943 ---
parsed count: 2900000
exit: 0

--- round 944 ---
parsed count: 2900000
exit: 0

--- round 945 ---
parsed count: 2900000
exit: 0

--- round 946 ---
parsed count: 2900000
exit: 0

--- round 947 ---
parsed count: 2900000
exit: 0

--- round 948 ---
parsed count: 2900000
exit: 0

--- round 949 ---
parsed count: 2900000
exit: 0

--- round 950 ---
parsed count: 2900000
exit: 0

--- round 951 ---
parsed count: 2900000
exit: 0

--- round 952 ---
parsed count: 2900000
exit: 0

--- round 953 ---
parsed count: 2900000
exit: 0

--- round 954 ---
parsed count: 2900000
exit: 0

--- round 955 ---
parsed count: 2900000
exit: 0

--- round 956 ---
parsed count: 2900000
exit: 0

--- round 957 ---
parsed count: 2900000
exit: 0

--- round 958 ---
parsed count: 2900000
exit: 0

--- round 959 ---
parsed count: 2900000
exit: 0

--- round 960 ---
parsed count: 2900000
exit: 0

--- round 961 ---
parsed count: 2900000
exit: 0

--- round 962 ---
parsed count: 2900000
exit: 0

--- round 963 ---
parsed count: 2900000
exit: 0

--- round 964 ---
parsed count: 2900000
exit: 0

--- round 965 ---
parsed count: 2900000
exit: 0

--- round 966 ---
parsed count: 2900000
exit: 0

--- round 967 ---
parsed count: 2900000
exit: 0

--- round 968 ---
parsed count: 2900000
exit: 0

--- round 969 ---
parsed count: 2900000
exit: 0

--- round 970 ---
parsed count: 2900000
exit: 0

--- round 971 ---
parsed count: 2900000
exit: 0

--- round 972 ---
parsed count: 2900000
exit: 0

--- round 973 ---
parsed count: 2900000
exit: 0

--- round 974 ---
parsed count: 2900000
exit: 0

--- round 975 ---
parsed count: 2900000
exit: 0

--- round 976 ---
parsed count: 2900000
exit: 0

--- round 977 ---
parsed count: 2900000
exit: 0

--- round 978 ---
parsed count: 2900000
exit: 0

--- round 979 ---
parsed count: 2900000
exit: 0

--- round 980 ---
parsed count: 2900000
exit: 0

--- round 981 ---
parsed count: 2900000
exit: 0

--- round 982 ---
parsed count: 2900000
exit: 0

--- round 983 ---
parsed count: 2900000
exit: 0

--- round 984 ---
parsed count: 2900000
exit: 0

--- round 985 ---
parsed count: 2900000
exit: 0

--- round 986 ---
parsed count: 2900000
exit: 0

--- round 987 ---
parsed count: 2900000
exit: 0

--- round 988 ---
parsed count: 2900000
exit: 0

--- round 989 ---
parsed count: 2900000
exit: 0

--- round 990 ---
parsed count: 2900000
exit: 0

--- round 991 ---
parsed count: 2900000
exit: 0

--- round 992 ---
parsed count: 2900000
exit: 0

--- round 993 ---
parsed count: 2900000
exit: 0

--- round 994 ---
parsed count: 2900000
exit: 0

--- round 995 ---
parsed count: 2900000
exit: 0

--- round 996 ---
parsed count: 2900000
exit: 0

--- round 997 ---
parsed count: 2900000
exit: 0

--- round 998 ---
parsed count: 2900000
exit: 0

--- round 999 ---
parsed count: 2900000
exit: 0

--- round 1000 ---
parsed count: 2900000
exit: 0

result: Potentially deterministic
rounds attempted: 1000

