event: br_misp_exec.indirect:u
cpu: 11
round limit: 1000

--- round 1 ---
parsed count: 3
exit: 0

--- round 2 ---
parsed count: 3
exit: 0

--- round 3 ---
parsed count: 3
exit: 0

--- round 4 ---
parsed count: 3
exit: 0

--- round 5 ---
parsed count: 3
exit: 0

--- round 6 ---
parsed count: 3
exit: 0

--- round 7 ---
parsed count: 3
exit: 0

--- round 8 ---
parsed count: 3
exit: 0

--- round 9 ---
parsed count: 3
exit: 0

--- round 10 ---
parsed count: 3
exit: 0

--- round 11 ---
parsed count: 2
exit: 0

result: Non-deterministic
rounds attempted: 11

