event: machine_clears.memory_ordering:u
cpu: 3
round limit: 5

--- round 1 ---
$ perf stat --no-big-num --no-scale -x ';' -o /users/moneytea/dev/deterministic-test/results/skx/xeon-silver-4114-step4/workers/cpu3/perf.tmp -e machine_clears.memory_ordering:u -- /users/moneytea/dev/deterministic/static/binaries/retired_instr.all.x86_64

# started on Sat Sep 19 18:01:47 2026

99984;;machine_clears.memory_ordering:u;3120856731;100.00;;

parsed count: 99984
exit: 0

--- round 2 ---
$ perf stat --no-big-num --no-scale -x ';' -o /users/moneytea/dev/deterministic-test/results/skx/xeon-silver-4114-step4/workers/cpu3/perf.tmp -e machine_clears.memory_ordering:u -- /users/moneytea/dev/deterministic/static/binaries/retired_instr.all.x86_64

# started on Sat Sep 19 18:01:50 2026

99984;;machine_clears.memory_ordering:u;3124129111;100.00;;

parsed count: 99984
exit: 0

--- round 3 ---
$ perf stat --no-big-num --no-scale -x ';' -o /users/moneytea/dev/deterministic-test/results/skx/xeon-silver-4114-step4/workers/cpu3/perf.tmp -e machine_clears.memory_ordering:u -- /users/moneytea/dev/deterministic/static/binaries/retired_instr.all.x86_64

# started on Sat Sep 19 18:01:53 2026

99986;;machine_clears.memory_ordering:u;3124154048;100.00;;

parsed count: 99986
exit: 0

result: Non-deterministic
rounds attempted: 3

