event: tx-capacity:u
cpu: 3
round limit: 5

--- round 1 ---
$ perf stat --no-big-num --no-scale -x ';' -o /users/moneytea/dev/deterministic-test/results/skx/xeon-silver-4114-step4/workers/cpu3/perf.tmp -e tx-capacity:u -- /users/moneytea/dev/deterministic/static/binaries/retired_instr.all.x86_64

# started on Sat Sep 19 18:00:59 2026

0;;tx-capacity:u;3136484545;100.00;;

parsed count: 0
exit: 0

--- round 2 ---
$ perf stat --no-big-num --no-scale -x ';' -o /users/moneytea/dev/deterministic-test/results/skx/xeon-silver-4114-step4/workers/cpu3/perf.tmp -e tx-capacity:u -- /users/moneytea/dev/deterministic/static/binaries/retired_instr.all.x86_64

# started on Sat Sep 19 18:01:02 2026

0;;tx-capacity:u;3128061914;100.00;;

parsed count: 0
exit: 0

--- round 3 ---
$ perf stat --no-big-num --no-scale -x ';' -o /users/moneytea/dev/deterministic-test/results/skx/xeon-silver-4114-step4/workers/cpu3/perf.tmp -e tx-capacity:u -- /users/moneytea/dev/deterministic/static/binaries/retired_instr.all.x86_64

# started on Sat Sep 19 18:01:05 2026

0;;tx-capacity:u;3128026739;100.00;;

parsed count: 0
exit: 0

--- round 4 ---
$ perf stat --no-big-num --no-scale -x ';' -o /users/moneytea/dev/deterministic-test/results/skx/xeon-silver-4114-step4/workers/cpu3/perf.tmp -e tx-capacity:u -- /users/moneytea/dev/deterministic/static/binaries/retired_instr.all.x86_64

# started on Sat Sep 19 18:01:09 2026

0;;tx-capacity:u;3122591229;100.00;;

parsed count: 0
exit: 0

--- round 5 ---
$ perf stat --no-big-num --no-scale -x ';' -o /users/moneytea/dev/deterministic-test/results/skx/xeon-silver-4114-step4/workers/cpu3/perf.tmp -e tx-capacity:u -- /users/moneytea/dev/deterministic/static/binaries/retired_instr.all.x86_64

# started on Sat Sep 19 18:01:12 2026

0;;tx-capacity:u;3124354759;100.00;;

parsed count: 0
exit: 0

result: Zero-only
rounds attempted: 5
all rounds returned zero; inconclusive
