event: tx_mem.abort_hle_elision_buffer_unsupported_alignment:u
cpu: 2
round limit: 5

--- round 1 ---
$ perf stat --no-big-num --no-scale -x ';' -o /users/moneytea/dev/deterministic-test/results/skx/xeon-silver-4114-step4-2/workers/cpu2/perf.tmp -e tx_mem.abort_hle_elision_buffer_unsupported_alignment:u -- /users/moneytea/dev/deterministic/static/binaries/retired_instr.all.x86_64

# started on Sat Sep 19 18:07:33 2026

0;;tx_mem.abort_hle_elision_buffer_unsupported_alignment:u;3124908370;100.00;;

parsed count: 0
exit: 0

--- round 2 ---
$ perf stat --no-big-num --no-scale -x ';' -o /users/moneytea/dev/deterministic-test/results/skx/xeon-silver-4114-step4-2/workers/cpu2/perf.tmp -e tx_mem.abort_hle_elision_buffer_unsupported_alignment:u -- /users/moneytea/dev/deterministic/static/binaries/retired_instr.all.x86_64

# started on Sat Sep 19 18:07:36 2026

0;;tx_mem.abort_hle_elision_buffer_unsupported_alignment:u;3149820057;100.00;;

parsed count: 0
exit: 0

--- round 3 ---
$ perf stat --no-big-num --no-scale -x ';' -o /users/moneytea/dev/deterministic-test/results/skx/xeon-silver-4114-step4-2/workers/cpu2/perf.tmp -e tx_mem.abort_hle_elision_buffer_unsupported_alignment:u -- /users/moneytea/dev/deterministic/static/binaries/retired_instr.all.x86_64

# started on Sat Sep 19 18:07:39 2026

0;;tx_mem.abort_hle_elision_buffer_unsupported_alignment:u;3135161104;100.00;;

parsed count: 0
exit: 0

--- round 4 ---
$ perf stat --no-big-num --no-scale -x ';' -o /users/moneytea/dev/deterministic-test/results/skx/xeon-silver-4114-step4-2/workers/cpu2/perf.tmp -e tx_mem.abort_hle_elision_buffer_unsupported_alignment:u -- /users/moneytea/dev/deterministic/static/binaries/retired_instr.all.x86_64

# started on Sat Sep 19 18:07:43 2026

0;;tx_mem.abort_hle_elision_buffer_unsupported_alignment:u;3127314389;100.00;;

parsed count: 0
exit: 0

--- round 5 ---
$ perf stat --no-big-num --no-scale -x ';' -o /users/moneytea/dev/deterministic-test/results/skx/xeon-silver-4114-step4-2/workers/cpu2/perf.tmp -e tx_mem.abort_hle_elision_buffer_unsupported_alignment:u -- /users/moneytea/dev/deterministic/static/binaries/retired_instr.all.x86_64

# started on Sat Sep 19 18:07:46 2026

0;;tx_mem.abort_hle_elision_buffer_unsupported_alignment:u;3122812413;100.00;;

parsed count: 0
exit: 0

result: Zero-only
rounds attempted: 5
all rounds returned zero; inconclusive
