event: rob_misc_events.pause_inst:u
cpu: 7
round limit: 5

--- round 1 ---
$ perf stat --no-big-num --no-scale -x ';' -o /users/moneytea/dev/deterministic-test/results/skx/xeon-silver-4114-step4/workers/cpu7/perf.tmp -e rob_misc_events.pause_inst:u -- /users/moneytea/dev/deterministic/static/binaries/retired_instr.all.x86_64

# started on Sat Sep 19 18:03:16 2026

0;;rob_misc_events.pause_inst:u;3132773991;100.00;;

parsed count: 0
exit: 0

--- round 2 ---
$ perf stat --no-big-num --no-scale -x ';' -o /users/moneytea/dev/deterministic-test/results/skx/xeon-silver-4114-step4/workers/cpu7/perf.tmp -e rob_misc_events.pause_inst:u -- /users/moneytea/dev/deterministic/static/binaries/retired_instr.all.x86_64

# started on Sat Sep 19 18:03:19 2026

0;;rob_misc_events.pause_inst:u;3120242822;100.00;;

parsed count: 0
exit: 0

--- round 3 ---
$ perf stat --no-big-num --no-scale -x ';' -o /users/moneytea/dev/deterministic-test/results/skx/xeon-silver-4114-step4/workers/cpu7/perf.tmp -e rob_misc_events.pause_inst:u -- /users/moneytea/dev/deterministic/static/binaries/retired_instr.all.x86_64

# started on Sat Sep 19 18:03:22 2026

0;;rob_misc_events.pause_inst:u;3134061415;100.00;;

parsed count: 0
exit: 0

--- round 4 ---
$ perf stat --no-big-num --no-scale -x ';' -o /users/moneytea/dev/deterministic-test/results/skx/xeon-silver-4114-step4/workers/cpu7/perf.tmp -e rob_misc_events.pause_inst:u -- /users/moneytea/dev/deterministic/static/binaries/retired_instr.all.x86_64

# started on Sat Sep 19 18:03:25 2026

0;;rob_misc_events.pause_inst:u;3127442596;100.00;;

parsed count: 0
exit: 0

--- round 5 ---
$ perf stat --no-big-num --no-scale -x ';' -o /users/moneytea/dev/deterministic-test/results/skx/xeon-silver-4114-step4/workers/cpu7/perf.tmp -e rob_misc_events.pause_inst:u -- /users/moneytea/dev/deterministic/static/binaries/retired_instr.all.x86_64

# started on Sat Sep 19 18:03:28 2026

0;;rob_misc_events.pause_inst:u;3121170463;100.00;;

parsed count: 0
exit: 0

result: Zero-only
rounds attempted: 5
all rounds returned zero; inconclusive
