event: fp_arith_inst_retired.128b_packed_double:u
cpu: 7
round limit: 5

--- round 1 ---
$ perf stat --no-big-num --no-scale -x ';' -o /users/moneytea/dev/deterministic-test/results/skx/xeon-silver-4114-step4/workers/cpu7/perf.tmp -e fp_arith_inst_retired.128b_packed_double:u -- /users/moneytea/dev/deterministic/static/binaries/retired_instr.all.x86_64

# started on Sat Sep 19 18:01:37 2026

3100000;;fp_arith_inst_retired.128b_packed_double:u;3129916029;100.00;;

parsed count: 3100000
exit: 0

--- round 2 ---
$ perf stat --no-big-num --no-scale -x ';' -o /users/moneytea/dev/deterministic-test/results/skx/xeon-silver-4114-step4/workers/cpu7/perf.tmp -e fp_arith_inst_retired.128b_packed_double:u -- /users/moneytea/dev/deterministic/static/binaries/retired_instr.all.x86_64

# started on Sat Sep 19 18:01:41 2026

3100000;;fp_arith_inst_retired.128b_packed_double:u;3127092304;100.00;;

parsed count: 3100000
exit: 0

--- round 3 ---
$ perf stat --no-big-num --no-scale -x ';' -o /users/moneytea/dev/deterministic-test/results/skx/xeon-silver-4114-step4/workers/cpu7/perf.tmp -e fp_arith_inst_retired.128b_packed_double:u -- /users/moneytea/dev/deterministic/static/binaries/retired_instr.all.x86_64

# started on Sat Sep 19 18:01:44 2026

3100000;;fp_arith_inst_retired.128b_packed_double:u;3123626372;100.00;;

parsed count: 3100000
exit: 0

--- round 4 ---
$ perf stat --no-big-num --no-scale -x ';' -o /users/moneytea/dev/deterministic-test/results/skx/xeon-silver-4114-step4/workers/cpu7/perf.tmp -e fp_arith_inst_retired.128b_packed_double:u -- /users/moneytea/dev/deterministic/static/binaries/retired_instr.all.x86_64

# started on Sat Sep 19 18:01:47 2026

3100000;;fp_arith_inst_retired.128b_packed_double:u;3124518769;100.00;;

parsed count: 3100000
exit: 0

--- round 5 ---
$ perf stat --no-big-num --no-scale -x ';' -o /users/moneytea/dev/deterministic-test/results/skx/xeon-silver-4114-step4/workers/cpu7/perf.tmp -e fp_arith_inst_retired.128b_packed_double:u -- /users/moneytea/dev/deterministic/static/binaries/retired_instr.all.x86_64

# started on Sat Sep 19 18:01:50 2026

3100000;;fp_arith_inst_retired.128b_packed_double:u;3122757230;100.00;;

parsed count: 3100000
exit: 0

result: Potentially deterministic
rounds attempted: 5

