event: fp_arith_inst_retired.8_flops:u
cpu: 14
round limit: 5

--- round 1 ---
$ perf stat --no-big-num --no-scale -x ';' -o /users/moneytea/dev/deterministic-test/results/skx/xeon-silver-4114-step4/workers/cpu14/perf.tmp -e fp_arith_inst_retired.8_flops:u -- /users/moneytea/dev/deterministic/static/binaries/retired_instr.all.x86_64

# started on Sat Sep 19 18:01:28 2026

2900000;;fp_arith_inst_retired.8_flops:u;3124150292;100.00;;

parsed count: 2900000
exit: 0

--- round 2 ---
$ perf stat --no-big-num --no-scale -x ';' -o /users/moneytea/dev/deterministic-test/results/skx/xeon-silver-4114-step4/workers/cpu14/perf.tmp -e fp_arith_inst_retired.8_flops:u -- /users/moneytea/dev/deterministic/static/binaries/retired_instr.all.x86_64

# started on Sat Sep 19 18:01:31 2026

2900000;;fp_arith_inst_retired.8_flops:u;3127846237;100.00;;

parsed count: 2900000
exit: 0

--- round 3 ---
$ perf stat --no-big-num --no-scale -x ';' -o /users/moneytea/dev/deterministic-test/results/skx/xeon-silver-4114-step4/workers/cpu14/perf.tmp -e fp_arith_inst_retired.8_flops:u -- /users/moneytea/dev/deterministic/static/binaries/retired_instr.all.x86_64

# started on Sat Sep 19 18:01:34 2026

2900000;;fp_arith_inst_retired.8_flops:u;3132088943;100.00;;

parsed count: 2900000
exit: 0

--- round 4 ---
$ perf stat --no-big-num --no-scale -x ';' -o /users/moneytea/dev/deterministic-test/results/skx/xeon-silver-4114-step4/workers/cpu14/perf.tmp -e fp_arith_inst_retired.8_flops:u -- /users/moneytea/dev/deterministic/static/binaries/retired_instr.all.x86_64

# started on Sat Sep 19 18:01:37 2026

2900000;;fp_arith_inst_retired.8_flops:u;3128146815;100.00;;

parsed count: 2900000
exit: 0

--- round 5 ---
$ perf stat --no-big-num --no-scale -x ';' -o /users/moneytea/dev/deterministic-test/results/skx/xeon-silver-4114-step4/workers/cpu14/perf.tmp -e fp_arith_inst_retired.8_flops:u -- /users/moneytea/dev/deterministic/static/binaries/retired_instr.all.x86_64

# started on Sat Sep 19 18:01:40 2026

2900000;;fp_arith_inst_retired.8_flops:u;3128609897;100.00;;

parsed count: 2900000
exit: 0

result: Potentially deterministic
rounds attempted: 5

