event: mem_inst_retired.split_loads:u
cpu: 1
round limit: 5

--- round 1 ---
$ perf stat --no-big-num --no-scale -x ';' -o /users/moneytea/dev/deterministic-test/results/skx/xeon-silver-4114-step4-2/workers/cpu1/perf.tmp -e mem_inst_retired.split_loads:u -- /users/moneytea/dev/deterministic/static/binaries/retired_instr.all.x86_64

# started on Sat Sep 19 18:06:22 2026

100000;;mem_inst_retired.split_loads:u;3132229214;100.00;;

parsed count: 100000
exit: 0

--- round 2 ---
$ perf stat --no-big-num --no-scale -x ';' -o /users/moneytea/dev/deterministic-test/results/skx/xeon-silver-4114-step4-2/workers/cpu1/perf.tmp -e mem_inst_retired.split_loads:u -- /users/moneytea/dev/deterministic/static/binaries/retired_instr.all.x86_64

# started on Sat Sep 19 18:06:26 2026

100000;;mem_inst_retired.split_loads:u;3140262697;100.00;;

parsed count: 100000
exit: 0

--- round 3 ---
$ perf stat --no-big-num --no-scale -x ';' -o /users/moneytea/dev/deterministic-test/results/skx/xeon-silver-4114-step4-2/workers/cpu1/perf.tmp -e mem_inst_retired.split_loads:u -- /users/moneytea/dev/deterministic/static/binaries/retired_instr.all.x86_64

# started on Sat Sep 19 18:06:29 2026

100000;;mem_inst_retired.split_loads:u;3137965152;100.00;;

parsed count: 100000
exit: 0

--- round 4 ---
$ perf stat --no-big-num --no-scale -x ';' -o /users/moneytea/dev/deterministic-test/results/skx/xeon-silver-4114-step4-2/workers/cpu1/perf.tmp -e mem_inst_retired.split_loads:u -- /users/moneytea/dev/deterministic/static/binaries/retired_instr.all.x86_64

# started on Sat Sep 19 18:06:32 2026

100000;;mem_inst_retired.split_loads:u;3132000590;100.00;;

parsed count: 100000
exit: 0

--- round 5 ---
$ perf stat --no-big-num --no-scale -x ';' -o /users/moneytea/dev/deterministic-test/results/skx/xeon-silver-4114-step4-2/workers/cpu1/perf.tmp -e mem_inst_retired.split_loads:u -- /users/moneytea/dev/deterministic/static/binaries/retired_instr.all.x86_64

# started on Sat Sep 19 18:06:35 2026

100000;;mem_inst_retired.split_loads:u;3130348291;100.00;;

parsed count: 100000
exit: 0

result: Potentially deterministic
rounds attempted: 5

