event: br_inst_retired.cond_taken:u
cpu: 0
round limit: 10

--- preliminary count ---
count: 5819984
period: 1000000

--- round 1 ---
count at stop: 1000005
skid: 5
instruction pointer: 0x400b6c

--- round 2 ---
count at stop: 1000005
skid: 5
instruction pointer: 0x400b6c

--- round 3 ---
count at stop: 1000005
skid: 5
instruction pointer: 0x400b6c

--- round 4 ---
count at stop: 1000005
skid: 5
instruction pointer: 0x400b6c

--- round 5 ---
count at stop: 1000005
skid: 5
instruction pointer: 0x400b6c

--- round 6 ---
count at stop: 1000005
skid: 5
instruction pointer: 0x400b6c

--- round 7 ---
count at stop: 1000005
skid: 5
instruction pointer: 0x400b6c

--- round 8 ---
count at stop: 1000005
skid: 5
instruction pointer: 0x400b6c

--- round 9 ---
count at stop: 1000005
skid: 5
instruction pointer: 0x400b6c

--- round 10 ---
count at stop: 1000005
skid: 5
instruction pointer: 0x400b6c

result: Potentially deterministic
successful rounds: 10/10
