event: mem-stores:u
cpu: 0
round limit: 100

--- round 1 ---
parsed count: 24060000
exit: 0

--- round 2 ---
parsed count: 24060000
exit: 0

--- round 3 ---
parsed count: 24060000
exit: 0

--- round 4 ---
parsed count: 24060000
exit: 0

--- round 5 ---
parsed count: 24060000
exit: 0

--- round 6 ---
parsed count: 24060000
exit: 0

--- round 7 ---
parsed count: 24060000
exit: 0

--- round 8 ---
parsed count: 24060000
exit: 0

--- round 9 ---
parsed count: 24060000
exit: 0

--- round 10 ---
parsed count: 24060000
exit: 0

--- round 11 ---
parsed count: 24059999
exit: 0

result: Non-deterministic
rounds attempted: 11

