event: br_inst_retired.near_return:u
cpu: 7
round limit: 5

--- round 1 ---
$ perf stat --no-big-num --no-scale -x ';' -o /users/moneytea/dev/deterministic-test/results/skx/xeon-silver-4114-step4-2/workers/cpu7/perf.tmp -e br_inst_retired.near_return:u -- /users/moneytea/dev/deterministic/static/binaries/retired_instr.all.x86_64

# started on Sat Sep 19 18:07:48 2026

200000;;br_inst_retired.near_return:u;3138140036;100.00;;

parsed count: 200000
exit: 0

--- round 2 ---
$ perf stat --no-big-num --no-scale -x ';' -o /users/moneytea/dev/deterministic-test/results/skx/xeon-silver-4114-step4-2/workers/cpu7/perf.tmp -e br_inst_retired.near_return:u -- /users/moneytea/dev/deterministic/static/binaries/retired_instr.all.x86_64

# started on Sat Sep 19 18:07:51 2026

200000;;br_inst_retired.near_return:u;3124016496;100.00;;

parsed count: 200000
exit: 0

--- round 3 ---
$ perf stat --no-big-num --no-scale -x ';' -o /users/moneytea/dev/deterministic-test/results/skx/xeon-silver-4114-step4-2/workers/cpu7/perf.tmp -e br_inst_retired.near_return:u -- /users/moneytea/dev/deterministic/static/binaries/retired_instr.all.x86_64

# started on Sat Sep 19 18:07:55 2026

200000;;br_inst_retired.near_return:u;3122768519;100.00;;

parsed count: 200000
exit: 0

--- round 4 ---
$ perf stat --no-big-num --no-scale -x ';' -o /users/moneytea/dev/deterministic-test/results/skx/xeon-silver-4114-step4-2/workers/cpu7/perf.tmp -e br_inst_retired.near_return:u -- /users/moneytea/dev/deterministic/static/binaries/retired_instr.all.x86_64

# started on Sat Sep 19 18:07:58 2026

200000;;br_inst_retired.near_return:u;3122776434;100.00;;

parsed count: 200000
exit: 0

--- round 5 ---
$ perf stat --no-big-num --no-scale -x ';' -o /users/moneytea/dev/deterministic-test/results/skx/xeon-silver-4114-step4-2/workers/cpu7/perf.tmp -e br_inst_retired.near_return:u -- /users/moneytea/dev/deterministic/static/binaries/retired_instr.all.x86_64

# started on Sat Sep 19 18:08:01 2026

200000;;br_inst_retired.near_return:u;3125190253;100.00;;

parsed count: 200000
exit: 0

result: Potentially deterministic
rounds attempted: 5

