event: fp_arith_inst_retired.128b_packed_double:u
cpu: 7
round limit: 5

--- round 1 ---
$ perf stat --no-big-num --no-scale -x ';' -o /users/moneytea/dev/deterministic-test/results/skx/xeon-silver-4114-step4-2/workers/cpu7/perf.tmp -e fp_arith_inst_retired.128b_packed_double:u -- /users/moneytea/dev/deterministic/static/binaries/retired_instr.all.x86_64

# started on Sat Sep 19 18:06:48 2026

3100000;;fp_arith_inst_retired.128b_packed_double:u;3134600623;100.00;;

parsed count: 3100000
exit: 0

--- round 2 ---
$ perf stat --no-big-num --no-scale -x ';' -o /users/moneytea/dev/deterministic-test/results/skx/xeon-silver-4114-step4-2/workers/cpu7/perf.tmp -e fp_arith_inst_retired.128b_packed_double:u -- /users/moneytea/dev/deterministic/static/binaries/retired_instr.all.x86_64

# started on Sat Sep 19 18:06:51 2026

3100000;;fp_arith_inst_retired.128b_packed_double:u;3123055758;100.00;;

parsed count: 3100000
exit: 0

--- round 3 ---
$ perf stat --no-big-num --no-scale -x ';' -o /users/moneytea/dev/deterministic-test/results/skx/xeon-silver-4114-step4-2/workers/cpu7/perf.tmp -e fp_arith_inst_retired.128b_packed_double:u -- /users/moneytea/dev/deterministic/static/binaries/retired_instr.all.x86_64

# started on Sat Sep 19 18:06:54 2026

3100000;;fp_arith_inst_retired.128b_packed_double:u;3127596196;100.00;;

parsed count: 3100000
exit: 0

--- round 4 ---
$ perf stat --no-big-num --no-scale -x ';' -o /users/moneytea/dev/deterministic-test/results/skx/xeon-silver-4114-step4-2/workers/cpu7/perf.tmp -e fp_arith_inst_retired.128b_packed_double:u -- /users/moneytea/dev/deterministic/static/binaries/retired_instr.all.x86_64

# started on Sat Sep 19 18:06:57 2026

3100000;;fp_arith_inst_retired.128b_packed_double:u;3125526738;100.00;;

parsed count: 3100000
exit: 0

--- round 5 ---
$ perf stat --no-big-num --no-scale -x ';' -o /users/moneytea/dev/deterministic-test/results/skx/xeon-silver-4114-step4-2/workers/cpu7/perf.tmp -e fp_arith_inst_retired.128b_packed_double:u -- /users/moneytea/dev/deterministic/static/binaries/retired_instr.all.x86_64

# started on Sat Sep 19 18:07:01 2026

3100000;;fp_arith_inst_retired.128b_packed_double:u;3124137865;100.00;;

parsed count: 3100000
exit: 0

result: Potentially deterministic
rounds attempted: 5

