event: fp_arith_inst_retired.256b_packed_single:u
cpu: 10
round limit: 5

--- round 1 ---
$ perf stat --no-big-num --no-scale -x ';' -o /users/moneytea/dev/deterministic-test/results/skx/xeon-silver-4114-step4-2/workers/cpu10/perf.tmp -e fp_arith_inst_retired.256b_packed_single:u -- /users/moneytea/dev/deterministic/static/binaries/retired_instr.all.x86_64

# started on Sat Sep 19 18:06:48 2026

0;;fp_arith_inst_retired.256b_packed_single:u;3152820845;100.00;;

parsed count: 0
exit: 0

--- round 2 ---
$ perf stat --no-big-num --no-scale -x ';' -o /users/moneytea/dev/deterministic-test/results/skx/xeon-silver-4114-step4-2/workers/cpu10/perf.tmp -e fp_arith_inst_retired.256b_packed_single:u -- /users/moneytea/dev/deterministic/static/binaries/retired_instr.all.x86_64

# started on Sat Sep 19 18:06:51 2026

0;;fp_arith_inst_retired.256b_packed_single:u;3143759533;100.00;;

parsed count: 0
exit: 0

--- round 3 ---
$ perf stat --no-big-num --no-scale -x ';' -o /users/moneytea/dev/deterministic-test/results/skx/xeon-silver-4114-step4-2/workers/cpu10/perf.tmp -e fp_arith_inst_retired.256b_packed_single:u -- /users/moneytea/dev/deterministic/static/binaries/retired_instr.all.x86_64

# started on Sat Sep 19 18:06:54 2026

0;;fp_arith_inst_retired.256b_packed_single:u;3129051332;100.00;;

parsed count: 0
exit: 0

--- round 4 ---
$ perf stat --no-big-num --no-scale -x ';' -o /users/moneytea/dev/deterministic-test/results/skx/xeon-silver-4114-step4-2/workers/cpu10/perf.tmp -e fp_arith_inst_retired.256b_packed_single:u -- /users/moneytea/dev/deterministic/static/binaries/retired_instr.all.x86_64

# started on Sat Sep 19 18:06:58 2026

0;;fp_arith_inst_retired.256b_packed_single:u;3124797058;100.00;;

parsed count: 0
exit: 0

--- round 5 ---
$ perf stat --no-big-num --no-scale -x ';' -o /users/moneytea/dev/deterministic-test/results/skx/xeon-silver-4114-step4-2/workers/cpu10/perf.tmp -e fp_arith_inst_retired.256b_packed_single:u -- /users/moneytea/dev/deterministic/static/binaries/retired_instr.all.x86_64

# started on Sat Sep 19 18:07:01 2026

0;;fp_arith_inst_retired.256b_packed_single:u;3148165344;100.00;;

parsed count: 0
exit: 0

result: Zero-only
rounds attempted: 5
all rounds returned zero; inconclusive
