event: mem_load_l3_miss_retired.remote_dram:u
cpu: 10
round limit: 5

--- round 1 ---
$ perf stat --no-big-num --no-scale -x ';' -o /users/moneytea/dev/deterministic-test/results/skx/xeon-silver-4114-step4-2/workers/cpu10/perf.tmp -e mem_load_l3_miss_retired.remote_dram:u -- /users/moneytea/dev/deterministic/static/binaries/retired_instr.all.x86_64

# started on Sat Sep 19 18:06:32 2026

0;;mem_load_l3_miss_retired.remote_dram:u;3143120939;100.00;;

parsed count: 0
exit: 0

--- round 2 ---
$ perf stat --no-big-num --no-scale -x ';' -o /users/moneytea/dev/deterministic-test/results/skx/xeon-silver-4114-step4-2/workers/cpu10/perf.tmp -e mem_load_l3_miss_retired.remote_dram:u -- /users/moneytea/dev/deterministic/static/binaries/retired_instr.all.x86_64

# started on Sat Sep 19 18:06:35 2026

0;;mem_load_l3_miss_retired.remote_dram:u;3136143709;100.00;;

parsed count: 0
exit: 0

--- round 3 ---
$ perf stat --no-big-num --no-scale -x ';' -o /users/moneytea/dev/deterministic-test/results/skx/xeon-silver-4114-step4-2/workers/cpu10/perf.tmp -e mem_load_l3_miss_retired.remote_dram:u -- /users/moneytea/dev/deterministic/static/binaries/retired_instr.all.x86_64

# started on Sat Sep 19 18:06:38 2026

0;;mem_load_l3_miss_retired.remote_dram:u;3134749905;100.00;;

parsed count: 0
exit: 0

--- round 4 ---
$ perf stat --no-big-num --no-scale -x ';' -o /users/moneytea/dev/deterministic-test/results/skx/xeon-silver-4114-step4-2/workers/cpu10/perf.tmp -e mem_load_l3_miss_retired.remote_dram:u -- /users/moneytea/dev/deterministic/static/binaries/retired_instr.all.x86_64

# started on Sat Sep 19 18:06:41 2026

0;;mem_load_l3_miss_retired.remote_dram:u;3143105422;100.00;;

parsed count: 0
exit: 0

--- round 5 ---
$ perf stat --no-big-num --no-scale -x ';' -o /users/moneytea/dev/deterministic-test/results/skx/xeon-silver-4114-step4-2/workers/cpu10/perf.tmp -e mem_load_l3_miss_retired.remote_dram:u -- /users/moneytea/dev/deterministic/static/binaries/retired_instr.all.x86_64

# started on Sat Sep 19 18:06:45 2026

0;;mem_load_l3_miss_retired.remote_dram:u;3130349520;100.00;;

parsed count: 0
exit: 0

result: Zero-only
rounds attempted: 5
all rounds returned zero; inconclusive
