event: br_inst_retired.cond:u
cpu: 0
round limit: 100
overflow threshold: 116401

--- round 1 ---
count at stop: 116451
skid: 50
instruction pointer: 0x40110b

--- round 2 ---
count at stop: 116421
skid: 20
instruction pointer: 0x4010b1

--- round 3 ---
count at stop: 116451
skid: 50
instruction pointer: 0x40110b

--- round 4 ---
count at stop: 116449
skid: 48
instruction pointer: 0x401105

--- round 5 ---
count at stop: 116456
skid: 55
instruction pointer: 0x40111a

--- round 6 ---
count at stop: 116450
skid: 49
instruction pointer: 0x401108

--- round 7 ---
count at stop: 116450
skid: 49
instruction pointer: 0x401108

--- round 8 ---
count at stop: 116449
skid: 48
instruction pointer: 0x401105

--- round 9 ---
count at stop: 116450
skid: 49
instruction pointer: 0x401108

--- round 10 ---
count at stop: 116454
skid: 53
instruction pointer: 0x401114

--- round 11 ---
count at stop: 116449
skid: 48
instruction pointer: 0x401105

--- round 12 ---
count at stop: 116450
skid: 49
instruction pointer: 0x401108

--- round 13 ---
count at stop: 116450
skid: 49
instruction pointer: 0x401108

--- round 14 ---
count at stop: 116450
skid: 49
instruction pointer: 0x401108

--- round 15 ---
count at stop: 116450
skid: 49
instruction pointer: 0x401108

--- round 16 ---
count at stop: 116450
skid: 49
instruction pointer: 0x401108

--- round 17 ---
count at stop: 116450
skid: 49
instruction pointer: 0x401108

--- round 18 ---
count at stop: 116441
skid: 40
instruction pointer: 0x4010ed

--- round 19 ---
count at stop: 116441
skid: 40
instruction pointer: 0x4010ed

--- round 20 ---
count at stop: 116450
skid: 49
instruction pointer: 0x401108

--- round 21 ---
count at stop: 116450
skid: 49
instruction pointer: 0x401108

--- round 22 ---
count at stop: 116456
skid: 55
instruction pointer: 0x40111a

--- round 23 ---
count at stop: 116441
skid: 40
instruction pointer: 0x4010ed

--- round 24 ---
count at stop: 116441
skid: 40
instruction pointer: 0x4010ed

--- round 25 ---
count at stop: 116450
skid: 49
instruction pointer: 0x401108

--- round 26 ---
count at stop: 116449
skid: 48
instruction pointer: 0x401105

--- round 27 ---
count at stop: 116449
skid: 48
instruction pointer: 0x401105

--- round 28 ---
count at stop: 116421
skid: 20
instruction pointer: 0x4010b1

--- round 29 ---
count at stop: 116449
skid: 48
instruction pointer: 0x401105

--- round 30 ---
count at stop: 116449
skid: 48
instruction pointer: 0x401105

--- round 31 ---
count at stop: 116456
skid: 55
instruction pointer: 0x40111a

--- round 32 ---
count at stop: 116449
skid: 48
instruction pointer: 0x401105

--- round 33 ---
count at stop: 116449
skid: 48
instruction pointer: 0x401105

--- round 34 ---
count at stop: 116450
skid: 49
instruction pointer: 0x401108

--- round 35 ---
count at stop: 116449
skid: 48
instruction pointer: 0x401105

--- round 36 ---
count at stop: 116441
skid: 40
instruction pointer: 0x4010ed

--- round 37 ---
count at stop: 116450
skid: 49
instruction pointer: 0x401108

--- round 38 ---
count at stop: 116449
skid: 48
instruction pointer: 0x401105

--- round 39 ---
count at stop: 116450
skid: 49
instruction pointer: 0x401108

--- round 40 ---
count at stop: 116449
skid: 48
instruction pointer: 0x401105

--- round 41 ---
count at stop: 116450
skid: 49
instruction pointer: 0x401108

--- round 42 ---
count at stop: 116449
skid: 48
instruction pointer: 0x401105

--- round 43 ---
count at stop: 116449
skid: 48
instruction pointer: 0x401105

--- round 44 ---
count at stop: 116450
skid: 49
instruction pointer: 0x401108

--- round 45 ---
count at stop: 116450
skid: 49
instruction pointer: 0x401108

--- round 46 ---
count at stop: 116450
skid: 49
instruction pointer: 0x401108

--- round 47 ---
count at stop: 116450
skid: 49
instruction pointer: 0x401108

--- round 48 ---
count at stop: 116443
skid: 42
instruction pointer: 0x4010f3

--- round 49 ---
count at stop: 116450
skid: 49
instruction pointer: 0x401108

--- round 50 ---
count at stop: 116449
skid: 48
instruction pointer: 0x401105

--- round 51 ---
count at stop: 116449
skid: 48
instruction pointer: 0x401105

--- round 52 ---
count at stop: 116449
skid: 48
instruction pointer: 0x401105

--- round 53 ---
count at stop: 116450
skid: 49
instruction pointer: 0x401108

--- round 54 ---
count at stop: 116450
skid: 49
instruction pointer: 0x401108

--- round 55 ---
count at stop: 116450
skid: 49
instruction pointer: 0x401108

--- round 56 ---
count at stop: 116449
skid: 48
instruction pointer: 0x401105

--- round 57 ---
count at stop: 116450
skid: 49
instruction pointer: 0x401108

--- round 58 ---
count at stop: 116450
skid: 49
instruction pointer: 0x401108

--- round 59 ---
count at stop: 116421
skid: 20
instruction pointer: 0x4010b1

--- round 60 ---
count at stop: 116421
skid: 20
instruction pointer: 0x4010b1

--- round 61 ---
count at stop: 116449
skid: 48
instruction pointer: 0x401105

--- round 62 ---
count at stop: 116450
skid: 49
instruction pointer: 0x401108

--- round 63 ---
count at stop: 116450
skid: 49
instruction pointer: 0x401108

--- round 64 ---
count at stop: 116451
skid: 50
instruction pointer: 0x40110b

--- round 65 ---
count at stop: 116450
skid: 49
instruction pointer: 0x401108

--- round 66 ---
count at stop: 116450
skid: 49
instruction pointer: 0x401108

--- round 67 ---
count at stop: 116450
skid: 49
instruction pointer: 0x401108

--- round 68 ---
count at stop: 116450
skid: 49
instruction pointer: 0x401108

--- round 69 ---
count at stop: 116449
skid: 48
instruction pointer: 0x401105

--- round 70 ---
count at stop: 116449
skid: 48
instruction pointer: 0x401105

--- round 71 ---
count at stop: 116449
skid: 48
instruction pointer: 0x401105

--- round 72 ---
count at stop: 116448
skid: 47
instruction pointer: 0x401102

--- round 73 ---
count at stop: 116449
skid: 48
instruction pointer: 0x401105

--- round 74 ---
count at stop: 116449
skid: 48
instruction pointer: 0x401105

--- round 75 ---
count at stop: 116450
skid: 49
instruction pointer: 0x401108

--- round 76 ---
count at stop: 116450
skid: 49
instruction pointer: 0x401108

--- round 77 ---
count at stop: 116450
skid: 49
instruction pointer: 0x401108

--- round 78 ---
count at stop: 116450
skid: 49
instruction pointer: 0x401108

--- round 79 ---
count at stop: 116450
skid: 49
instruction pointer: 0x401108

--- round 80 ---
count at stop: 116450
skid: 49
instruction pointer: 0x401108

--- round 81 ---
count at stop: 116450
skid: 49
instruction pointer: 0x401108

--- round 82 ---
count at stop: 116448
skid: 47
instruction pointer: 0x401102

--- round 83 ---
count at stop: 116421
skid: 20
instruction pointer: 0x4010b1

--- round 84 ---
count at stop: 116448
skid: 47
instruction pointer: 0x401102

--- round 85 ---
count at stop: 116433
skid: 32
instruction pointer: 0x4010d5

--- round 86 ---
count at stop: 116414
skid: 13
instruction pointer: 0x40109c

--- round 87 ---
count at stop: 116414
skid: 13
instruction pointer: 0x40109c

--- round 88 ---
count at stop: 116450
skid: 49
instruction pointer: 0x401108

--- round 89 ---
count at stop: 116450
skid: 49
instruction pointer: 0x401108

--- round 90 ---
count at stop: 116421
skid: 20
instruction pointer: 0x4010b1

--- round 91 ---
count at stop: 116421
skid: 20
instruction pointer: 0x4010b1

--- round 92 ---
count at stop: 116450
skid: 49
instruction pointer: 0x401108

--- round 93 ---
count at stop: 116450
skid: 49
instruction pointer: 0x401108

--- round 94 ---
count at stop: 116449
skid: 48
instruction pointer: 0x401105

--- round 95 ---
count at stop: 116421
skid: 20
instruction pointer: 0x4010b1

--- round 96 ---
count at stop: 116450
skid: 49
instruction pointer: 0x401108

--- round 97 ---
count at stop: 116450
skid: 49
instruction pointer: 0x401108

--- round 98 ---
count at stop: 116449
skid: 48
instruction pointer: 0x401105

--- round 99 ---
count at stop: 116434
skid: 33
instruction pointer: 0x4010d8

--- round 100 ---
count at stop: 116450
skid: 49
instruction pointer: 0x401108

result: Non-deterministic
successful rounds: 100/100
