event: br_inst_retired.not_taken:u
cpu: 9
round limit: 5

--- round 1 ---
$ perf stat --no-big-num --no-scale -x ';' -o /users/moneytea/dev/deterministic-test/results/skx/xeon-silver-4114-step4-2/workers/cpu9/perf.tmp -e br_inst_retired.not_taken:u -- /users/moneytea/dev/deterministic/static/binaries/retired_instr.all.x86_64

# started on Sat Sep 19 18:07:30 2026

2400016;;br_inst_retired.not_taken:u;3134602901;100.00;;

parsed count: 2400016
exit: 0

--- round 2 ---
$ perf stat --no-big-num --no-scale -x ';' -o /users/moneytea/dev/deterministic-test/results/skx/xeon-silver-4114-step4-2/workers/cpu9/perf.tmp -e br_inst_retired.not_taken:u -- /users/moneytea/dev/deterministic/static/binaries/retired_instr.all.x86_64

# started on Sat Sep 19 18:07:33 2026

2400016;;br_inst_retired.not_taken:u;3127934114;100.00;;

parsed count: 2400016
exit: 0

--- round 3 ---
$ perf stat --no-big-num --no-scale -x ';' -o /users/moneytea/dev/deterministic-test/results/skx/xeon-silver-4114-step4-2/workers/cpu9/perf.tmp -e br_inst_retired.not_taken:u -- /users/moneytea/dev/deterministic/static/binaries/retired_instr.all.x86_64

# started on Sat Sep 19 18:07:36 2026

2400016;;br_inst_retired.not_taken:u;3129061862;100.00;;

parsed count: 2400016
exit: 0

--- round 4 ---
$ perf stat --no-big-num --no-scale -x ';' -o /users/moneytea/dev/deterministic-test/results/skx/xeon-silver-4114-step4-2/workers/cpu9/perf.tmp -e br_inst_retired.not_taken:u -- /users/moneytea/dev/deterministic/static/binaries/retired_instr.all.x86_64

# started on Sat Sep 19 18:07:39 2026

2400016;;br_inst_retired.not_taken:u;3123525266;100.00;;

parsed count: 2400016
exit: 0

--- round 5 ---
$ perf stat --no-big-num --no-scale -x ';' -o /users/moneytea/dev/deterministic-test/results/skx/xeon-silver-4114-step4-2/workers/cpu9/perf.tmp -e br_inst_retired.not_taken:u -- /users/moneytea/dev/deterministic/static/binaries/retired_instr.all.x86_64

# started on Sat Sep 19 18:07:42 2026

2400016;;br_inst_retired.not_taken:u;3128798978;100.00;;

parsed count: 2400016
exit: 0

result: Potentially deterministic
rounds attempted: 5

