event: fp_arith_inst_retired.scalar_single:u
cpu: 17
round limit: 5

--- round 1 ---
$ perf stat --no-big-num --no-scale -x ';' -o /users/moneytea/dev/deterministic-test/results/skx/xeon-silver-4114-step4-2/workers/cpu17/perf.tmp -e fp_arith_inst_retired.scalar_single:u -- /users/moneytea/dev/deterministic/static/binaries/retired_instr.all.x86_64

# started on Sat Sep 19 18:06:38 2026

2300000;;fp_arith_inst_retired.scalar_single:u;3136624213;100.00;;

parsed count: 2300000
exit: 0

--- round 2 ---
$ perf stat --no-big-num --no-scale -x ';' -o /users/moneytea/dev/deterministic-test/results/skx/xeon-silver-4114-step4-2/workers/cpu17/perf.tmp -e fp_arith_inst_retired.scalar_single:u -- /users/moneytea/dev/deterministic/static/binaries/retired_instr.all.x86_64

# started on Sat Sep 19 18:06:41 2026

2300000;;fp_arith_inst_retired.scalar_single:u;3142401023;100.00;;

parsed count: 2300000
exit: 0

--- round 3 ---
$ perf stat --no-big-num --no-scale -x ';' -o /users/moneytea/dev/deterministic-test/results/skx/xeon-silver-4114-step4-2/workers/cpu17/perf.tmp -e fp_arith_inst_retired.scalar_single:u -- /users/moneytea/dev/deterministic/static/binaries/retired_instr.all.x86_64

# started on Sat Sep 19 18:06:45 2026

2300000;;fp_arith_inst_retired.scalar_single:u;3139703857;100.00;;

parsed count: 2300000
exit: 0

--- round 4 ---
$ perf stat --no-big-num --no-scale -x ';' -o /users/moneytea/dev/deterministic-test/results/skx/xeon-silver-4114-step4-2/workers/cpu17/perf.tmp -e fp_arith_inst_retired.scalar_single:u -- /users/moneytea/dev/deterministic/static/binaries/retired_instr.all.x86_64

# started on Sat Sep 19 18:06:48 2026

2300000;;fp_arith_inst_retired.scalar_single:u;3125456705;100.00;;

parsed count: 2300000
exit: 0

--- round 5 ---
$ perf stat --no-big-num --no-scale -x ';' -o /users/moneytea/dev/deterministic-test/results/skx/xeon-silver-4114-step4-2/workers/cpu17/perf.tmp -e fp_arith_inst_retired.scalar_single:u -- /users/moneytea/dev/deterministic/static/binaries/retired_instr.all.x86_64

# started on Sat Sep 19 18:06:51 2026

2300000;;fp_arith_inst_retired.scalar_single:u;3130926635;100.00;;

parsed count: 2300000
exit: 0

result: Potentially deterministic
rounds attempted: 5

