event: mem_load_l3_miss_retired.remote_dram:u
cpu: 10
round limit: 5

--- round 1 ---
$ perf stat --no-big-num --no-scale -x ';' -o /users/moneytea/dev/deterministic-test/results/skx/xeon-silver-4114-step4/workers/cpu10/perf.tmp -e mem_load_l3_miss_retired.remote_dram:u -- /users/moneytea/dev/deterministic/static/binaries/retired_instr.all.x86_64

# started on Sat Sep 19 18:01:21 2026

0;;mem_load_l3_miss_retired.remote_dram:u;3142125420;100.00;;

parsed count: 0
exit: 0

--- round 2 ---
$ perf stat --no-big-num --no-scale -x ';' -o /users/moneytea/dev/deterministic-test/results/skx/xeon-silver-4114-step4/workers/cpu10/perf.tmp -e mem_load_l3_miss_retired.remote_dram:u -- /users/moneytea/dev/deterministic/static/binaries/retired_instr.all.x86_64

# started on Sat Sep 19 18:01:25 2026

0;;mem_load_l3_miss_retired.remote_dram:u;3128439198;100.00;;

parsed count: 0
exit: 0

--- round 3 ---
$ perf stat --no-big-num --no-scale -x ';' -o /users/moneytea/dev/deterministic-test/results/skx/xeon-silver-4114-step4/workers/cpu10/perf.tmp -e mem_load_l3_miss_retired.remote_dram:u -- /users/moneytea/dev/deterministic/static/binaries/retired_instr.all.x86_64

# started on Sat Sep 19 18:01:28 2026

0;;mem_load_l3_miss_retired.remote_dram:u;3131172181;100.00;;

parsed count: 0
exit: 0

--- round 4 ---
$ perf stat --no-big-num --no-scale -x ';' -o /users/moneytea/dev/deterministic-test/results/skx/xeon-silver-4114-step4/workers/cpu10/perf.tmp -e mem_load_l3_miss_retired.remote_dram:u -- /users/moneytea/dev/deterministic/static/binaries/retired_instr.all.x86_64

# started on Sat Sep 19 18:01:31 2026

0;;mem_load_l3_miss_retired.remote_dram:u;3136680158;100.00;;

parsed count: 0
exit: 0

--- round 5 ---
$ perf stat --no-big-num --no-scale -x ';' -o /users/moneytea/dev/deterministic-test/results/skx/xeon-silver-4114-step4/workers/cpu10/perf.tmp -e mem_load_l3_miss_retired.remote_dram:u -- /users/moneytea/dev/deterministic/static/binaries/retired_instr.all.x86_64

# started on Sat Sep 19 18:01:34 2026

0;;mem_load_l3_miss_retired.remote_dram:u;3137584951;100.00;;

parsed count: 0
exit: 0

result: Zero-only
rounds attempted: 5
all rounds returned zero; inconclusive
