event: br_inst_retired.cond:u
cpu: 0
round limit: 100
overflow threshold: 104241

--- round 1 ---
count at stop: 104254
skid: 13
instruction pointer: 0x40121c

--- round 2 ---
count at stop: 104254
skid: 13
instruction pointer: 0x40121c

--- round 3 ---
count at stop: 104287
skid: 46
instruction pointer: 0x40127f

--- round 4 ---
count at stop: 104283
skid: 42
instruction pointer: 0x401273

--- round 5 ---
count at stop: 104284
skid: 43
instruction pointer: 0x401276

--- round 6 ---
count at stop: 104287
skid: 46
instruction pointer: 0x40127f

--- round 7 ---
count at stop: 104287
skid: 46
instruction pointer: 0x40127f

--- round 8 ---
count at stop: 104284
skid: 43
instruction pointer: 0x401276

--- round 9 ---
count at stop: 104284
skid: 43
instruction pointer: 0x401276

--- round 10 ---
count at stop: 104287
skid: 46
instruction pointer: 0x40127f

--- round 11 ---
count at stop: 104287
skid: 46
instruction pointer: 0x40127f

--- round 12 ---
count at stop: 104290
skid: 49
instruction pointer: 0x401288

--- round 13 ---
count at stop: 104290
skid: 49
instruction pointer: 0x401288

--- round 14 ---
count at stop: 104284
skid: 43
instruction pointer: 0x401276

--- round 15 ---
count at stop: 104284
skid: 43
instruction pointer: 0x401276

--- round 16 ---
count at stop: 104283
skid: 42
instruction pointer: 0x401273

--- round 17 ---
count at stop: 104287
skid: 46
instruction pointer: 0x40127f

--- round 18 ---
count at stop: 104284
skid: 43
instruction pointer: 0x401276

--- round 19 ---
count at stop: 104284
skid: 43
instruction pointer: 0x401276

--- round 20 ---
count at stop: 104284
skid: 43
instruction pointer: 0x401276

--- round 21 ---
count at stop: 104287
skid: 46
instruction pointer: 0x40127f

--- round 22 ---
count at stop: 104287
skid: 46
instruction pointer: 0x40127f

--- round 23 ---
count at stop: 104287
skid: 46
instruction pointer: 0x40127f

--- round 24 ---
count at stop: 104284
skid: 43
instruction pointer: 0x401276

--- round 25 ---
count at stop: 104287
skid: 46
instruction pointer: 0x40127f

--- round 26 ---
count at stop: 104287
skid: 46
instruction pointer: 0x40127f

--- round 27 ---
count at stop: 104289
skid: 48
instruction pointer: 0x401285

--- round 28 ---
count at stop: 104289
skid: 48
instruction pointer: 0x401285

--- round 29 ---
count at stop: 104284
skid: 43
instruction pointer: 0x401276

--- round 30 ---
count at stop: 104287
skid: 46
instruction pointer: 0x40127f

--- round 31 ---
count at stop: 104287
skid: 46
instruction pointer: 0x40127f

--- round 32 ---
count at stop: 104287
skid: 46
instruction pointer: 0x40127f

--- round 33 ---
count at stop: 104287
skid: 46
instruction pointer: 0x40127f

--- round 34 ---
count at stop: 104287
skid: 46
instruction pointer: 0x40127f

--- round 35 ---
count at stop: 104287
skid: 46
instruction pointer: 0x40127f

--- round 36 ---
count at stop: 104288
skid: 47
instruction pointer: 0x401282

--- round 37 ---
count at stop: 104283
skid: 42
instruction pointer: 0x401273

--- round 38 ---
count at stop: 104283
skid: 42
instruction pointer: 0x401273

--- round 39 ---
count at stop: 104266
skid: 25
instruction pointer: 0x401240

--- round 40 ---
count at stop: 104266
skid: 25
instruction pointer: 0x401240

--- round 41 ---
count at stop: 104294
skid: 53
instruction pointer: 0x401294

--- round 42 ---
count at stop: 104287
skid: 46
instruction pointer: 0x40127f

--- round 43 ---
count at stop: 104283
skid: 42
instruction pointer: 0x401273

--- round 44 ---
count at stop: 104283
skid: 42
instruction pointer: 0x401273

--- round 45 ---
count at stop: 104283
skid: 42
instruction pointer: 0x401273

--- round 46 ---
count at stop: 104284
skid: 43
instruction pointer: 0x401276

--- round 47 ---
count at stop: 104284
skid: 43
instruction pointer: 0x401276

--- round 48 ---
count at stop: 104284
skid: 43
instruction pointer: 0x401276

--- round 49 ---
count at stop: 104284
skid: 43
instruction pointer: 0x401276

--- round 50 ---
count at stop: 104283
skid: 42
instruction pointer: 0x401273

--- round 51 ---
count at stop: 104288
skid: 47
instruction pointer: 0x401282

--- round 52 ---
count at stop: 104287
skid: 46
instruction pointer: 0x40127f

--- round 53 ---
count at stop: 104284
skid: 43
instruction pointer: 0x401276

--- round 54 ---
count at stop: 104287
skid: 46
instruction pointer: 0x40127f

--- round 55 ---
count at stop: 104289
skid: 48
instruction pointer: 0x401285

--- round 56 ---
count at stop: 104283
skid: 42
instruction pointer: 0x401273

--- round 57 ---
count at stop: 104284
skid: 43
instruction pointer: 0x401276

--- round 58 ---
count at stop: 104288
skid: 47
instruction pointer: 0x401282

--- round 59 ---
count at stop: 104288
skid: 47
instruction pointer: 0x401282

--- round 60 ---
count at stop: 104284
skid: 43
instruction pointer: 0x401276

--- round 61 ---
count at stop: 104284
skid: 43
instruction pointer: 0x401276

--- round 62 ---
count at stop: 104288
skid: 47
instruction pointer: 0x401282

--- round 63 ---
count at stop: 104283
skid: 42
instruction pointer: 0x401273

--- round 64 ---
count at stop: 104283
skid: 42
instruction pointer: 0x401273

--- round 65 ---
count at stop: 104283
skid: 42
instruction pointer: 0x401273

--- round 66 ---
count at stop: 104288
skid: 47
instruction pointer: 0x401282

--- round 67 ---
count at stop: 104287
skid: 46
instruction pointer: 0x40127f

--- round 68 ---
count at stop: 104287
skid: 46
instruction pointer: 0x40127f

--- round 69 ---
count at stop: 104289
skid: 48
instruction pointer: 0x401285

--- round 70 ---
count at stop: 104284
skid: 43
instruction pointer: 0x401276

--- round 71 ---
count at stop: 104284
skid: 43
instruction pointer: 0x401276

--- round 72 ---
count at stop: 104287
skid: 46
instruction pointer: 0x40127f

--- round 73 ---
count at stop: 104287
skid: 46
instruction pointer: 0x40127f

--- round 74 ---
count at stop: 104287
skid: 46
instruction pointer: 0x40127f

--- round 75 ---
count at stop: 104284
skid: 43
instruction pointer: 0x401276

--- round 76 ---
count at stop: 104287
skid: 46
instruction pointer: 0x40127f

--- round 77 ---
count at stop: 104287
skid: 46
instruction pointer: 0x40127f

--- round 78 ---
count at stop: 104287
skid: 46
instruction pointer: 0x40127f

--- round 79 ---
count at stop: 104284
skid: 43
instruction pointer: 0x401276

--- round 80 ---
count at stop: 104266
skid: 25
instruction pointer: 0x401240

--- round 81 ---
count at stop: 104284
skid: 43
instruction pointer: 0x401276

--- round 82 ---
count at stop: 104254
skid: 13
instruction pointer: 0x40121c

--- round 83 ---
count at stop: 104283
skid: 42
instruction pointer: 0x401273

--- round 84 ---
count at stop: 104284
skid: 43
instruction pointer: 0x401276

--- round 85 ---
count at stop: 104287
skid: 46
instruction pointer: 0x40127f

--- round 86 ---
count at stop: 104284
skid: 43
instruction pointer: 0x401276

--- round 87 ---
count at stop: 104286
skid: 45
instruction pointer: 0x40127c

--- round 88 ---
count at stop: 104283
skid: 42
instruction pointer: 0x401273

--- round 89 ---
count at stop: 104283
skid: 42
instruction pointer: 0x401273

--- round 90 ---
count at stop: 104284
skid: 43
instruction pointer: 0x401276

--- round 91 ---
count at stop: 104283
skid: 42
instruction pointer: 0x401273

--- round 92 ---
count at stop: 104283
skid: 42
instruction pointer: 0x401273

--- round 93 ---
count at stop: 104287
skid: 46
instruction pointer: 0x40127f

--- round 94 ---
count at stop: 104288
skid: 47
instruction pointer: 0x401282

--- round 95 ---
count at stop: 104283
skid: 42
instruction pointer: 0x401273

--- round 96 ---
count at stop: 104287
skid: 46
instruction pointer: 0x40127f

--- round 97 ---
count at stop: 104287
skid: 46
instruction pointer: 0x40127f

--- round 98 ---
count at stop: 104287
skid: 46
instruction pointer: 0x40127f

--- round 99 ---
count at stop: 104287
skid: 46
instruction pointer: 0x40127f

--- round 100 ---
count at stop: 104283
skid: 42
instruction pointer: 0x401273

result: Non-deterministic
successful rounds: 100/100
