event: br_inst_retired.not_taken:u
cpu: 9
round limit: 5

--- round 1 ---
$ perf stat --no-big-num --no-scale -x ';' -o /users/moneytea/dev/deterministic-test/results/skx/xeon-silver-4114-step4/workers/cpu9/perf.tmp -e br_inst_retired.not_taken:u -- /users/moneytea/dev/deterministic/static/binaries/retired_instr.all.x86_64

# started on Sat Sep 19 18:02:19 2026

2400016;;br_inst_retired.not_taken:u;3128606261;100.00;;

parsed count: 2400016
exit: 0

--- round 2 ---
$ perf stat --no-big-num --no-scale -x ';' -o /users/moneytea/dev/deterministic-test/results/skx/xeon-silver-4114-step4/workers/cpu9/perf.tmp -e br_inst_retired.not_taken:u -- /users/moneytea/dev/deterministic/static/binaries/retired_instr.all.x86_64

# started on Sat Sep 19 18:02:22 2026

2400016;;br_inst_retired.not_taken:u;3128134722;100.00;;

parsed count: 2400016
exit: 0

--- round 3 ---
$ perf stat --no-big-num --no-scale -x ';' -o /users/moneytea/dev/deterministic-test/results/skx/xeon-silver-4114-step4/workers/cpu9/perf.tmp -e br_inst_retired.not_taken:u -- /users/moneytea/dev/deterministic/static/binaries/retired_instr.all.x86_64

# started on Sat Sep 19 18:02:25 2026

2400016;;br_inst_retired.not_taken:u;3128205865;100.00;;

parsed count: 2400016
exit: 0

--- round 4 ---
$ perf stat --no-big-num --no-scale -x ';' -o /users/moneytea/dev/deterministic-test/results/skx/xeon-silver-4114-step4/workers/cpu9/perf.tmp -e br_inst_retired.not_taken:u -- /users/moneytea/dev/deterministic/static/binaries/retired_instr.all.x86_64

# started on Sat Sep 19 18:02:28 2026

2400016;;br_inst_retired.not_taken:u;3130016878;100.00;;

parsed count: 2400016
exit: 0

--- round 5 ---
$ perf stat --no-big-num --no-scale -x ';' -o /users/moneytea/dev/deterministic-test/results/skx/xeon-silver-4114-step4/workers/cpu9/perf.tmp -e br_inst_retired.not_taken:u -- /users/moneytea/dev/deterministic/static/binaries/retired_instr.all.x86_64

# started on Sat Sep 19 18:02:32 2026

2400016;;br_inst_retired.not_taken:u;3129621432;100.00;;

parsed count: 2400016
exit: 0

result: Potentially deterministic
rounds attempted: 5

