event: mem-stores:u
cpu: 14
round limit: 5

--- round 1 ---
$ perf stat --no-big-num --no-scale -x ';' -o /users/moneytea/dev/deterministic-test/results/skx/xeon-silver-4114-step4-2/workers/cpu14/perf.tmp -e mem-stores:u -- /users/moneytea/dev/deterministic/static/binaries/retired_instr.all.x86_64

# started on Sat Sep 19 18:06:03 2026

24160000;;mem-stores:u;3130886918;100.00;;

parsed count: 24160000
exit: 0

--- round 2 ---
$ perf stat --no-big-num --no-scale -x ';' -o /users/moneytea/dev/deterministic-test/results/skx/xeon-silver-4114-step4-2/workers/cpu14/perf.tmp -e mem-stores:u -- /users/moneytea/dev/deterministic/static/binaries/retired_instr.all.x86_64

# started on Sat Sep 19 18:06:06 2026

24160000;;mem-stores:u;3131949411;100.00;;

parsed count: 24160000
exit: 0

--- round 3 ---
$ perf stat --no-big-num --no-scale -x ';' -o /users/moneytea/dev/deterministic-test/results/skx/xeon-silver-4114-step4-2/workers/cpu14/perf.tmp -e mem-stores:u -- /users/moneytea/dev/deterministic/static/binaries/retired_instr.all.x86_64

# started on Sat Sep 19 18:06:09 2026

24160000;;mem-stores:u;3132475662;100.00;;

parsed count: 24160000
exit: 0

--- round 4 ---
$ perf stat --no-big-num --no-scale -x ';' -o /users/moneytea/dev/deterministic-test/results/skx/xeon-silver-4114-step4-2/workers/cpu14/perf.tmp -e mem-stores:u -- /users/moneytea/dev/deterministic/static/binaries/retired_instr.all.x86_64

# started on Sat Sep 19 18:06:13 2026

24160000;;mem-stores:u;3138729820;100.00;;

parsed count: 24160000
exit: 0

--- round 5 ---
$ perf stat --no-big-num --no-scale -x ';' -o /users/moneytea/dev/deterministic-test/results/skx/xeon-silver-4114-step4-2/workers/cpu14/perf.tmp -e mem-stores:u -- /users/moneytea/dev/deterministic/static/binaries/retired_instr.all.x86_64

# started on Sat Sep 19 18:06:16 2026

24160000;;mem-stores:u;3132039311;100.00;;

parsed count: 24160000
exit: 0

result: Potentially deterministic
rounds attempted: 5

