event: fp_arith_inst_retired.scalar_double:u
cpu: 16
round limit: 5

--- round 1 ---
$ perf stat --no-big-num --no-scale -x ';' -o /users/moneytea/dev/deterministic-test/results/skx/xeon-silver-4114-step4/workers/cpu16/perf.tmp -e fp_arith_inst_retired.scalar_double:u -- /users/moneytea/dev/deterministic/static/binaries/retired_instr.all.x86_64

# started on Sat Sep 19 18:01:18 2026

1900000;;fp_arith_inst_retired.scalar_double:u;3121160024;100.00;;

parsed count: 1900000
exit: 0

--- round 2 ---
$ perf stat --no-big-num --no-scale -x ';' -o /users/moneytea/dev/deterministic-test/results/skx/xeon-silver-4114-step4/workers/cpu16/perf.tmp -e fp_arith_inst_retired.scalar_double:u -- /users/moneytea/dev/deterministic/static/binaries/retired_instr.all.x86_64

# started on Sat Sep 19 18:01:21 2026

1900000;;fp_arith_inst_retired.scalar_double:u;3145457988;100.00;;

parsed count: 1900000
exit: 0

--- round 3 ---
$ perf stat --no-big-num --no-scale -x ';' -o /users/moneytea/dev/deterministic-test/results/skx/xeon-silver-4114-step4/workers/cpu16/perf.tmp -e fp_arith_inst_retired.scalar_double:u -- /users/moneytea/dev/deterministic/static/binaries/retired_instr.all.x86_64

# started on Sat Sep 19 18:01:25 2026

1900000;;fp_arith_inst_retired.scalar_double:u;3123142150;100.00;;

parsed count: 1900000
exit: 0

--- round 4 ---
$ perf stat --no-big-num --no-scale -x ';' -o /users/moneytea/dev/deterministic-test/results/skx/xeon-silver-4114-step4/workers/cpu16/perf.tmp -e fp_arith_inst_retired.scalar_double:u -- /users/moneytea/dev/deterministic/static/binaries/retired_instr.all.x86_64

# started on Sat Sep 19 18:01:28 2026

1900000;;fp_arith_inst_retired.scalar_double:u;3140999459;100.00;;

parsed count: 1900000
exit: 0

--- round 5 ---
$ perf stat --no-big-num --no-scale -x ';' -o /users/moneytea/dev/deterministic-test/results/skx/xeon-silver-4114-step4/workers/cpu16/perf.tmp -e fp_arith_inst_retired.scalar_double:u -- /users/moneytea/dev/deterministic/static/binaries/retired_instr.all.x86_64

# started on Sat Sep 19 18:01:31 2026

1900000;;fp_arith_inst_retired.scalar_double:u;3114356427;100.00;;

parsed count: 1900000
exit: 0

result: Potentially deterministic
rounds attempted: 5

