event: fp_arith_inst_retired.4_flops:u
cpu: 9
round limit: 10

--- round 1 ---
parsed count: 2900000
exit: 0

--- round 2 ---
parsed count: 2900000
exit: 0

--- round 3 ---
parsed count: 2900000
exit: 0

--- round 4 ---
parsed count: 2900000
exit: 0

--- round 5 ---
parsed count: 2900000
exit: 0

--- round 6 ---
parsed count: 2900000
exit: 0

--- round 7 ---
parsed count: 2900000
exit: 0

--- round 8 ---
parsed count: 2900000
exit: 0

--- round 9 ---
parsed count: 2900000
exit: 0

--- round 10 ---
parsed count: 2900000
exit: 0

result: Potentially deterministic
rounds attempted: 10

