event: br_inst_retired.cond_taken:u
cpu: 3
round limit: 20

--- preliminary count ---
count: 5819984
overflow threshold: 1000000

--- round 1 ---
count at stop: 1000005
skid: 5
instruction pointer: 0x400b6c

--- round 2 ---
count at stop: 1000005
skid: 5
instruction pointer: 0x400b6c

--- round 3 ---
count at stop: 1000005
skid: 5
instruction pointer: 0x400b6c

--- round 4 ---
count at stop: 1000005
skid: 5
instruction pointer: 0x400b6c

--- round 5 ---
count at stop: 1000005
skid: 5
instruction pointer: 0x400b6c

--- round 6 ---
count at stop: 1000005
skid: 5
instruction pointer: 0x400b6c

--- round 7 ---
count at stop: 1000005
skid: 5
instruction pointer: 0x400b6c

--- round 8 ---
count at stop: 1000005
skid: 5
instruction pointer: 0x400b6c

--- round 9 ---
count at stop: 1000005
skid: 5
instruction pointer: 0x400b6c

--- round 10 ---
count at stop: 1000005
skid: 5
instruction pointer: 0x400b6c

--- round 11 ---
count at stop: 1000005
skid: 5
instruction pointer: 0x400b6c

--- round 12 ---
count at stop: 1000005
skid: 5
instruction pointer: 0x400b6c

--- round 13 ---
count at stop: 1000005
skid: 5
instruction pointer: 0x400b6c

--- round 14 ---
count at stop: 1000005
skid: 5
instruction pointer: 0x400b6c

--- round 15 ---
count at stop: 1000005
skid: 5
instruction pointer: 0x400b6c

--- round 16 ---
count at stop: 1000005
skid: 5
instruction pointer: 0x400b6c

--- round 17 ---
count at stop: 1000005
skid: 5
instruction pointer: 0x400b6c

--- round 18 ---
count at stop: 1000005
skid: 5
instruction pointer: 0x400b6c

--- round 19 ---
count at stop: 1000005
skid: 5
instruction pointer: 0x400b6c

--- round 20 ---
count at stop: 1000005
skid: 5
instruction pointer: 0x400b6c

result: Potentially deterministic
successful rounds: 20/20
